******************************************************************************
                  TI ARM Linker PC v20.2.0                     
******************************************************************************
>> Linked Thu Aug 20 19:36:12 2020

OUTPUT FILE NAME:   <adc_window_monitor_launchpad_tirtos.out>
ENTRY POINT SYMBOL: "ResetISR"  address: 000022f1


MEMORY CONFIGURATION

         name            origin    length      used     unused   attr    fill
----------------------  --------  ---------  --------  --------  ----  --------
  FLASH                 00000000   00058000  00004080  00053f80  R  X
  GPRAM                 11000000   00002000  00000000  00002000  RW X
  SRAM                  20000000   00014000  000023e7  00011c19  RW X


SEGMENT ALLOCATION MAP

run origin  load origin   length   init length attrs members
----------  ----------- ---------- ----------- ----- -------
00000000    00000000    00004028   00004028    r-x
  00000000    00000000    0000003c   0000003c    r-- .resetVecs
  0000003c    0000003c    0000357c   0000357c    r-x .text
  000035b8    000035b8    000007f0   000007f0    r-- .const
  00003da8    00003da8    00000280   00000280    r-- .cinit
00057fa8    00057fa8    00000058   00000058    r--
  00057fa8    00057fa8    00000058   00000058    r-- .ccfg
20000100    20000100    0000000c   00000000    rw-
  20000100    20000100    00000004   00000000    rw- .data:xdcRomConstPtr
  20000104    20000104    00000004   00000000    rw- .data:xdcRomExternFuncPtr
  20000108    20000108    00000004   00000000    rw- .data:xdcRomStatePtr
20000110    20000110    00001000   00000000    r--
  20000110    20000110    00001000   00000000    r-- .priheap
20001110    20001110    00000576   00000000    rw-
  20001110    20001110    00000576   00000000    rw- .data
20001830    20001830    00000010   00000000    rw-
  20001830    20001830    00000010   00000000    rw- .TI.bound:dmaSpi0RxControlTableEntry
20001840    20001840    00000010   00000000    rw-
  20001840    20001840    00000010   00000000    rw- .TI.bound:dmaSpi0TxControlTableEntry
20001870    20001870    00000010   00000000    rw-
  20001870    20001870    00000010   00000000    rw- .TI.bound:dmaADCPriControlTableEntry
20001900    20001900    00000010   00000000    rw-
  20001900    20001900    00000010   00000000    rw- .TI.bound:dmaSpi1RxControlTableEntry
20001910    20001910    00000010   00000000    rw-
  20001910    20001910    00000010   00000000    rw- .TI.bound:dmaSpi1TxControlTableEntry
20001a30    20001a30    00000010   00000000    rw-
  20001a30    20001a30    00000010   00000000    rw- .TI.bound:dmaSpi0RxAltControlTableEntry
20001a40    20001a40    00000010   00000000    rw-
  20001a40    20001a40    00000010   00000000    rw- .TI.bound:dmaSpi0TxAltControlTableEntry
20001a70    20001a70    00000010   00000000    rw-
  20001a70    20001a70    00000010   00000000    rw- .TI.bound:dmaADCAltControlTableEntry
20001b00    20001b00    00000010   00000000    rw-
  20001b00    20001b00    00000010   00000000    rw- .TI.bound:dmaSpi1RxAltControlTableEntry
20001b10    20001b10    000008fd   00000000    rw-
  20001b10    20001b10    00000010   00000000    rw- .TI.bound:dmaSpi1TxAltControlTableEntry
  20001b20    20001b20    000008ed   00000000    rw- .bss
20013c00    20013c00    00000400   00000000    rw-
  20013c00    20013c00    00000400   00000000    rw- .stack


SECTION ALLOCATION MAP

 output                                  attributes/
section   page    origin      length       input sections
--------  ----  ----------  ----------   ----------------
.binit     0    00000000    00000000     

.cinit     0    00003da8    00000280     
                  00003da8    00000187     (.cinit..data.load) [load image, compression = lzss]
                  00003f2f    00000001     --HOLE-- [fill = 0]
                  00003f30    0000000c     (__TI_handler_table)
                  00003f3c    00000004     --HOLE-- [fill = 0]
                  00003f40    00000008     (.cinit..TI.bound:dmaADCAltControlTableEntry.load) [load image, compression = zero_init]
                  00003f48    00000008     (.cinit..TI.bound:dmaADCPriControlTableEntry.load) [load image, compression = zero_init]
                  00003f50    00000008     (.cinit..TI.bound:dmaSpi0RxAltControlTableEntry.load) [load image, compression = zero_init]
                  00003f58    00000008     (.cinit..TI.bound:dmaSpi0RxControlTableEntry.load) [load image, compression = zero_init]
                  00003f60    00000008     (.cinit..TI.bound:dmaSpi0TxAltControlTableEntry.load) [load image, compression = zero_init]
                  00003f68    00000008     (.cinit..TI.bound:dmaSpi0TxControlTableEntry.load) [load image, compression = zero_init]
                  00003f70    00000008     (.cinit..TI.bound:dmaSpi1RxAltControlTableEntry.load) [load image, compression = zero_init]
                  00003f78    00000008     (.cinit..TI.bound:dmaSpi1RxControlTableEntry.load) [load image, compression = zero_init]
                  00003f80    00000008     (.cinit..TI.bound:dmaSpi1TxAltControlTableEntry.load) [load image, compression = zero_init]
                  00003f88    00000008     (.cinit..TI.bound:dmaSpi1TxControlTableEntry.load) [load image, compression = zero_init]
                  00003f90    00000008     (.cinit..bss.load) [load image, compression = zero_init]
                  00003f98    00000008     (.cinit..data:xdcRomConstPtr.load) [load image, compression = lzss]
                  00003fa0    00000008     (.cinit..data:xdcRomExternFuncPtr.load) [load image, compression = lzss]
                  00003fa8    00000008     (.cinit..data:xdcRomStatePtr.load) [load image, compression = lzss]
                  00003fb0    00000078     (__TI_cinit_table)

.init_array 
*          0    00000000    00000000     UNINITIALIZED

.ccfg      0    00057fa8    00000058     
                  00057fa8    00000058     ccfg.obj (.ccfg:retain)

.data      0    20001110    00000576     UNINITIALIZED
                  20001110    00000134     drivers_cc13x2.aem4f : PowerCC26X2.oem4f (.data:PowerCC26X2_module)
                  20001244    0000010c     rom_pem4f.oem4f (.data:ROM_stateStruct)
                  20001350    00000088     rom_sysbios.aem4f : rom_sysbios.obj (.data:$O1$$)
                  200013d8    00000054     rom_pem4f.oem4f (.data:ti_sysbios_gates_GateMutex_Object__table__V)
                  2000142c    0000004c     rom_pem4f.oem4f (.data:ti_sysbios_knl_Task_Object__table__V)
                  20001478    00000048     rom_pem4f.oem4f (.data:ti_sysbios_family_arm_cc26xx_Timer_Object__table__V)
                  200014c0    00000030     rom_pem4f.oem4f (.data:ti_sysbios_knl_Swi_Module_State_0_readyQ__A)
                  200014f0    00000030     rom_pem4f.oem4f (.data:ti_sysbios_knl_Swi_Object__table__V)
                  20001520    00000030     rom_pem4f.oem4f (.data:ti_sysbios_knl_Task_Module_State_0_readyQ__A)
                  20001550    00000024     driverlib.lib : osc.obj (.data:$O1$$)
                  20001574    00000020     rom_pem4f.oem4f (.data:ti_sysbios_knl_Clock_Object__table__V)
                  20001594    00000020     rom_pem4f.oem4f (.data:xdc_runtime_Error_IgnoreBlock)
                  200015b4    00000018     rom_pem4f.oem4f (.data:ti_sysbios_family_arm_m3_Hwi_Object__table__V)
                  200015cc    00000018     rom_pem4f.oem4f (.data:ti_sysbios_heaps_HeapMem_Object__table__V)
                  200015e4    0000000c     main_tirtos.obj (.data:pLedPinTable)
                  200015f0    0000000c     scif_framework.obj (.data)
                  200015fc    00000008     rtsv7M4_T_le_v4SPD16_eabi.lib : _lock.c.obj (.data:$O1$$)
                  20001604    00000008     drivers_cc13x2.aem4f : PINCC26XX.oem4f (.data)
                  2000160c    00000008     rom_pem4f.oem4f (.data:ti_sysbios_family_arm_m3_Hwi_Module__root__V)
                  20001614    00000008     rom_pem4f.oem4f (.data:ti_sysbios_gates_GateHwi_Module__root__V)
                  2000161c    00000008     rom_pem4f.oem4f (.data:ti_sysbios_gates_GateMutex_Module__root__V)
                  20001624    00000008     rom_pem4f.oem4f (.data:ti_sysbios_hal_Hwi_Module__root__V)
                  2000162c    00000008     rom_pem4f.oem4f (.data:ti_sysbios_heaps_HeapMem_Module__root__V)
                  20001634    00000008     rom_pem4f.oem4f (.data:ti_sysbios_knl_Clock_Module__root__V)
                  2000163c    00000008     rom_pem4f.oem4f (.data:ti_sysbios_knl_Event_Module__root__V)
                  20001644    00000008     rom_pem4f.oem4f (.data:ti_sysbios_knl_Mailbox_Module__root__V)
                  2000164c    00000008     rom_pem4f.oem4f (.data:ti_sysbios_knl_Queue_Module__root__V)
                  20001654    00000008     rom_pem4f.oem4f (.data:ti_sysbios_knl_Semaphore_Module__root__V)
                  2000165c    00000008     rom_pem4f.oem4f (.data:ti_sysbios_knl_Swi_Module__root__V)
                  20001664    00000008     rom_pem4f.oem4f (.data:ti_sysbios_knl_Task_Module__root__V)
                  2000166c    00000008     rom_pem4f.oem4f (.data:xdc_runtime_System_Module_State_0_atexitHandlers__A)
                  20001674    00000004     rtsv7M4_T_le_v4SPD16_eabi.lib : stkdepth_vars.c.obj (.data)
                  20001678    00000004     rom_pem4f.oem4f (.data:ti_sysbios_family_arm_m3_Hwi_Module_State_0_excContext__A)
                  2000167c    00000004     rom_pem4f.oem4f (.data:ti_sysbios_family_arm_m3_Hwi_Module_State_0_excStack__A)
                  20001680    00000004     rom_pem4f.oem4f (.data:ti_sysbios_knl_Task_Module_State_0_idleTask__A)
                  20001684    00000002     rom_pem4f.oem4f (.data:ti_sysbios_family_arm_m3_Hwi_Module_State_0_excActive__A)

.bss       0    20001b20    000008ed     UNINITIALIZED
                  20001b20    00000400     (.common:myTaskStack)
                  20001f20    00000200     rom_pem4f.oem4f (.bss:taskStackSection)
                  20002120    000000d8     (.common:ti_sysbios_family_arm_m3_Hwi_dispatchTable)
                  200021f8    0000007c     (.common:pinHandleTable)
                  20002274    00000050     (.common:myTask)
                  200022c4    00000034     drivers_cc13x2.aem4f : PINCC26XX.oem4f (.bss:pinSwi)
                  200022f8    00000034     scif_framework.obj (.bss:scifData)
                  2000232c    00000020     drivers_cc13x2.aem4f : PINCC26XX.oem4f (.bss:pinGpioConfigTable)
                  2000234c    0000001c     scif_framework.obj (.bss:hwiCtrlReady)
                  20002368    0000001c     scif_framework.obj (.bss:hwiTaskAlert)
                  20002384    0000001c     drivers_cc13x2.aem4f : PINCC26XX.oem4f (.bss:pinHwi)
                  200023a0    0000001c                          : PINCC26XX.oem4f (.bss:pinSemaphore)
                  200023bc    0000001c     scif_framework.obj (.bss:semCtrlReady)
                  200023d8    0000001c     main_tirtos.obj (.bss:semScTaskAlert)
                  200023f4    0000000c     (.common:ledPinState)
                  20002400    00000004     drivers_cc13x2.aem4f : PINCC26XX.oem4f (.bss)
                  20002404    00000004     (.common:PowerCC26XX_swiKey)
                  20002408    00000004     (.common:PowerCC26XX_taskKey)
                  2000240c    00000001     (.common:driverlib_release_0_57398)

.stack     0    20013c00    00000400     UNINITIALIZED
                  20013c00    00000400     --HOLE--

.priheap   0    20000110    00001000     UNINITIALIZED
                  20000110    00001000     --HOLE--

.data:xdcRomConstPtr 
*          0    20000100    00000004     UNINITIALIZED
                  20000100    00000004     rom_pem4f.oem4f (.data:xdcRomConstPtr)

.data:xdcRomExternFuncPtr 
*          0    20000104    00000004     UNINITIALIZED
                  20000104    00000004     rom_pem4f.oem4f (.data:xdcRomExternFuncPtr)

.data:xdcRomStatePtr 
*          0    20000108    00000004     UNINITIALIZED
                  20000108    00000004     rom_pem4f.oem4f (.data:xdcRomStatePtr)

.bootVecs 
*          0    00000000    00000008     DSECT
                  00000000    00000008     boot.aem4f : boot.oem4f (.bootVecs)

.resetVecs 
*          0    00000000    0000003c     
                  00000000    0000003c     rom_pem4f.oem4f (.resetVecs)

.vecs      0    20000000    000000d8     NOLOAD SECTION
                  20000000    000000d8     rom_pem4f.oem4f (.vecs)

xdc.meta   0    00000000    00000106     COPY SECTION
                  00000000    00000106     rom_pem4f.oem4f (xdc.meta)

xdc.noload 
*          0    00000000    00000000     COPY SECTION

__llvm_prf_cnts 
*          0    20000000    00000000     UNINITIALIZED

.TI.bound:dmaSpi0RxControlTableEntry 
*          0    20001830    00000010     UNINITIALIZED
                  20001830    00000010     drivers_cc13x2.aem4f : SPICC26X2DMA.oem4f (.TI.bound:dmaSpi0RxControlTableEntry)

.TI.bound:dmaSpi0TxControlTableEntry 
*          0    20001840    00000010     UNINITIALIZED
                  20001840    00000010     drivers_cc13x2.aem4f : SPICC26X2DMA.oem4f (.TI.bound:dmaSpi0TxControlTableEntry)

.TI.bound:dmaADCPriControlTableEntry 
*          0    20001870    00000010     UNINITIALIZED
                  20001870    00000010     drivers_cc13x2.aem4f : ADCBufCC26X2.oem4f (.TI.bound:dmaADCPriControlTableEntry)

.TI.bound:dmaSpi1RxControlTableEntry 
*          0    20001900    00000010     UNINITIALIZED
                  20001900    00000010     drivers_cc13x2.aem4f : SPICC26X2DMA.oem4f (.TI.bound:dmaSpi1RxControlTableEntry)

.TI.bound:dmaSpi1TxControlTableEntry 
*          0    20001910    00000010     UNINITIALIZED
                  20001910    00000010     drivers_cc13x2.aem4f : SPICC26X2DMA.oem4f (.TI.bound:dmaSpi1TxControlTableEntry)

.TI.bound:dmaSpi0RxAltControlTableEntry 
*          0    20001a30    00000010     UNINITIALIZED
                  20001a30    00000010     drivers_cc13x2.aem4f : SPICC26X2DMA.oem4f (.TI.bound:dmaSpi0RxAltControlTableEntry)

.TI.bound:dmaSpi0TxAltControlTableEntry 
*          0    20001a40    00000010     UNINITIALIZED
                  20001a40    00000010     drivers_cc13x2.aem4f : SPICC26X2DMA.oem4f (.TI.bound:dmaSpi0TxAltControlTableEntry)

.TI.bound:dmaADCAltControlTableEntry 
*          0    20001a70    00000010     UNINITIALIZED
                  20001a70    00000010     drivers_cc13x2.aem4f : ADCBufCC26X2.oem4f (.TI.bound:dmaADCAltControlTableEntry)

.TI.bound:dmaSpi1RxAltControlTableEntry 
*          0    20001b00    00000010     UNINITIALIZED
                  20001b00    00000010     drivers_cc13x2.aem4f : SPICC26X2DMA.oem4f (.TI.bound:dmaSpi1RxAltControlTableEntry)

.TI.bound:dmaSpi1TxAltControlTableEntry 
*          0    20001b10    00000010     UNINITIALIZED
                  20001b10    00000010     drivers_cc13x2.aem4f : SPICC26X2DMA.oem4f (.TI.bound:dmaSpi1TxAltControlTableEntry)

.text      0    0000003c    0000357c     
                  0000003c    000001c4     drivers_cc13x2.aem4f : PINCC26XX.oem4f (.text:PIN_init)
                  00000200    000001b6     rtsv7M4_T_le_v4SPD16_eabi.lib : fd_add_t2.asm.obj (.text)
                  000003b6    00000002                                   : _lock.c.obj (.text:_nop)
                  000003b8    00000198     drivers_cc13x2.aem4f : PowerCC26X2.oem4f (.text:Power_sleep)
                  00000550    00000194                          : PowerCC26X2.oem4f (.text:Power_init)
                  000006e4    00000190                          : PowerCC26X2_calibrateRCOSC.oem4f (.text:calibrateRcoscHf1)
                  00000874    0000018c                          : PowerCC26X2_calibrateRCOSC.oem4f (.text:runCalibrateFsm)
                  00000a00    00000188     rom_pem4f.oem4f (.text:xdc_runtime_System_printfExtend__I)
                  00000b88    00000120     drivers_cc13x2.aem4f : PowerCC26X2.oem4f (.text:configureXOSCHF)
                  00000ca8    0000011c     scif_framework.obj (.text:scifInit)
                  00000dc4    000000fc     rtsv7M4_T_le_v4SPD16_eabi.lib : fd_mul_t2.asm.obj (.text)
                  00000ec0    000000f8     driverlib.lib : sys_ctrl.obj (.text:NOROM_SysCtrlStandby)
                  00000fb8    000000f8     drivers_cc13x2.aem4f : PINCC26XX.oem4f (.text:PINCC26XX_setIoCfg)
                  000010b0    000000d4     scif_framework.obj (.text:scifCtrlTasksNbl)
                  00001184    000000c0     drivers_cc13x2.aem4f : PowerCC26X2.oem4f (.text:Power_releaseDependency)
                  00001244    000000bc     scif_framework.obj (.text:scifInitIo)
                  00001300    000000bc     main_tirtos.obj (.text:taskFxn)
                  000013bc    000000b8     drivers_cc13x2.aem4f : PowerCC26X2.oem4f (.text:Power_setDependency)
                  00001474    000000b4     dpl_cc13x2.aem4f : PowerCC26X2_tirtos.oem4f (.text:PowerCC26XX_standbyPolicy)
                  00001528    000000ac     drivers_cc13x2.aem4f : PINCC26XX.oem4f (.text:PIN_open)
                  000015d4    000000ac     driverlib.lib : setup.obj (.text:TrimAfterColdResetWakeupFromShutDown)
                  00001680    000000a0     auto_init.aem4f : auto_init.oem4f (.text)
                  00001720    0000009c     rtsv7M4_T_le_v4SPD16_eabi.lib : memcpy_t2.asm.obj (.text)
                  000017bc    0000009c     scif_framework.obj (.text:scifSetSceOpmode)
                  00001858    00000098     driverlib.lib : setup.obj (.text:NOROM_SetupTrimDevice)
                  000018f0    00000096     rtsv7M4_T_le_v4SPD16_eabi.lib : ull_div_t2.asm.obj (.text)
                  00001986    00000002     drivers_cc13x2.aem4f : PowerCC26X2.oem4f (.text:emptyClockFunc)
                  00001988    00000088     driverlib.lib : osc.obj (.text:NOROM_OSCHF_AttemptToSwitchToXosc)
                  00001a10    00000088     drivers_cc13x2.aem4f : PowerCC26X2_calibrateRCOSC.oem4f (.text:calibrateRcoscHf2)
                  00001a98    00000088                          : PowerCC26X2.oem4f (.text:disableLFClockQualifiers)
                  00001b20    00000088                          : PowerCC26X2_calibrateRCOSC.oem4f (.text:updateSubSecInc)
                  00001ba8    00000086     rtsv7M4_T_le_v4SPD16_eabi.lib : fd_cmp_t2.asm.obj (.text:__aeabi_cdcmple)
                  00001c2e    00000086                                   : fd_cmp_t2.asm.obj (.text:__aeabi_cdrcmple)
                  00001cb4    00000084     CC1352P1_LAUNCHXL_fxns.obj (.text:CC1352P1_LAUNCHXL_sendExtFlashByte)
                  00001d38    00000080     driverlib.lib : sys_ctrl.obj (.text:NOROM_SysCtrlSetRechargeBeforePowerDown)
                  00001db8    00000080     rom_sysbios.aem4f : rom_sysbios.obj (.text:ti_sysbios_family_arm_cc26xx_Timer_start__E)
                  00001e38    0000007a     rtsv7M4_T_le_v4SPD16_eabi.lib : memset_t2.asm.obj (.text)
                  00001eb2    00000002                                   : div0.asm.obj (.text)
                  00001eb4    00000074     drivers_cc13x2.aem4f : PowerCC26X2_calibrateRCOSC.oem4f (.text:PowerCC26X2_auxISR)
                  00001f28    0000006d     rom_sysbios.aem4f : rom_sysbios.obj (.text:xdc_runtime_System_formatNum__I)
                  00001f95    00000001     --HOLE-- [fill = 0]
                  00001f96    00000002     main_tirtos.obj (.text:scCtrlReadyCallback)
                  00001f98    00000068     driverlib.lib : osc.obj (.text:NOROM_OSCHF_SwitchToRcOscTurnOffXosc)
                  00002000    00000068     rtsv7M4_T_le_v4SPD16_eabi.lib : copy_decompress_lzss.c.obj (.text:decompress:lzss:__TI_decompress_lzss)
                  00002068    00000060     main_tirtos.obj (.text:main)
                  000020c8    00000060     scif_framework.obj (.text:scifReinitIo)
                  00002128    0000005c     drivers_cc13x2.aem4f : PINCC26XX.oem4f (.text:PIN_remove)
                  00002184    0000005c     scif_framework.obj (.text:scifSetMcuwusel)
                  000021e0    0000005c     rom_sysbios.aem4f : rom_sysbios.obj (.text:ti_sysbios_heaps_HeapMem_initPrimary__I)
                  0000223c    0000005c     rom_pem4f.oem4f (.text:xdc_runtime_Startup_getState__I)
                  00002298    00000058     drivers_cc13x2.aem4f : PowerCC26X2_calibrateRCOSC.oem4f (.text:PowerCC26X2_initiateCalibration)
                  000022f0    00000058     boot.aem4f : boot.oem4f (.text)
                  00002348    00000058     scif_framework.obj (.text:scifUninitIo)
                  000023a0    00000054     driverlib.lib : chipinfo.obj (.text:NOROM_ChipInfo_GetChipType)
                  000023f4    00000054                   : prcm.obj (.text:NOROM_PRCMPowerDomainsAllOff)
                  00002448    0000004c     CC1352P1_LAUNCHXL_fxns.obj (.text:CC1352P1_LAUNCHXL_wakeUpExtFlash)
                  00002494    0000004c     driverlib.lib : prcm.obj (.text:NOROM_PRCMPowerDomainsAllOn)
                  000024e0    0000004c     rtsv7M4_T_le_v4SPD16_eabi.lib : cpy_tbl.c.obj (.text:copy_in)
                  0000252c    0000004c     drivers_cc13x2.aem4f : PowerCC26X2.oem4f (.text:switchXOSCHF)
                  00002578    00000048                          : PowerCC26X2_calibrateRCOSC.oem4f (.text:PowerCC26X2_RCOSC_clockFunc)
                  000025c0    00000048     rtsv7M4_T_le_v4SPD16_eabi.lib : fd_toi_t2.asm.obj (.text)
                  00002608    00000044     driverlib.lib : chipinfo.obj (.text:NOROM_ChipInfo_GetHwRevision)
                  0000264c    00000044     drivers_cc13x2.aem4f : PINCC26XX.oem4f (.text:PIN_swi)
                  00002690    00000044     rtsv7M4_T_le_v4SPD16_eabi.lib : fd_tou_t2.asm.obj (.text)
                  000026d4    00000040     CC1352P1_LAUNCHXL_fxns.obj (.text:CC1352P1_LAUNCHXL_shutDownExtFlash)
                  00002714    00000040     dpl_cc13x2.aem4f : ClockP_tirtos.oem4f (.text:ClockP_construct)
                  00002754    00000040     driverlib.lib : osc.obj (.text:NOROM_OSC_HPOSCRelativeFrequencyOffsetGet)
                  00002794    00000040     rtsv7M4_T_le_v4SPD16_eabi.lib : u_divt2.asm.obj (.text)
                  000027d4    00000040     scif.obj (.text:scifStartRtcTicks)
                  00002814    00000040     scif.obj (.text:scifStartRtcTicksNow)
                  00002854    00000040     rom_sysbios.aem4f : rom_sysbios.obj (.text:ti_sysbios_family_arm_cc26xx_Timer_setThreshold__I)
                  00002894    0000003e     dpl_cc13x2.aem4f : HwiP_tirtos.oem4f (.text:HwiP_construct)
                  000028d2    00000002     rom_pem4f.oem4f (.text:ti_sysbios_BIOS_nullFunc__I)
                  000028d4    0000003c     drivers_cc13x2.aem4f : PINCC26XX.oem4f (.text:PIN_setOutputValue)
                  00002910    0000003c     dpl_cc13x2.aem4f : SwiP_tirtos.oem4f (.text:SwiP_construct)
                  0000294c    0000003c     rom_sysbios.aem4f : rom_sysbios.obj (.text:ti_sysbios_family_arm_m3_Hwi_construct2__E)
                  00002988    00000038     drivers_cc13x2.aem4f : PINCC26XX.oem4f (.text:PIN_setConfig)
                  000029c0    00000038                          : PowerCC26X2.oem4f (.text:notify)
                  000029f8    00000038     rtsv7M4_T_le_v4SPD16_eabi.lib : fs_tod_t2.asm.obj (.text)
                  00002a30    00000036     rom_sysbios.aem4f : rom_sysbios.obj (.text:ti_sysbios_family_arm_cc26xx_Timer_setNextTick__E)
                  00002a66    00000002                       : rom_sysbios.obj (.text:xdc_runtime_SysCallback_defaultAbort)
                  00002a68    00000034     driverlib.lib : aux_sysif.obj (.text:NOROM_AUXSYSIFOpModeChange)
                  00002a9c    00000034                   : sys_ctrl.obj (.text:NOROM_SysCtrlIdle)
                  00002ad0    00000034     scif_framework.obj (.text:scifOsalInit)
                  00002b04    00000030     drivers_cc13x2.aem4f : PowerCC26X2.oem4f (.text:Power_releaseConstraint)
                  00002b34    00000030                          : PowerCC26X2.oem4f (.text:Power_setConstraint)
                  00002b64    00000030     scif_framework.obj (.text:osalRegisterCtrlReadyInt)
                  00002b94    00000030     scif_framework.obj (.text:osalRegisterTaskAlertInt)
                  00002bc4    00000030     scif_framework.obj (.text:scifAckAlertEvents)
                  00002bf4    00000030     rom_pem4f.oem4f (.text:ti_sysbios_BIOS_atExitFunc__I)
                  00002c24    00000030     rom_pem4f.oem4f (.text:ti_sysbios_BIOS_startFunc__I)
                  00002c54    00000030     rom_sysbios.aem4f : rom_sysbios.obj (.text:ti_sysbios_family_arm_cc26xx_Timer_getCurrentTick__E)
                  00002c84    00000030                       : rom_sysbios.obj (.text:ti_sysbios_family_arm_cc26xx_Timer_initDevice__I)
                  00002cb4    0000002e     rtsv7M4_T_le_v4SPD16_eabi.lib : i_tofd_t2.asm.obj (.text)
                  00002ce2    0000002c     dpl_cc13x2.aem4f : SemaphoreP_tirtos.oem4f (.text:SemaphoreP_constructBinary)
                  00002d0e    00000002     rom_sysbios.aem4f : rom_sysbios.obj (.text:xdc_runtime_SysCallback_defaultExit)
                  00002d10    0000002c                       : rom_sysbios.obj (.text:_pthread_delete$45)
                  00002d3c    0000002c     scif_framework.obj (.text:osalIndicateCtrlReady)
                  00002d68    0000002c     scif_framework.obj (.text:osalLockCtrlTaskNbl)
                  00002d94    0000002c     rom_sysbios.aem4f : rom_sysbios.obj (.text:ti_sysbios_knl_Clock_getTicksUntilInterrupt__E)
                  00002dc0    00000028     drivers_cc13x2.aem4f : PowerCC26X2.oem4f (.text:oscillatorISR)
                  00002de8    00000024     driverlib.lib : osc.obj (.text:NOROM_OSCHF_TurnOnXosc)
                  00002e0c    00000024     rom_sysbios.aem4f : rom_sysbios.obj (.text:_pthread_cleanupFxn)
                  00002e30    00000024     drivers_cc13x2.aem4f : PowerCC26X2_calibrateRCOSC.oem4f (.text:getTdcSemaphore)
                  00002e54    00000024     scif.obj (.text:scifDriverSetupInit)
                  00002e78    00000024     rom_pem4f.oem4f (.text:ti_sysbios_BIOS_registerRTSLock__I)
                  00002e9c    00000024     rom_pem4f.oem4f (.text:ti_sysbios_BIOS_removeRTSLock__I)
                  00002ec0    00000024     rom_sysbios.aem4f : rom_sysbios.obj (.text:ti_sysbios_family_arm_cc26xx_Timer_getMaxTicks__E)
                  00002ee4    00000020     drivers_cc13x2.aem4f : PINCC26XX.oem4f (.text:PINCC26XX_setIoCfgMux)
                  00002f04    00000020     rom_pem4f.oem4f (.text:ti_sysbios_BIOS_rtsLock__I)
                  00002f24    00000020     rom_sysbios.aem4f : rom_sysbios.obj (.text:ti_sysbios_family_arm_cc26xx_Timer_dynamicStub__E)
                  00002f44    00000020                       : rom_sysbios.obj (.text:xdc_runtime_Error_policyMin__E)
                  00002f64    0000001e     drivers_cc13x2.aem4f : PINCC26XX.oem4f (.text:PIN_close)
                  00002f82    0000001e                          : PowerCC26X2.oem4f (.text:Power_getTransitionLatency)
                  00002fa0    0000001c     CC1352P1_LAUNCHXL.obj (.text:CC1352P1_LAUNCHXL_initGeneral)
                  00002fbc    0000001c     driverlib.lib : chipinfo.obj (.text:NOROM_ChipInfo_GetChipFamily)
                  00002fd8    0000001c     drivers_cc13x2.aem4f : PINCC26XX.oem4f (.text:PIN_hwi)
                  00002ff4    0000001c     dpl_cc13x2.aem4f : PowerCC26X2_tirtos.oem4f (.text:PowerCC26XX_schedulerDisable)
                  00003010    0000001c                      : PowerCC26X2_tirtos.oem4f (.text:PowerCC26XX_schedulerRestore)
                  0000302c    0000001c     rom_sysbios.aem4f : rom_sysbios.obj (.text:ti_sysbios_family_arm_m3_Hwi_clearInterrupt__E)
                  00003048    0000001c                       : rom_sysbios.obj (.text:ti_sysbios_knl_Swi_construct2__E)
                  00003064    0000001c     rom_pem4f.oem4f (.text:xdc_runtime_Startup_exec__I)
                  00003080    0000001a     drivers_cc13x2.aem4f : PowerCC26X2.oem4f (.text:PowerCC26XX_calibrate)
                  0000309a    00000002     rom_sysbios.aem4f : rom_sysbios.obj (.text:xdc_runtime_SysCallback_defaultFlush)
                  0000309c    00000018     driverlib.lib : chipinfo.obj (.text:NOROM_ChipInfo_GetPackageType)
                  000030b4    00000018     drivers_cc13x2.aem4f : PowerCC26X2.oem4f (.text:Power_idleFunc)
                  000030cc    00000018     rtsv7M4_T_le_v4SPD16_eabi.lib : args_main.c.obj (.text:_args_main)
                  000030e4    00000018                                   : ll_mul_t2.asm.obj (.text)
                  000030fc    00000018     scif_framework.obj (.text:scifClearAlertIntSource)
                  00003114    00000018     drivers_cc13x2.aem4f : PowerCC26X2.oem4f (.text:switchToTCXO)
                  0000312c    00000018     rom_pem4f.oem4f (.text:ti_sysbios_BIOS_rtsUnlock__I)
                  00003144    00000018     rom_sysbios.aem4f : rom_sysbios.obj (.text:ti_sysbios_knl_Swi_or__E)
                  0000315c    00000018                       : rom_sysbios.obj (.text:xdc_runtime_Error_init__E)
                  00003174    00000016     driverlib.lib : chipinfo.obj (.text:NOROM_ThisLibraryIsFor_CC13x2_CC26x2_HwRev20AndLater_HaltIfViolated)
                  0000318a    00000016     rom_pem4f.oem4f (.text:ti_sysbios_BIOS_exitFunc__I)
                  000031a0    00000016     scif_framework.obj (.text:ti_sysbios_family_arm_m3_Hwi_Params_init)
                  000031b6    00000016     main_tirtos.obj (.text:ti_sysbios_knl_Semaphore_Params_init)
                  000031cc    00000016     scif_framework.obj (.text:ti_sysbios_knl_Semaphore_Params_init)
                  000031e2    00000016     main_tirtos.obj (.text:ti_sysbios_knl_Task_Params_init)
                  000031f8    00000014     drivers_cc13x2.aem4f : PowerCC26X2_calibrateRCOSC.oem4f (.text:PowerCC26X2_calibrate)
                  0000320c    00000014     scif_framework.obj (.text:osalIndicateTaskAlert)
                  00003220    00000014     main_tirtos.obj (.text:scTaskAlertCallback)
                  00003234    00000014     scif_framework.obj (.text:scifOsalRegisterCtrlReadyCallback)
                  00003248    00000014     scif_framework.obj (.text:scifOsalRegisterTaskAlertCallback)
                  0000325c    00000014     rom_sysbios.aem4f : rom_sysbios.obj (.text:ti_sysbios_family_arm_cc26xx_Timer_getCount64__E)
                  00003270    00000014     rom_pem4f.oem4f (.text:ti_sysbios_knl_Clock_doTick__I)
                  00003284    00000012     dpl_cc13x2.aem4f : SemaphoreP_tirtos.oem4f (.text:SemaphoreP_pend)
                  00003296    00000010                      : HwiP_tirtos.oem4f (.text:HwiP_Params_init)
                  000032a6    00000002     rom_sysbios.aem4f : rom_sysbios.obj (.text:xdc_runtime_SysCallback_defaultPutch)
                  000032a8    00000010     drivers_cc13x2.aem4f : PINCC26XX.oem4f (.text:PINCC26XX_getPinCount)
                  000032b8    00000010     dpl_cc13x2.aem4f : SwiP_tirtos.oem4f (.text:SwiP_Params_init)
                  000032c8    0000000e     rtsv7M4_T_le_v4SPD16_eabi.lib : copy_decompress_none.c.obj (.text:decompress:none:__TI_decompress_none)
                  000032d6    0000000e     scif_framework.obj (.text:osalCtrlReadyIsr)
                  000032e4    0000000e     scif_framework.obj (.text:osalTaskAlertIsr)
                  000032f2    0000000e     scif.obj (.text:scifDriverSetupUninit)
                  00003300    0000000e     scif_framework.obj (.text:scifStartTasksNbl)
                  0000330e    0000000e     rom_sysbios.aem4f : rom_sysbios.obj (.text:ti_sysbios_family_arm_cc26xx_TimestampProvider_get32__E)
                  0000331c    0000000c     dpl_cc13x2.aem4f : ClockP_tirtos.oem4f (.text:ClockP_getSystemTickPeriod)
                  00003328    0000000c     driverlib.lib : cpu.obj (.text:NOROM_CPUcpsid)
                  00003334    0000000c                   : cpu.obj (.text:NOROM_CPUcpsie)
                  00003340    0000000c     drivers_cc13x2.aem4f : PowerCC26X2.oem4f (.text:Power_getConstraintMask)
                  0000334c    0000000c                          : PowerCC26X2.oem4f (.text:Power_getDependencyCount)
                  00003358    0000000c     rtsv7M4_T_le_v4SPD16_eabi.lib : _lock.c.obj (.text:_register_lock)
                  00003364    0000000c                                   : _lock.c.obj (.text:_register_unlock)
                  00003370    0000000c                                   : copy_zero_init.c.obj (.text:decompress:ZI:__TI_zero_init)
                  0000337c    0000000c     scif_framework.obj (.text:osalUnlockCtrlTaskNbl)
                  00003388    0000000c     scif_framework.obj (.text:scifOsalLeaveCriticalSection)
                  00003394    0000000c     main_tirtos.obj (.text:ti_sysbios_knl_Semaphore_handle)
                  000033a0    0000000c     scif_framework.obj (.text:ti_sysbios_knl_Semaphore_handle)
                  000033ac    0000000c     rom_sysbios.aem4f : rom_sysbios.obj (.text:ti_sysbios_knl_Swi_getTrigger__E)
                  000033b8    0000000a     dpl_cc13x2.aem4f : ClockP_tirtos.oem4f (.text:ClockP_Params_init)
                  000033c2    0000000a     scif_framework.obj (.text:osalClearCtrlReadyInt)
                  000033cc    0000000a     scif_framework.obj (.text:osalClearTaskAlertInt)
                  000033d6    0000000a     scif_framework.obj (.text:osalDisableCtrlReadyInt)
                  000033e0    0000000a     scif_framework.obj (.text:osalEnableCtrlReadyInt)
                  000033ea    0000000a     scif_framework.obj (.text:scifOsalDisableTaskAlertInt)
                  000033f4    0000000a     scif_framework.obj (.text:scifOsalEnableTaskAlertInt)
                  000033fe    00000008     CC1352P1_LAUNCHXL.obj (.text:Board_init)
                  00003406    00000008     CC1352P1_LAUNCHXL_fxns.obj (.text:Board_initHook)
                  0000340e    00000008     scif_framework.obj (.text:scifOsalEnterCriticalSection)
                  00003416    00000008     rom_pem4f.oem4f (.text:xdc_runtime_Text_visitRope__I)
                  0000341e    00000006     driverlib.lib : cpu.obj (.text:NOROM_CPUdelay)
                  00003424    00000006     drivers_cc13x2.aem4f : PowerCC26X2.oem4f (.text:delayUs)
                  0000342a    00000004     dpl_cc13x2.aem4f : PowerCC26X2_tirtos.oem4f (.text:CPUwfi)
                  0000342e    00000004                      : ClockP_tirtos.oem4f (.text:ClockP_start)
                  00003432    00000004                      : ClockP_tirtos.oem4f (.text:ClockP_stop)
                  00003436    00000004                      : HwiP_tirtos.oem4f (.text:HwiP_disable)
                  0000343a    00000004                      : SemaphoreP_tirtos.oem4f (.text:SemaphoreP_post)
                  0000343e    00000004                      : SwiP_tirtos.oem4f (.text:SwiP_getTrigger)
                  00003442    00000004                      : SwiP_tirtos.oem4f (.text:SwiP_or)
                  00003446    00000004     drivers_cc13x2.aem4f : PowerCC26X2.oem4f (.text:configureRFCoreClocks)
                  0000344a    00000004                          : PowerCC26X2.oem4f (.text:nopResourceHandler)
                  0000344e    00000004     rom_pem4f.oem4f (.text:xdc_runtime_Startup_reset__I)
                  00003452    00000004     rom_sysbios.aem4f : rom_sysbios.obj (.text:xdc_runtime_SysCallback_defaultReady)
                  00003456    00000002     --HOLE-- [fill = 0]
                  00003458    00000008     (.tramp.ti_sysbios_family_arm_m3_Hwi_enableInterrupt__E.1)
                  00003460    00000008     (.tramp.ti_sysbios_family_arm_m3_Hwi_disableInterrupt__E.1)
                  00003468    00000008     (.tramp.ti_sysbios_knl_Clock_logTick__E.1)
                  00003470    00000008     (.tramp.ti_sysbios_knl_Task_Params__init__S.1)
                  00003478    00000008     (.tramp.ti_sysbios_knl_Swi_post__E.1)
                  00003480    00000008     (.tramp.ti_sysbios_BIOS_RtsGateProxy_leave__E.1)
                  00003488    00000008     (.tramp.ti_sysbios_knl_Swi_construct.1)
                  00003490    00000008     (.tramp.ti_sysbios_knl_Swi_restore__E.1)
                  00003498    00000008     (.tramp.ti_sysbios_BIOS_RtsGateProxy_enter__E.1)
                  000034a0    00000008     (.tramp.ti_sysbios_knl_Task_restore__E.1)
                  000034a8    00000008     (.tramp.ti_sysbios_knl_Clock_TimerProxy_getCurrentTick__E.1)
                  000034b0    00000008     (.tramp.ti_sysbios_family_arm_m3_Hwi_disableFxn__E.1)
                  000034b8    00000008     (.tramp.ti_sysbios_knl_Semaphore_post__E.1)
                  000034c0    00000008     (.tramp.xdc_runtime_Memory_free__E.1)
                  000034c8    00000008     (.tramp.ti_sysbios_knl_Task_delete.1)
                  000034d0    00000008     (.tramp.ti_sysbios_knl_Semaphore_destruct.1)
                  000034d8    00000008     (.tramp.ti_sysbios_knl_Semaphore_Params__init__S.1)
                  000034e0    00000008     (.tramp.ti_sysbios_knl_Task_startup__E.1)
                  000034e8    00000008     (.tramp.ti_sysbios_knl_Swi_startup__E.1)
                  000034f0    00000008     (.tramp.ti_sysbios_hal_Hwi_startup__E.1)
                  000034f8    00000008     (.tramp.ti_sysbios_family_arm_cc26xx_Timer_startup__E.1)
                  00003500    00000008     (.tramp.xdc_runtime_System_atexit__E.1)
                  00003508    00000008     (.tramp.ti_sysbios_BIOS_linkedWithIncorrectBootLibrary__E.1)
                  00003510    00000008     (.tramp.xdc_runtime_Startup_rtsDone__E.1)
                  00003518    00000008     (.tramp.ti_sysbios_BIOS_setThreadType__E.1)
                  00003520    00000008     (.tramp.ti_sysbios_knl_Task_disable__E.1)
                  00003528    00000008     (.tramp.ti_sysbios_knl_Swi_disable__E.1)
                  00003530    00000008     (.tramp.ti_sysbios_family_arm_m3_Hwi_construct.1)
                  00003538    00000008     (.tramp.ti_sysbios_knl_Swi_Params__init__S.1)
                  00003540    00000008     (.tramp.ti_sysbios_family_arm_m3_Hwi_Params__init__S.1)
                  00003548    00000008     (.tramp.ti_sysbios_knl_Clock_construct.1)
                  00003550    00000008     (.tramp.ti_sysbios_knl_Clock_Params__init__S.1)
                  00003558    00000008     (.tramp.xdc_runtime_System_exit__E.1)
                  00003560    00000008     (.tramp.ti_sysbios_heaps_HeapMem_restore__E.1)
                  00003568    00000008     (.tramp.ti_sysbios_heaps_HeapMem_Object__get__S.1)
                  00003570    00000008     (.tramp.ti_sysbios_BIOS_start__E.1)
                  00003578    00000008     (.tramp.ti_sysbios_knl_Semaphore_construct.1)
                  00003580    00000008     (.tramp.ti_sysbios_knl_Task_construct.1)
                  00003588    00000008     (.tramp.ti_sysbios_knl_Clock_stop__E.1)
                  00003590    00000008     (.tramp.ti_sysbios_knl_Clock_start__E.1)
                  00003598    00000008     (.tramp.ti_sysbios_knl_Clock_setTimeout__E.1)
                  000035a0    00000008     (.tramp.ti_sysbios_knl_Semaphore_pend__E.1)
                  000035a8    00000008     (.tramp.ti_sysbios_family_arm_m3_Hwi_restoreFxn__E.1)
                  000035b0    00000008     (.tramp.xdc_runtime_System_doPrint__I.1)

.const     0    000035b8    000007f0     
                  000035b8    000003b8     rom_pem4f.oem4f (.const:ROM_constStruct)
                  00003970    0000020a     scif.obj (.const:pAuxRamImage)
                  00003b7a    00000054     drivers_cc13x2.aem4f : PowerCC26X2.oem4f (.const:resourceDB)
                  00003bce    00000001     rom_pem4f.oem4f (.const:xdc_runtime_Text_charTab__A)
                  00003bcf    00000001     --HOLE-- [fill = 0]
                  00003bd0    00000048     rom_pem4f.oem4f (.const:.string)
                  00003c18    00000048     rom_pem4f.oem4f (.const:ROM_externFuncPtrs)
                  00003c60    00000038     CC1352P1_LAUNCHXL.obj (.const:BoardGpioInitTable)
                  00003c98    00000034     scif.obj (.const:scifDriverSetup)
                  00003ccc    00000024     rom_pem4f.oem4f (.const:xdc_runtime_Startup_sfxnTab__A)
                  00003cf0    00000020     scif.obj (.const:.string:pAuxIoIndexToMcuIocfgOffsetLut)
                  00003d10    00000014     CC1352P1_LAUNCHXL_fxns.obj (.const:$P$T1$2)
                  00003d24    00000014     CC1352P1_LAUNCHXL.obj (.const:PowerCC26X2_config)
                  00003d38    00000012     rom_pem4f.oem4f (.const:xdc_runtime_Startup_sfxnRts__A)
                  00003d4a    00000002     --HOLE-- [fill = 0]
                  00003d4c    00000010     scif.obj (.const:pScifTaskDataStructInfoLut)
                  00003d5c    0000000c     rom_pem4f.oem4f (.const:xdc_runtime_Startup_firstFxns__A)
                  00003d68    00000008     driverlib.lib : aux_sysif.obj (.const:$O1$$)
                  00003d70    00000008     CC1352P1_LAUNCHXL_fxns.obj (.const:$P$T0$1)
                  00003d78    00000008     CC1352P1_LAUNCHXL.obj (.const:PINCC26XX_hwAttrs)
                  00003d80    00000008     scif.obj (.const:pRtlTaskStructSignatures)
                  00003d88    00000008     rom_pem4f.oem4f (.const:ti_sysbios_family_arm_m3_Hwi_excHookFuncs__A)
                  00003d90    00000008     rom_pem4f.oem4f (.const:ti_sysbios_knl_Idle_funcList__A)
                  00003d98    00000004     rom_pem4f.oem4f (.const:ti_sysbios_heaps_HeapMem_primaryHeapBaseAddr__C)
                  00003d9c    00000004     rom_pem4f.oem4f (.const:ti_sysbios_heaps_HeapMem_primaryHeapEndAddr__C)
                  00003da0    00000004     rom_pem4f.oem4f (.const:ti_sysbios_knl_Clock_tickPeriod__C)
                  00003da4    00000004     rom_pem4f.oem4f (.const:ti_sysbios_knl_Task_Object__heap__C)

MODULE SUMMARY

       Module                             code    ro data   rw data
       ------                             ----    -------   -------
    .\
       scif_framework.obj                 1674    0         148    
       main_tirtos.obj                    362     0         1156   
       scif.obj                           178     630       0      
    +--+----------------------------------+-------+---------+---------+
       Total:                             2214    630       1304   
                                                                   
    .\sdk_files__do_not_edit\
       CC1352P1_LAUNCHXL_fxns.obj         280     28        0      
       CC1352P1_LAUNCHXL.obj              36      84        0      
       ccfg.obj                           0       88        0      
    +--+----------------------------------+-------+---------+---------+
       Total:                             316     200       0      
                                                                   
    D:\2_Programing\1_Courses\2_TI_CCWorkspace\adc_window_monitor_launchpad_tirtos\Debug\configPkg\package\cfg\
       rom_pem4f.oem4f                    792     1255      1830   
    +--+----------------------------------+-------+---------+---------+
       Total:                             792     1255      1830   
                                                                   
    D:/TI_Progs/sdk_4200035/simplelink_cc13x2_26x2_sdk_4_20_00_35/kernel/tirtos/packages/ti/dpl/lib/dpl_cc13x2.aem4f
       PowerCC26X2_tirtos.oem4f           240     0         8      
       ClockP_tirtos.oem4f                94      0         0      
       SwiP_tirtos.oem4f                  84      0         0      
       HwiP_tirtos.oem4f                  82      0         0      
       SemaphoreP_tirtos.oem4f            66      0         0      
    +--+----------------------------------+-------+---------+---------+
       Total:                             566     0         8      
                                                                   
    D:/TI_Progs/sdk_4200035/simplelink_cc13x2_26x2_sdk_4_20_00_35/source/ti/devices/cc13x2_cc26x2/driverlib/bin/ccs/driverlib.lib
       sys_ctrl.obj                       428     0         0      
       osc.obj                            340     0         36     
       setup.obj                          324     0         0      
       chipinfo.obj                       226     0         0      
       prcm.obj                           160     0         0      
       aux_sysif.obj                      52      8         0      
       cpu.obj                            30      0         0      
       driverlib_release.obj              0       0         1      
    +--+----------------------------------+-------+---------+---------+
       Total:                             1560    8         37     
                                                                   
    D:/TI_Progs/sdk_4200035/simplelink_cc13x2_26x2_sdk_4_20_00_35/source/ti/drivers/lib/drivers_cc13x2.aem4f
       PowerCC26X2.oem4f                  2024    84        308    
       PINCC26XX.oem4f                    1254    0         276    
       PowerCC26X2_calibrateRCOSC.oem4f   1400    0         0      
       SPICC26X2DMA.oem4f                 0       0         128    
       ADCBufCC26X2.oem4f                 0       0         32     
    +--+----------------------------------+-------+---------+---------+
       Total:                             4678    84        744    
                                                                   
    D:\2_Programing\1_Courses\2_TI_CCWorkspace\adc_window_monitor_launchpad_tirtos\src\sysbios\rom_sysbios.aem4f
       rom_sysbios.obj                    989     0         136    
    +--+----------------------------------+-------+---------+---------+
       Total:                             989     0         136    
                                                                   
    D:\TI_Progs\CodeCompriser\ccs\tools\compiler\ti-cgt-arm_20.2.0.LTS\lib\rtsv7M4_T_le_v4SPD16_eabi.lib
       fd_add_t2.asm.obj                  438     0         0      
       fd_cmp_t2.asm.obj                  268     0         0      
       fd_mul_t2.asm.obj                  252     0         0      
       memcpy_t2.asm.obj                  156     0         0      
       ull_div_t2.asm.obj                 150     0         0      
       memset_t2.asm.obj                  122     0         0      
       copy_decompress_lzss.c.obj         104     0         0      
       cpy_tbl.c.obj                      76      0         0      
       fd_toi_t2.asm.obj                  72      0         0      
       fd_tou_t2.asm.obj                  68      0         0      
       u_divt2.asm.obj                    64      0         0      
       fs_tod_t2.asm.obj                  56      0         0      
       i_tofd_t2.asm.obj                  46      0         0      
       _lock.c.obj                        26      0         8      
       args_main.c.obj                    24      0         0      
       ll_mul_t2.asm.obj                  24      0         0      
       copy_decompress_none.c.obj         14      0         0      
       copy_zero_init.c.obj               12      0         0      
       stkdepth_vars.c.obj                0       0         4      
       div0.asm.obj                       2       0         0      
    +--+----------------------------------+-------+---------+---------+
       Total:                             1974    0         12     
                                                                   
    D:\TI_Progs\sdk_4200035\simplelink_cc13x2_26x2_sdk_4_20_00_35\kernel\tirtos\packages\ti\targets\arm\rtsarm\lib\auto_init.aem4f
       auto_init.oem4f                    160     0         0      
    +--+----------------------------------+-------+---------+---------+
       Total:                             160     0         0      
                                                                   
    D:\TI_Progs\sdk_4200035\simplelink_cc13x2_26x2_sdk_4_20_00_35\kernel\tirtos\packages\ti\targets\arm\rtsarm\lib\boot.aem4f
       boot.oem4f                         88      0         0      
    +--+----------------------------------+-------+---------+---------+
       Total:                             88      0         0      
                                                                   
       Stack:                             0       0         1024   
       Linker Generated:                  352     635       0      
    +--+----------------------------------+-------+---------+---------+
       Grand Total:                       13689   2812      5095   


LINKER GENERATED COPY TABLES

__TI_cinit_table @ 00003fb0 records: 15, size/record: 8, table size: 120
	.data: load addr=00003da8, load size=00000187 bytes, run addr=20001110, run size=00000576 bytes, compression=lzss
	.TI.bound:dmaADCAltControlTableEntry: load addr=00003f40, load size=00000008 bytes, run addr=20001a70, run size=00000010 bytes, compression=zero_init
	.TI.bound:dmaADCPriControlTableEntry: load addr=00003f48, load size=00000008 bytes, run addr=20001870, run size=00000010 bytes, compression=zero_init
	.TI.bound:dmaSpi0RxAltControlTableEntry: load addr=00003f50, load size=00000008 bytes, run addr=20001a30, run size=00000010 bytes, compression=zero_init
	.TI.bound:dmaSpi0RxControlTableEntry: load addr=00003f58, load size=00000008 bytes, run addr=20001830, run size=00000010 bytes, compression=zero_init
	.TI.bound:dmaSpi0TxAltControlTableEntry: load addr=00003f60, load size=00000008 bytes, run addr=20001a40, run size=00000010 bytes, compression=zero_init
	.TI.bound:dmaSpi0TxControlTableEntry: load addr=00003f68, load size=00000008 bytes, run addr=20001840, run size=00000010 bytes, compression=zero_init
	.TI.bound:dmaSpi1RxAltControlTableEntry: load addr=00003f70, load size=00000008 bytes, run addr=20001b00, run size=00000010 bytes, compression=zero_init
	.TI.bound:dmaSpi1RxControlTableEntry: load addr=00003f78, load size=00000008 bytes, run addr=20001900, run size=00000010 bytes, compression=zero_init
	.TI.bound:dmaSpi1TxAltControlTableEntry: load addr=00003f80, load size=00000008 bytes, run addr=20001b10, run size=00000010 bytes, compression=zero_init
	.TI.bound:dmaSpi1TxControlTableEntry: load addr=00003f88, load size=00000008 bytes, run addr=20001910, run size=00000010 bytes, compression=zero_init
	.bss: load addr=00003f90, load size=00000008 bytes, run addr=20001b20, run size=000008ed bytes, compression=zero_init
	.data:xdcRomConstPtr: load addr=00003f98, load size=00000008 bytes, run addr=20000100, run size=00000004 bytes, compression=lzss
	.data:xdcRomExternFuncPtr: load addr=00003fa0, load size=00000008 bytes, run addr=20000104, run size=00000004 bytes, compression=lzss
	.data:xdcRomStatePtr: load addr=00003fa8, load size=00000008 bytes, run addr=20000108, run size=00000004 bytes, compression=lzss


LINKER GENERATED HANDLER TABLE

__TI_handler_table @ 00003f30 records: 3, size/record: 4, table size: 12
	index: 0, handler: __TI_decompress_lzss
	index: 1, handler: __TI_decompress_none
	index: 2, handler: __TI_zero_init


FAR CALL TRAMPOLINES

callee name               trampoline name
   callee addr  tramp addr   call addr  call info
--------------  -----------  ---------  ----------------
ti_sysbios_family_arm_m3_Hwi_enableInterrupt__E  $Tramp$TT$L$PI$$ti_sysbios_family_arm_m3_Hwi_enableInterrupt__E
   1002d91d     00003458     000033e4   scif_framework.obj (.text:osalEnableCtrlReadyInt)
                             000033f8   scif_framework.obj (.text:scifOsalEnableTaskAlertInt)
ti_sysbios_family_arm_m3_Hwi_disableInterrupt__E  $Tramp$TT$L$PI$$ti_sysbios_family_arm_m3_Hwi_disableInterrupt__E
   1002d8d9     00003460     000033da   scif_framework.obj (.text:osalDisableCtrlReadyInt)
                             000033ee   scif_framework.obj (.text:scifOsalDisableTaskAlertInt)
ti_sysbios_knl_Clock_logTick__E  $Tramp$TT$L$PI$$ti_sysbios_knl_Clock_logTick__E
   1002dbd7     00003468     00003272   rom_pem4f.oem4f (.text:ti_sysbios_knl_Clock_doTick__I)
ti_sysbios_knl_Task_Params__init__S  $Tramp$TT$L$PI$$ti_sysbios_knl_Task_Params__init__S
   1002ec09     00003470     000031f2   main_tirtos.obj (.text:ti_sysbios_knl_Task_Params_init)
ti_sysbios_knl_Swi_post__E  $Tramp$TT$L$PI$$ti_sysbios_knl_Swi_post__E
   1002d891     00003478     00003158   rom_sysbios.aem4f : rom_sysbios.obj (.text:ti_sysbios_knl_Swi_or__E)
                             0000327a   rom_pem4f.oem4f (.text:ti_sysbios_knl_Clock_doTick__I)
ti_sysbios_BIOS_RtsGateProxy_leave__E  $Tramp$TT$L$PI$$ti_sysbios_BIOS_RtsGateProxy_leave__E
   1002ec7b     00003480     0000313a   rom_pem4f.oem4f (.text:ti_sysbios_BIOS_rtsUnlock__I)
ti_sysbios_knl_Swi_construct  $Tramp$TT$L$PI$$ti_sysbios_knl_Swi_construct
   1002d719     00003488     0000304e   rom_sysbios.aem4f : rom_sysbios.obj (.text:ti_sysbios_knl_Swi_construct2__E)
ti_sysbios_knl_Swi_restore__E  $Tramp$TT$L$PI$$ti_sysbios_knl_Swi_restore__E
   1002db61     00003490     00003016   dpl_cc13x2.aem4f : PowerCC26X2_tirtos.oem4f (.text:PowerCC26XX_schedulerRestore)
ti_sysbios_BIOS_RtsGateProxy_enter__E  $Tramp$TT$L$PI$$ti_sysbios_BIOS_RtsGateProxy_enter__E
   1002ec77     00003498     00002f0a   rom_pem4f.oem4f (.text:ti_sysbios_BIOS_rtsLock__I)
ti_sysbios_knl_Task_restore__E  $Tramp$TT$L$PI$$ti_sysbios_knl_Task_restore__E
   1002df45     000034a0     00002e1c   rom_sysbios.aem4f : rom_sysbios.obj (.text:_pthread_cleanupFxn)
                             0000301e   dpl_cc13x2.aem4f : PowerCC26X2_tirtos.oem4f (.text:PowerCC26XX_schedulerRestore)
ti_sysbios_knl_Clock_TimerProxy_getCurrentTick__E  $Tramp$TT$L$PI$$ti_sysbios_knl_Clock_TimerProxy_getCurrentTick__E
   1002eac5     000034a8     00002da6   rom_sysbios.aem4f : rom_sysbios.obj (.text:ti_sysbios_knl_Clock_getTicksUntilInterrupt__E)
ti_sysbios_family_arm_m3_Hwi_disableFxn__E  $Tramp$TT$L$PI$$ti_sysbios_family_arm_m3_Hwi_disableFxn__E
   1002eb55     000034b0     00002d6a   scif_framework.obj (.text:osalLockCtrlTaskNbl)
                             00003410   scif_framework.obj (.text:scifOsalEnterCriticalSection)
                             00003436   dpl_cc13x2.aem4f : HwiP_tirtos.oem4f (.text:HwiP_disable)
ti_sysbios_knl_Semaphore_post__E  $Tramp$TT$L$PI$$ti_sysbios_knl_Semaphore_post__E
   1002cd21     000034b8     00002d4a   scif_framework.obj (.text:osalIndicateCtrlReady)
                             00003228   main_tirtos.obj (.text:scTaskAlertCallback)
                             0000343a   dpl_cc13x2.aem4f : SemaphoreP_tirtos.oem4f (.text:SemaphoreP_post)
xdc_runtime_Memory_free__E  $Tramp$TT$L$PI$$xdc_runtime_Memory_free__E
   1002f81d     000034c0     00002d30   rom_sysbios.aem4f : rom_sysbios.obj (.text:_pthread_delete$45)
ti_sysbios_knl_Task_delete  $Tramp$TT$L$PI$$ti_sysbios_knl_Task_delete
   1002ece7     000034c8     00002d24   rom_sysbios.aem4f : rom_sysbios.obj (.text:_pthread_delete$45)
ti_sysbios_knl_Semaphore_destruct  $Tramp$TT$L$PI$$ti_sysbios_knl_Semaphore_destruct
   1002e6fd     000034d0     00002d18   rom_sysbios.aem4f : rom_sysbios.obj (.text:_pthread_delete$45)
ti_sysbios_knl_Semaphore_Params__init__S  $Tramp$TT$L$PI$$ti_sysbios_knl_Semaphore_Params__init__S
   1002ebe5     000034d8     00002cf4   dpl_cc13x2.aem4f : SemaphoreP_tirtos.oem4f (.text:SemaphoreP_constructBinary)
                             000031c6   main_tirtos.obj (.text:ti_sysbios_knl_Semaphore_Params_init)
                             000031dc   scif_framework.obj (.text:ti_sysbios_knl_Semaphore_Params_init)
ti_sysbios_knl_Task_startup__E  $Tramp$TT$L$PI$$ti_sysbios_knl_Task_startup__E
   1002eceb     000034e0     00002c48   rom_pem4f.oem4f (.text:ti_sysbios_BIOS_startFunc__I)
ti_sysbios_knl_Swi_startup__E  $Tramp$TT$L$PI$$ti_sysbios_knl_Swi_startup__E
   1002ec6b     000034e8     00002c44   rom_pem4f.oem4f (.text:ti_sysbios_BIOS_startFunc__I)
ti_sysbios_hal_Hwi_startup__E  $Tramp$TT$L$PI$$ti_sysbios_hal_Hwi_startup__E
   1002ec31     000034f0     00002c40   rom_pem4f.oem4f (.text:ti_sysbios_BIOS_startFunc__I)
ti_sysbios_family_arm_cc26xx_Timer_startup__E  $Tramp$TT$L$PI$$ti_sysbios_family_arm_cc26xx_Timer_startup__E
   1002dcf1     000034f8     00002c3c   rom_pem4f.oem4f (.text:ti_sysbios_BIOS_startFunc__I)
xdc_runtime_System_atexit__E  $Tramp$TT$L$PI$$xdc_runtime_System_atexit__E
   1002f559     00003500     00002c34   rom_pem4f.oem4f (.text:ti_sysbios_BIOS_startFunc__I)
ti_sysbios_BIOS_linkedWithIncorrectBootLibrary__E  $Tramp$TT$L$PI$$ti_sysbios_BIOS_linkedWithIncorrectBootLibrary__E
   1002d01b     00003508     00002c2e   rom_pem4f.oem4f (.text:ti_sysbios_BIOS_startFunc__I)
xdc_runtime_Startup_rtsDone__E  $Tramp$TT$L$PI$$xdc_runtime_Startup_rtsDone__E
   1002f8e5     00003510     00002c26   rom_pem4f.oem4f (.text:ti_sysbios_BIOS_startFunc__I)
ti_sysbios_BIOS_setThreadType__E  $Tramp$TT$L$PI$$ti_sysbios_BIOS_setThreadType__E
   1002ea11     00003518     00002c00   rom_pem4f.oem4f (.text:ti_sysbios_BIOS_atExitFunc__I)
                             00003194   rom_pem4f.oem4f (.text:ti_sysbios_BIOS_exitFunc__I)
ti_sysbios_knl_Task_disable__E  $Tramp$TT$L$PI$$ti_sysbios_knl_Task_disable__E
   1002ea4d     00003520     00002bfa   rom_pem4f.oem4f (.text:ti_sysbios_BIOS_atExitFunc__I)
                             00002e0e   rom_sysbios.aem4f : rom_sysbios.obj (.text:_pthread_cleanupFxn)
                             00002ff6   dpl_cc13x2.aem4f : PowerCC26X2_tirtos.oem4f (.text:PowerCC26XX_schedulerDisable)
ti_sysbios_knl_Swi_disable__E  $Tramp$TT$L$PI$$ti_sysbios_knl_Swi_disable__E
   1002ea25     00003528     00002bf6   rom_pem4f.oem4f (.text:ti_sysbios_BIOS_atExitFunc__I)
                             00002ffe   dpl_cc13x2.aem4f : PowerCC26X2_tirtos.oem4f (.text:PowerCC26XX_schedulerDisable)
ti_sysbios_family_arm_m3_Hwi_construct  $Tramp$TT$L$PI$$ti_sysbios_family_arm_m3_Hwi_construct
   1002d421     00003530     00002966   rom_sysbios.aem4f : rom_sysbios.obj (.text:ti_sysbios_family_arm_m3_Hwi_construct2__E)
                             00002b82   scif_framework.obj (.text:osalRegisterCtrlReadyInt)
                             00002bb2   scif_framework.obj (.text:osalRegisterTaskAlertInt)
ti_sysbios_knl_Swi_Params__init__S  $Tramp$TT$L$PI$$ti_sysbios_knl_Swi_Params__init__S
   1002ebf1     00003538     0000292a   dpl_cc13x2.aem4f : SwiP_tirtos.oem4f (.text:SwiP_construct)
ti_sysbios_family_arm_m3_Hwi_Params__init__S  $Tramp$TT$L$PI$$ti_sysbios_family_arm_m3_Hwi_Params__init__S
   1002eb49     00003540     000028b0   dpl_cc13x2.aem4f : HwiP_tirtos.oem4f (.text:HwiP_construct)
                             000031b0   scif_framework.obj (.text:ti_sysbios_family_arm_m3_Hwi_Params_init)
ti_sysbios_knl_Clock_construct  $Tramp$TT$L$PI$$ti_sysbios_knl_Clock_construct
   1002dd8d     00003548     0000274a   dpl_cc13x2.aem4f : ClockP_tirtos.oem4f (.text:ClockP_construct)
ti_sysbios_knl_Clock_Params__init__S  $Tramp$TT$L$PI$$ti_sysbios_knl_Clock_Params__init__S
   1002eb9d     00003550     00002730   dpl_cc13x2.aem4f : ClockP_tirtos.oem4f (.text:ClockP_construct)
xdc_runtime_System_exit__E  $Tramp$TT$L$PI$$xdc_runtime_System_exit__E
   1002f7b1     00003558     00002330   boot.aem4f : boot.oem4f (.text)
                             0000319a   rom_pem4f.oem4f (.text:ti_sysbios_BIOS_exitFunc__I)
ti_sysbios_heaps_HeapMem_restore__E  $Tramp$TT$L$PI$$ti_sysbios_heaps_HeapMem_restore__E
   1002eb13     00003560     00002224   rom_sysbios.aem4f : rom_sysbios.obj (.text:ti_sysbios_heaps_HeapMem_initPrimary__I)
ti_sysbios_heaps_HeapMem_Object__get__S  $Tramp$TT$L$PI$$ti_sysbios_heaps_HeapMem_Object__get__S
   1002e275     00003568     000021f4   rom_sysbios.aem4f : rom_sysbios.obj (.text:ti_sysbios_heaps_HeapMem_initPrimary__I)
ti_sysbios_BIOS_start__E  $Tramp$TT$L$PI$$ti_sysbios_BIOS_start__E
   1002eaa5     00003570     000020ac   main_tirtos.obj (.text:main)
ti_sysbios_knl_Semaphore_construct  $Tramp$TT$L$PI$$ti_sysbios_knl_Semaphore_construct
   1002ddc1     00003578     000020a8   main_tirtos.obj (.text:main)
                             00002af4   scif_framework.obj (.text:scifOsalInit)
                             00002d04   dpl_cc13x2.aem4f : SemaphoreP_tirtos.oem4f (.text:SemaphoreP_constructBinary)
ti_sysbios_knl_Task_construct  $Tramp$TT$L$PI$$ti_sysbios_knl_Task_construct
   1002d5d9     00003580     00002092   main_tirtos.obj (.text:main)
ti_sysbios_knl_Clock_stop__E  $Tramp$TT$L$PI$$ti_sysbios_knl_Clock_stop__E
   1002e2c5     00003588     000014d2   dpl_cc13x2.aem4f : PowerCC26X2_tirtos.oem4f (.text:PowerCC26XX_standbyPolicy)
                             00003432                    : ClockP_tirtos.oem4f (.text:ClockP_stop)
ti_sysbios_knl_Clock_start__E  $Tramp$TT$L$PI$$ti_sysbios_knl_Clock_start__E
   1002e9e7     00003590     000014c6   dpl_cc13x2.aem4f : PowerCC26X2_tirtos.oem4f (.text:PowerCC26XX_standbyPolicy)
                             0000342e                    : ClockP_tirtos.oem4f (.text:ClockP_start)
ti_sysbios_knl_Clock_setTimeout__E  $Tramp$TT$L$PI$$ti_sysbios_knl_Clock_setTimeout__E
   1002ecc3     00003598     000014c0   dpl_cc13x2.aem4f : PowerCC26X2_tirtos.oem4f (.text:PowerCC26XX_standbyPolicy)
ti_sysbios_knl_Semaphore_pend__E  $Tramp$TT$L$PI$$ti_sysbios_knl_Semaphore_pend__E
   1002bfb1     000035a0     0000134e   main_tirtos.obj (.text:taskFxn)
                             00003286   dpl_cc13x2.aem4f : SemaphoreP_tirtos.oem4f (.text:SemaphoreP_pend)
ti_sysbios_family_arm_m3_Hwi_restoreFxn__E  $Tramp$TT$L$PI$$ti_sysbios_family_arm_m3_Hwi_restoreFxn__E
   1002ec47     000035a8     0000107a   drivers_cc13x2.aem4f : PINCC26XX.oem4f (.text:PINCC26XX_setIoCfg)
                             00001224                        : PowerCC26X2.oem4f (.text:Power_releaseDependency)
                             00001456                        : PowerCC26X2.oem4f (.text:Power_setDependency)
                             000022be                        : PowerCC26X2_calibrateRCOSC.oem4f (.text:PowerCC26X2_initiateCalibration)
                             0000254c                        : PowerCC26X2.oem4f (.text:switchXOSCHF)
                             00002b28                        : PowerCC26X2.oem4f (.text:Power_releaseConstraint)
                             00002b58                        : PowerCC26X2.oem4f (.text:Power_setConstraint)
                             00002d78   scif_framework.obj (.text:osalLockCtrlTaskNbl)
                             00002d88   scif_framework.obj (.text:osalLockCtrlTaskNbl)
                             0000338e   scif_framework.obj (.text:scifOsalLeaveCriticalSection)
xdc_runtime_System_doPrint__I  $Tramp$TT$L$PI$$xdc_runtime_System_doPrint__I
   1002ecf1     000035b0     00000a4a   rom_pem4f.oem4f (.text:xdc_runtime_System_printfExtend__I)

[44 trampolines]
[76 trampoline calls]


GLOBAL SYMBOLS: SORTED ALPHABETICALLY BY Name 

address   name                                                               
-------   ----                                                               
00003c60  BoardGpioInitTable                                                 
000033ff  Board_init                                                         
00003407  Board_initHook                                                     
00002fa1  CC1352P1_LAUNCHXL_initGeneral                                      
00001cb5  CC1352P1_LAUNCHXL_sendExtFlashByte                                 
000026d5  CC1352P1_LAUNCHXL_shutDownExtFlash                                 
00002449  CC1352P1_LAUNCHXL_wakeUpExtFlash                                   
000033b9  ClockP_Params_init                                                 
00002715  ClockP_construct                                                   
0000331d  ClockP_getSystemTickPeriod                                         
1002dc11  ClockP_getSystemTicks                                              
0000342f  ClockP_start                                                       
00003433  ClockP_stop                                                        
00001000  HEAPSIZE                                                           
00003297  HwiP_Params_init                                                   
00002895  HwiP_construct                                                     
00003437  HwiP_disable                                                       
1002ec47  HwiP_restore                                                       
00002a69  NOROM_AUXSYSIFOpModeChange                                         
00003329  NOROM_CPUcpsid                                                     
00003335  NOROM_CPUcpsie                                                     
0000341f  NOROM_CPUdelay                                                     
00002fbd  NOROM_ChipInfo_GetChipFamily                                       
000023a1  NOROM_ChipInfo_GetChipType                                         
00002609  NOROM_ChipInfo_GetHwRevision                                       
0000309d  NOROM_ChipInfo_GetPackageType                                      
00001989  NOROM_OSCHF_AttemptToSwitchToXosc                                  
00001f99  NOROM_OSCHF_SwitchToRcOscTurnOffXosc                               
00002de9  NOROM_OSCHF_TurnOnXosc                                             
00002755  NOROM_OSC_HPOSCRelativeFrequencyOffsetGet                          
000023f5  NOROM_PRCMPowerDomainsAllOff                                       
00002495  NOROM_PRCMPowerDomainsAllOn                                        
00001859  NOROM_SetupTrimDevice                                              
00002a9d  NOROM_SysCtrlIdle                                                  
00001d39  NOROM_SysCtrlSetRechargeBeforePowerDown                            
00000ec1  NOROM_SysCtrlStandby                                               
00003175  NOROM_ThisLibraryIsFor_CC13x2_CC26x2_HwRev20AndLater_HaltIfViolated
000032a9  PINCC26XX_getPinCount                                              
00003d78  PINCC26XX_hwAttrs                                                  
00002f65  PIN_close                                                          
0000003d  PIN_init                                                           
00001529  PIN_open                                                           
00002129  PIN_remove                                                         
00002989  PIN_setConfig                                                      
000028d5  PIN_setOutputValue                                                 
00002579  PowerCC26X2_RCOSC_clockFunc                                        
00001eb5  PowerCC26X2_auxISR                                                 
000031f9  PowerCC26X2_calibrate                                              
00003d24  PowerCC26X2_config                                                 
00002299  PowerCC26X2_initiateCalibration                                    
20001110  PowerCC26X2_module                                                 
00003081  PowerCC26XX_calibrate                                              
00002ff5  PowerCC26XX_schedulerDisable                                       
00003011  PowerCC26XX_schedulerRestore                                       
00001475  PowerCC26XX_standbyPolicy                                          
20002404  PowerCC26XX_swiKey                                                 
20002408  PowerCC26XX_taskKey                                                
00003341  Power_getConstraintMask                                            
0000334d  Power_getDependencyCount                                           
00002f83  Power_getTransitionLatency                                         
000030b5  Power_idleFunc                                                     
00000551  Power_init                                                         
00002b05  Power_releaseConstraint                                            
00001185  Power_releaseDependency                                            
00002b35  Power_setConstraint                                                
000013bd  Power_setDependency                                                
000003b9  Power_sleep                                                        
000035b8  ROM_constStruct                                                    
00003c18  ROM_externFuncPtrs                                                 
20001244  ROM_stateStruct                                                    
000022f1  ResetISR                                                           
UNDEFED   SHT$$INIT_ARRAY$$Base                                              
UNDEFED   SHT$$INIT_ARRAY$$Limit                                             
00002ce3  SemaphoreP_constructBinary                                         
00003285  SemaphoreP_pend                                                    
0000343b  SemaphoreP_post                                                    
000032b9  SwiP_Params_init                                                   
00002911  SwiP_construct                                                     
0000343f  SwiP_getTrigger                                                    
00003443  SwiP_or                                                            
1002db61  SwiP_restore                                                       
00000000  __ASM__                                                            
00000083  __ISA__                                                            
00000096  __PLAT__                                                           
20014000  __STACK_END                                                        
00000400  __STACK_SIZE                                                       
000000bd  __TARG__                                                           
00003fb0  __TI_CINIT_Base                                                    
00004028  __TI_CINIT_Limit                                                   
00003f30  __TI_Handler_Table_Base                                            
00003f3c  __TI_Handler_Table_Limit                                           
00001681  __TI_auto_init                                                     
00002001  __TI_decompress_lzss                                               
000032c9  __TI_decompress_none                                               
ffffffff  __TI_pprof_out_hndl                                                
ffffffff  __TI_prof_data_size                                                
ffffffff  __TI_prof_data_start                                               
00000000  __TI_static_base__                                                 
00003371  __TI_zero_init                                                     
000000e3  __TRDR__                                                           
00001ba9  __aeabi_cdcmpeq                                                    
00001ba9  __aeabi_cdcmple                                                    
00001c2f  __aeabi_cdrcmple                                                   
000025c1  __aeabi_d2iz                                                       
00002691  __aeabi_d2uiz                                                      
0000020b  __aeabi_dadd                                                       
00000dc5  __aeabi_dmul                                                       
00000201  __aeabi_dsub                                                       
000029f9  __aeabi_f2d                                                        
00002cb5  __aeabi_i2d                                                        
00001eb3  __aeabi_idiv0                                                      
00001eb3  __aeabi_ldiv0                                                      
000030e5  __aeabi_lmul                                                       
00001e39  __aeabi_memclr                                                     
00001e39  __aeabi_memclr4                                                    
00001e39  __aeabi_memclr8                                                    
00001721  __aeabi_memcpy                                                     
00001721  __aeabi_memcpy4                                                    
00001721  __aeabi_memcpy8                                                    
00001e3b  __aeabi_memset                                                     
00001e3b  __aeabi_memset4                                                    
00001e3b  __aeabi_memset8                                                    
00002795  __aeabi_uidiv                                                      
00002795  __aeabi_uidivmod                                                   
000018f1  __aeabi_uldivmod                                                   
ffffffff  __binit__                                                          
ffffffff  __c_args__                                                         
00057fa8  __ccfg                                                             
20001110  __primary_heap_end__                                               
20000110  __primary_heap_start__                                             
20013c00  __stack                                                            
20000000  __start___llvm_prf_cnts                                            
20000000  __stop___llvm_prf_cnts                                             
000030cd  _args_main                                                         
000022f1  _c_int00                                                           
20001550  _hposcCoeffs                                                       
200015fc  _lock                                                              
000003b7  _nop                                                               
00002e0d  _pthread_cleanupFxn                                                
00003359  _register_lock                                                     
00003365  _register_unlock                                                   
20001600  _unlock                                                            
ffffffff  binit                                                              
000024e1  copy_in                                                            
2000240c  driverlib_release_0_57398                                          
200023f4  ledPinState                                                        
00002069  main                                                               
20001674  main_func_sp                                                       
00001721  memcpy                                                             
00001e41  memset                                                             
20002274  myTask                                                             
20001b20  myTaskStack                                                        
200015e4  pLedPinTable                                                       
200021f8  pinHandleTable                                                     
20001608  pinLowerBound                                                      
20001604  pinUpperBound                                                      
00003b7a  resourceDB                                                         
00001f97  scCtrlReadyCallback                                                
00003221  scTaskAlertCallback                                                
00002bc5  scifAckAlertEvents                                                 
000030fd  scifClearAlertIntSource                                            
00003c98  scifDriverSetup                                                    
00000ca9  scifInit                                                           
00001245  scifInitIo                                                         
000033eb  scifOsalDisableTaskAlertInt                                        
000033f5  scifOsalEnableTaskAlertInt                                         
0000340f  scifOsalEnterCriticalSection                                       
00002ad1  scifOsalInit                                                       
00003389  scifOsalLeaveCriticalSection                                       
00003235  scifOsalRegisterCtrlReadyCallback                                  
00003249  scifOsalRegisterTaskAlertCallback                                  
000020c9  scifReinitIo                                                       
000017bd  scifSetSceOpmode                                                   
000027d5  scifStartRtcTicks                                                  
00002815  scifStartRtcTicksNow                                               
00003301  scifStartTasksNbl                                                  
00002349  scifUninitIo                                                       
1002fddb  strlen                                                             
00001301  taskFxn                                                            
20001284  ti_sysbios_BIOS_Module__state__V                                   
1002e4e1  ti_sysbios_BIOS_RtsGateProxy_Handle__label__S                      
1002eb79  ti_sysbios_BIOS_RtsGateProxy_Params__init__S                       
1002ec77  ti_sysbios_BIOS_RtsGateProxy_enter__E                              
1002ec7b  ti_sysbios_BIOS_RtsGateProxy_leave__E                              
1002ec9b  ti_sysbios_BIOS_RtsGateProxy_query__E                              
1002ec9b  ti_sysbios_BIOS_RtsGateProxy_query__E                              
00002bf5  ti_sysbios_BIOS_atExitFunc__I                                      
0000318b  ti_sysbios_BIOS_exitFunc__I                                        
1002ea85  ti_sysbios_BIOS_exit__E                                            
1002e9fd  ti_sysbios_BIOS_getCpuFreq__E                                      
1002ea95  ti_sysbios_BIOS_getThreadType__E                                   
1002d01b  ti_sysbios_BIOS_linkedWithIncorrectBootLibrary__E                  
000028d3  ti_sysbios_BIOS_nullFunc__I                                        
00002e79  ti_sysbios_BIOS_registerRTSLock__I                                 
00002e9d  ti_sysbios_BIOS_removeRTSLock__I                                   
00002f05  ti_sysbios_BIOS_rtsLock__I                                         
0000312d  ti_sysbios_BIOS_rtsUnlock__I                                       
1002ea11  ti_sysbios_BIOS_setThreadType__E                                   
00002c25  ti_sysbios_BIOS_startFunc__I                                       
1002eaa5  ti_sysbios_BIOS_start__E                                           
00001859  ti_sysbios_family_arm_cc26xx_Boot_trimDevice                       
000036a2  ti_sysbios_family_arm_cc26xx_Timer_Module__id__C                   
1002e15d  ti_sysbios_family_arm_cc26xx_Timer_Module__startupDone__S          
20001348  ti_sysbios_family_arm_cc26xx_Timer_Module__state__V                
1002dfa5  ti_sysbios_family_arm_cc26xx_Timer_Module_startup__E               
20001478  ti_sysbios_family_arm_cc26xx_Timer_Object__table__V                
00002f25  ti_sysbios_family_arm_cc26xx_Timer_dynamicStub__E                  
000036d8  ti_sysbios_family_arm_cc26xx_Timer_funcHookCH1__C                  
00003738  ti_sysbios_family_arm_cc26xx_Timer_funcHookCH2__C                  
0000325d  ti_sysbios_family_arm_cc26xx_Timer_getCount64__E                   
00002c55  ti_sysbios_family_arm_cc26xx_Timer_getCurrentTick__E               
1002ec7f  ti_sysbios_family_arm_cc26xx_Timer_getExpiredTicks__E              
00002ec1  ti_sysbios_family_arm_cc26xx_Timer_getMaxTicks__E                  
1002ec83  ti_sysbios_family_arm_cc26xx_Timer_getPeriod__E                    
[...]
1002eb05  ti_sysbios_gates_GateMutex_leave__E                                
1002eb13  ti_sysbios_heaps_HeapMem_restore__E                                
1002eb21  ti_sysbios_knl_Queue_empty__E                                      
1002eb2f  ti_sysbios_knl_Queue_remove__E                                     
1002eb3d  ti_sysbios_family_arm_cc26xx_TimestampProvider_getFreq__E          
1002eb3d  xdc_runtime_Timestamp_SupportProxy_getFreq__E                      
1002eb3d  xdc_runtime_Timestamp_SupportProxy_getFreq__E                      
1002eb3d  xdc_runtime_Timestamp_getFreq__E                                   
1002eb3d  xdc_runtime_Timestamp_getFreq__E                                   
1002eb49  ti_sysbios_family_arm_m3_Hwi_Params__init__S                       
1002eb49  ti_sysbios_hal_Hwi_HwiProxy_Params__init__S                        
1002eb55  ti_sysbios_family_arm_m3_Hwi_disableFxn__E                         
1002eb61  ti_sysbios_family_arm_m3_Hwi_enableFxn__E                          
1002eb6d  ti_sysbios_gates_GateHwi_enter__E                                  
1002eb79  ti_sysbios_BIOS_RtsGateProxy_Params__init__S                       
1002eb79  ti_sysbios_gates_GateMutex_Params__init__S                         
1002eb79  ti_sysbios_heaps_HeapMem_Module_GateProxy_Params__init__S          
1002eb85  ti_sysbios_heaps_HeapTrack_Params__init__S                         
1002eb91  ti_sysbios_heaps_HeapTrack_isBlocking__E                           
1002eb9d  ti_sysbios_knl_Clock_Params__init__S                               
1002eba9  ti_sysbios_knl_Clock_getTimerHandle__E                             
1002ebb5  ti_sysbios_knl_Event_Params__init__S                               
1002ebc1  ti_sysbios_knl_Mailbox_Params__init__S                             
1002ebcd  ti_sysbios_knl_Queue_dequeue__E                                    
1002ebd9  ti_sysbios_knl_Queue_enqueue__E                                    
1002ebe5  ti_sysbios_knl_Semaphore_Params__init__S                           
1002ebf1  ti_sysbios_knl_Swi_Params__init__S                                 
1002ebfd  ti_sysbios_knl_Swi_self__E                                         
1002ec09  ti_sysbios_knl_Task_Params__init__S                                
1002ec15  ti_sysbios_hal_Hwi_Instance_finalize__E                            
1002ec1f  ti_sysbios_knl_Event_Instance_init__E                              
1002ec29  ti_sysbios_family_arm_m3_Hwi_doSwiRestore__I                       
1002ec31  ti_sysbios_family_arm_m3_Hwi_startup__E                            
1002ec31  ti_sysbios_hal_Hwi_HwiProxy_startup__E                             
1002ec31  ti_sysbios_hal_Hwi_HwiProxy_startup__E                             
1002ec31  ti_sysbios_hal_Hwi_startup__E                                      
1002ec31  ti_sysbios_hal_Hwi_startup__E                                      
1002ec39  ti_sysbios_knl_Idle_loop__E                                        
1002ec41  ti_sysbios_family_arm_m3_Hwi_doTaskRestore__I                      
1002ec47  HwiP_restore                                                       
1002ec47  ti_sysbios_family_arm_m3_Hwi_restoreFxn__E                         
1002ec4d  ti_sysbios_gates_GateHwi_leave__E                                  
1002ec53  ti_sysbios_gates_GateMutex_Instance_finalize__E                    
1002ec59  ti_sysbios_heaps_HeapMem_isBlocking__E                             
1002ec5f  ti_sysbios_knl_Queue_Instance_init__E                              
1002ec65  ti_sysbios_knl_Queue_elemClear__E                                  
1002ec6b  ti_sysbios_knl_Swi_startup__E                                      
1002ec71  ti_sysbios_knl_Task_enable__E                                      
1002ec77  ti_sysbios_BIOS_RtsGateProxy_enter__E                              
1002ec7b  ti_sysbios_BIOS_RtsGateProxy_leave__E                              
1002ec7f  ti_sysbios_family_arm_cc26xx_Timer_getExpiredTicks__E              
1002ec83  ti_sysbios_family_arm_cc26xx_Timer_getPeriod__E                    
1002ec87  ti_sysbios_family_arm_cc26xx_Timer_setPeriod__E                    
1002ec8b  ti_sysbios_family_arm_m3_Hwi_delete                                
1002ec8f  ti_sysbios_family_arm_m3_TaskSupport_Module__startupDone__S        
1002ec8f  ti_sysbios_knl_Task_SupportProxy_Module__startupDone__S            
1002ec93  ti_sysbios_gates_GateHwi_query__E                                  
1002ec93  xdc_runtime_Main_Module_GateProxy_query__E                         
1002ec93  xdc_runtime_System_Module_GateProxy_query__E                       
1002ec93  xdc_runtime_System_Module_GateProxy_query__E                       
1002ec97  ti_sysbios_gates_GateMutex_delete                                  
1002ec9b  ti_sysbios_BIOS_RtsGateProxy_query__E                              
1002ec9b  ti_sysbios_BIOS_RtsGateProxy_query__E                              
1002ec9b  ti_sysbios_gates_GateMutex_query__E                                
1002ec9b  ti_sysbios_heaps_HeapMem_Module_GateProxy_query__E                 
1002ec9b  ti_sysbios_heaps_HeapMem_Module_GateProxy_query__E                 
1002ec9f  ti_sysbios_hal_Hwi_HwiProxy_create                                 
1002eca3  ti_sysbios_hal_Hwi_HwiProxy_delete                                 
1002eca7  ti_sysbios_hal_Hwi_delete                                          
1002ecab  ti_sysbios_heaps_HeapMem_Module_GateProxy_enter__E                 
1002ecaf  ti_sysbios_heaps_HeapMem_Module_GateProxy_leave__E                 
1002ecb3  ti_sysbios_knl_Clock_TimerProxy_getExpiredTicks__E                 
1002ecb7  ti_sysbios_knl_Clock_TimerProxy_getPeriod__E                       
1002ecbb  ti_sysbios_knl_Clock_delete                                        
1002ecbf  ti_sysbios_knl_Clock_removeI__E                                    
1002ecc3  ti_sysbios_knl_Clock_setTimeout__E                                 
1002ecc7  ti_sysbios_knl_Event_delete                                        
1002eccb  ti_sysbios_knl_Mailbox_delete                                      
1002eccf  ti_sysbios_knl_Queue_delete                                        
1002ecd3  ti_sysbios_knl_Queue_head__E                                       
1002ecd7  ti_sysbios_knl_Queue_next__E                                       
1002ecdb  ti_sysbios_knl_Semaphore_delete                                    
1002ecdf  ti_sysbios_knl_Swi_delete                                          
1002ece3  ti_sysbios_knl_Swi_postInit__I                                     
1002ece7  ti_sysbios_knl_Task_delete                                         
1002eceb  ti_sysbios_knl_Task_startup__E                                     
1002ecf1  xdc_runtime_System_doPrint__I                                      
1002f055  xdc_runtime_Startup_startMods__I                                   
1002f15d  xdc_runtime_Text_putSite__E                                        
1002f1f7  xdc_runtime_Error_policySpin__E                                    
1002f1f9  xdc_runtime_Text_putMod__E                                         
1002f289  xdc_runtime_Memory_alloc__E                                        
1002f2f9  xdc_runtime_Core_createObject__I                                   
1002f367  xdc_runtime_Core_deleteObject__I                                   
1002f3c5  xdc_runtime_Text_putLab__E                                         
1002f421  xdc_runtime_Assert_raise__I                                        
1002f475  xdc_runtime_Startup_exec__E                                        
1002f4c9  xdc_runtime_Core_assignParams__I                                   
1002f511  xdc_runtime_Core_constructObject__I                                
1002f559  xdc_runtime_System_atexit__E                                       
1002f5a1  xdc_runtime_Text_xprintf__I                                        
1002f5e5  xdc_runtime_System_processAtExit__E                                
1002f625  xdc_runtime_System_putchar__I                                      
1002f659  xdc_runtime_Core_assignLabel__I                                    
1002f689  xdc_runtime_Text_printVisFxn__I                                    
1002f6b9  xdc_runtime_System_vprintf__E                                      
1002f6e5  xdc_runtime_Text_cordText__E                                       
1002f711  xdc_runtime_System_abort__E                                        
1002f739  xdc_runtime_Error_raiseX__E                                        
1002f759  xdc_runtime_Registry_findById__E                                   
1002f779  xdc_runtime_Error_check__E                                         
1002f795  xdc_runtime_Memory_valloc__E                                       
1002f7b1  xdc_runtime_System_exit__E                                         
1002f7cd  xdc_runtime_Text_ropeText__E                                       
1002f7e9  xdc_runtime_System_printf__E                                       
1002f803  xdc_runtime_Core_destructObject__I                                 
1002f81b  xdc_runtime_System_abortSpin__E                                    
1002f81d  xdc_runtime_Memory_free__E                                         
1002f831  xdc_runtime_Memory_getStats__E                                     
1002f845  xdc_runtime_SysCallback_abort__E                                   
1002f845  xdc_runtime_System_SupportProxy_abort__E                           
1002f859  xdc_runtime_SysCallback_exit__E                                    
1002f859  xdc_runtime_System_SupportProxy_exit__E                            
1002f86d  xdc_runtime_SysCallback_flush__E                                   
1002f86d  xdc_runtime_System_SupportProxy_flush__E                           
1002f86d  xdc_runtime_System_flush__E                                        
1002f881  xdc_runtime_SysCallback_putch__E                                   
1002f881  xdc_runtime_System_SupportProxy_putch__E                           
1002f895  xdc_runtime_SysCallback_ready__E                                   
1002f895  xdc_runtime_System_SupportProxy_ready__E                           
1002f8a9  xdc_runtime_Memory_getMaxDefaultTypeAlign__E                       
1002f8b9  xdc_runtime_System_vsnprintf__E                                    
1002f8c9  xdc_runtime_Timestamp_SupportProxy_get32__E                        
1002f8c9  xdc_runtime_Timestamp_SupportProxy_get32__E                        
1002f8c9  xdc_runtime_Timestamp_get32__E                                     
1002f8c9  xdc_runtime_Timestamp_get32__E                                     
1002f8d9  xdc_runtime_Memory_calloc__E                                       
1002f8e5  xdc_runtime_Startup_rtsDone__E                                     
1002f8f1  xdc_runtime_Memory_HeapProxy_alloc__E                              
1002f8fb  xdc_runtime_Memory_HeapProxy_free__E                               
1002f905  xdc_runtime_Memory_HeapProxy_getStats__E                           
1002f90f  xdc_runtime_Gate_leaveSystem__E                                    
1002f915  xdc_runtime_System_Module_startup__E                               
1002f91b  xdc_runtime_Gate_enterSystem__E                                    
1002f91f  xdc_runtime_SysCallback_Module__startupDone__S                     
1002f91f  xdc_runtime_System_SupportProxy_Module__startupDone__S             
1002f923  xdc_runtime_System_Module_GateProxy_enter__E                       
1002f927  xdc_runtime_System_Module_GateProxy_leave__E                       
1002f92b  xdc_runtime_System_printf_va__F                                    
1002f92f  xdc_runtime_System_exitSpin__E                                     
1002f931  ti_sysbios_family_arm_m3_Hwi_dispatch__I                           
1002fa11  ti_sysbios_family_arm_m3_Hwi_interruptsAreDisabledButShouldNotBe   
1002fa2d  ti_sysbios_family_arm_m3_TaskSupport_buildTaskStack                
1002fab9  ti_sysbios_family_arm_m3_Hwi_initStacks__E                         
1002fb11  ti_sysbios_family_arm_m3_Hwi_pendSV__I                             
1002fb35  ti_sysbios_family_arm_m3_Hwi_return                                
1002fb39  ti_sysbios_family_arm_m3_Hwi_excHandlerAsm__I                      
1002fb59  ti_sysbios_family_xxx_Hwi_switchAndRunFunc                         
1002fb77  ti_sysbios_family_arm_m3_TaskSupport_swap__E                       
1002fb77  ti_sysbios_knl_Task_SupportProxy_swap__E                           
1002fb77  ti_sysbios_knl_Task_SupportProxy_swap__E                           
1002fb83  ti_sysbios_knl_Task_swapReturn                                     
1002fb8f  ti_sysbios_family_arm_m3_TaskSupport_glue                          
1002fba0  ti_sysbios_knl_Task_Object__PARAMS__C                              
1002fbdc  ti_sysbios_knl_Mailbox_Object__PARAMS__C                           
1002fc10  ti_sysbios_family_arm_m3_Hwi_Object__PARAMS__C                     
1002fc40  ti_sysbios_hal_Hwi_Object__PARAMS__C                               
1002fc6c  ti_sysbios_knl_Swi_Object__PARAMS__C                               
1002fc94  ti_sysbios_heaps_HeapMem_Object__PARAMS__C                         
1002fcb8  ti_sysbios_knl_Clock_Object__PARAMS__C                             
1002fcdc  ti_sysbios_knl_Semaphore_Object__PARAMS__C                         
1002fd00  ti_sysbios_gates_GateHwi_Object__PARAMS__C                         
1002fd18  ti_sysbios_gates_GateMutex_Object__PARAMS__C                       
1002fd30  ti_sysbios_knl_Event_Object__PARAMS__C                             
1002fd48  ti_sysbios_knl_Queue_Object__PARAMS__C                             
1002fd80  ti_sysbios_heaps_HeapTrack_Object__PARAMS__C                       
1002fd9c  ti_sysbios_heaps_HeapTrack_Instance_State_trackQueue__O            
1002fda0  ti_sysbios_heaps_HeapTrack_Module__diagsEnabled__C                 
1002fda4  ti_sysbios_heaps_HeapTrack_Module__diagsIncluded__C                
1002fda8  ti_sysbios_heaps_HeapTrack_Module__diagsMask__C                    
1002fddb  strlen                                                             
20000000  __start___llvm_prf_cnts                                            
20000000  __stop___llvm_prf_cnts                                             
20000000  ti_sysbios_family_arm_m3_Hwi_ramVectors                            
20000100  xdcRomConstPtr                                                     
20000104  xdcRomExternFuncPtr                                                
20000108  xdcRomStatePtr                                                     
20000110  __primary_heap_start__                                             
20001110  PowerCC26X2_module                                                 
20001110  __primary_heap_end__                                               
20001244  ROM_stateStruct                                                    
20001244  ti_sysbios_knl_Clock_Module__state__V                              
20001270  ti_sysbios_family_arm_cc26xx_TimestampProvider_Module__state__V    
20001274  xdc_runtime_Startup_Module__state__V                               
2000127c  xdc_runtime_Registry_Module__state__V                              
20001284  ti_sysbios_BIOS_Module__state__V                                   
200012a8  ti_sysbios_knl_Swi_Module__state__V                                
200012c4  ti_sysbios_knl_Task_Module__state__V                               
20001308  xdc_runtime_Memory_Module__state__V                                
2000130c  xdc_runtime_System_Module__state__V                                
20001314  ti_sysbios_family_arm_m3_Hwi_Module__state__V                      
20001348  ti_sysbios_family_arm_cc26xx_Timer_Module__state__V                
200013d8  ti_sysbios_gates_GateMutex_Object__table__V                        
2000142c  ti_sysbios_knl_Task_Object__table__V                               
20001478  ti_sysbios_family_arm_cc26xx_Timer_Object__table__V                
200014c0  ti_sysbios_knl_Swi_Module_State_0_readyQ__A                        
200014f0  ti_sysbios_knl_Swi_Object__table__V                                
20001520  ti_sysbios_knl_Task_Module_State_0_readyQ__A                       
20001550  _hposcCoeffs                                                       
20001574  ti_sysbios_knl_Clock_Object__table__V                              
20001594  xdc_runtime_Error_IgnoreBlock                                      
200015b4  ti_sysbios_family_arm_m3_Hwi_Object__table__V                      
200015cc  ti_sysbios_heaps_HeapMem_Object__table__V                          
200015e4  pLedPinTable                                                       
200015fc  _lock                                                              
20001600  _unlock                                                            
20001604  pinUpperBound                                                      
20001608  pinLowerBound                                                      
2000160c  ti_sysbios_family_arm_m3_Hwi_Module__root__V                       
20001614  ti_sysbios_gates_GateHwi_Module__root__V                           
2000161c  ti_sysbios_gates_GateMutex_Module__root__V                         
20001624  ti_sysbios_hal_Hwi_Module__root__V                                 
2000162c  ti_sysbios_heaps_HeapMem_Module__root__V                           
20001634  ti_sysbios_knl_Clock_Module__root__V                               
2000163c  ti_sysbios_knl_Event_Module__root__V                               
20001644  ti_sysbios_knl_Mailbox_Module__root__V                             
2000164c  ti_sysbios_knl_Queue_Module__root__V                               
20001654  ti_sysbios_knl_Semaphore_Module__root__V                           
2000165c  ti_sysbios_knl_Swi_Module__root__V                                 
20001664  ti_sysbios_knl_Task_Module__root__V                                
2000166c  xdc_runtime_System_Module_State_0_atexitHandlers__A                
20001674  main_func_sp                                                       
20001678  ti_sysbios_family_arm_m3_Hwi_Module_State_0_excContext__A          
2000167c  ti_sysbios_family_arm_m3_Hwi_Module_State_0_excStack__A            
20001680  ti_sysbios_knl_Task_Module_State_0_idleTask__A                     
20001684  ti_sysbios_family_arm_m3_Hwi_Module_State_0_excActive__A           
20001b20  myTaskStack                                                        
20001f20  ti_sysbios_knl_Task_Instance_State_0_stack__A                      
20002120  ti_sysbios_family_arm_m3_Hwi_dispatchTable                         
200021f8  pinHandleTable                                                     
20002274  myTask                                                             
200023f4  ledPinState                                                        
20002404  PowerCC26XX_swiKey                                                 
20002408  PowerCC26XX_taskKey                                                
2000240c  driverlib_release_0_57398                                          
20013c00  __stack                                                            
20014000  __STACK_END                                                        
e000e000  ti_sysbios_family_arm_m3_Hwi_nvic                                  
ffffffff  __TI_pprof_out_hndl                                                
ffffffff  __TI_prof_data_size                                                
ffffffff  __TI_prof_data_start                                               
ffffffff  __binit__                                                          
ffffffff  __c_args__                                                         
ffffffff  binit                                                              
UNDEFED   SHT$$INIT_ARRAY$$Base                                              
UNDEFED   SHT$$INIT_ARRAY$$Limit                                             

[800 symbols]
