******************************************************************************
                  TI ARM Linker PC v20.2.4                     
******************************************************************************
>> Linked Sat May 15 10:58:14 2021

OUTPUT FILE NAME:   <TIRTOS_CC2640R2_LAUNCHXL_tirtos_ccs.out>
ENTRY POINT SYMBOL: "ResetISR"  address: 00003d8d


MEMORY CONFIGURATION

         name            origin    length      used     unused   attr    fill
----------------------  --------  ---------  --------  --------  ----  --------
  FLASH                 00000000   00020000  00006028  00019fd8  R  X
  SRAM                  20000000   00005000  000032e2  00001d1e  RW X


SEGMENT ALLOCATION MAP

run origin  load origin   length   init length attrs members
----------  ----------- ---------- ----------- ----- -------
00000000    00000000    00005fd0   00005fd0    r-x
  00000000    00000000    0000003c   0000003c    r-- .resetVecs
  0000003c    0000003c    00005728   00005728    r-x .text
  00005764    00005764    0000069c   0000069c    r-- .const
  00005e00    00005e00    000001d0   000001d0    r-- .cinit
0001ffa8    0001ffa8    00000058   00000058    r--
  0001ffa8    0001ffa8    00000058   00000058    r-- .ccfg
20000100    20000100    000017b0   00000000    rw-
  20000100    20000100    000017b0   00000000    rw- .bss
200018b0    200018b0    00001000   00000000    r--
  200018b0    200018b0    00001000   00000000    r-- .priheap
200028b0    200028b0    0000066a   00000000    rw-
  200028b0    200028b0    0000066a   00000000    rw- .data
20004c00    20004c00    00000400   00000000    rw-
  20004c00    20004c00    00000400   00000000    rw- .stack


SECTION ALLOCATION MAP

 output                                  attributes/
section   page    origin      length       input sections
--------  ----  ----------  ----------   ----------------
.cinit     0    00005e00    000001d0     
                  00005e00    000001ac     (.cinit..data.load) [load image, compression = lzss]
                  00005fac    0000000c     (__TI_handler_table)
                  00005fb8    00000008     (.cinit..bss.load) [load image, compression = zero_init]
                  00005fc0    00000010     (__TI_cinit_table)

.init_array 
*          0    00000000    00000000     UNINITIALIZED

.ccfg      0    0001ffa8    00000058     
                  0001ffa8    00000058     ccfg.obj (.ccfg:retain)

.bss       0    20000100    000017b0     UNINITIALIZED
                  20000100    00000400     hello.obj (.bss:urgentWorkTaskStack)
                  20000500    00000400     hello.obj (.bss:workTaskStack)
                  20000900    00000400     (.common:ti_uia_loggers_LoggerStopMode_Instance_State_0_packetArray__A)
                  20000d00    00000400     (.common:ti_uia_loggers_LoggerStopMode_Instance_State_1_packetArray__A)
                  20001100    00000200     hello_pem3.oem3 (.bss:taskStackSection)
                  20001300    00000200     (.common:xdc_runtime_SysMin_Module_State_0_outbuf__A)
                  20001500    00000120     rtsv7M3_T_le_eabi.lib : trgmsg.c.obj (.bss:_CIOBUF_)
                  20001620    000000c8     (.common:ti_sysbios_family_arm_m3_Hwi_dispatchTable)
                  200016e8    00000050     (.common:urgentWorkTask)
                  20001738    00000050     (.common:workTask)
                  20001788    00000014     driverlib.lib : osc.obj (.bss:oscHfGlobals)
                  2000179c    00000008     dpl_cc26x0r2.aem3 : PowerCC26XX_tirtos.oem3 (.bss:$O1$$)
                  200017a4    00000008     driverlib.lib : sys_ctrl.obj (.bss:powerQualGlobals)
                  200017ac    00000008     (.common:parmbuf)
                  200017b4    00000004     (.common:ClockP_tickPeriod)
                  200017b8    00000001     (.common:driverlib_release_0_60062)
                  200017b9    00000047     --HOLE--
                  20001800    00000030     (.common:ti_uia_loggers_LoggerStopMode_Instance_State_0_hdr__A)
                  20001830    00000050     --HOLE--
                  20001880    00000030     (.common:ti_uia_loggers_LoggerStopMode_Instance_State_1_hdr__A)

.data      0    200028b0    0000066a     UNINITIALIZED
                  200028b0    00000114     drivers_cc26x0r2.aem3 : PINCC26XX.oem3 (.data:$O1$$)
                  200029c4    00000114                           : PowerCC26XX.oem3 (.data:PowerCC26XX_module)
                  20002ad8    00000068     hello_pem3.oem3 (.data:ti_uia_loggers_LoggerStopMode_Object__table__V)
                  20002b40    0000004c     hello_pem3.oem3 (.data:ti_sysbios_knl_Task_Object__table__V)
                  20002b8c    00000004     rtsv7M3_T_le_eabi.lib : stkdepth_vars.c.obj (.data)
                  20002b90    00000048     hello_pem3.oem3 (.data:ti_sysbios_family_arm_cc26xx_Timer_Object__table__V)
                  20002bd8    00000044     hello_pem3.oem3 (.data:ti_sysbios_knl_Task_Module__state__V)
                  20002c1c    00000040     drivers_cc26x0r2.aem3 : GPIOCC26XX.oem3 (.data:$O1$$)
                  20002c5c    00000038     hello_pem3.oem3 (.data:ti_sysbios_gates_GateMutex_Object__table__V)
                  20002c94    00000034     hello_pem3.oem3 (.data:ti_sysbios_family_arm_m3_Hwi_Module__state__V)
                  20002cc8    00000030     CC2640R2_LAUNCHXL.obj (.data:gpioPinConfigs)
                  20002cf8    00000030     hello_pem3.oem3 (.data:ti_sysbios_knl_Swi_Module_State_0_readyQ__A)
                  20002d28    00000030     hello_pem3.oem3 (.data:ti_sysbios_knl_Swi_Object__table__V)
                  20002d58    0000002c     hello_pem3.oem3 (.data:ti_sysbios_knl_Clock_Module__state__V)
                  20002d84    00000024     hello_pem3.oem3 (.data:ti_sysbios_BIOS_Module__state__V)
                  20002da8    00000020     hello_pem3.oem3 (.data:ti_sysbios_knl_Clock_Object__table__V)
                  20002dc8    00000020     hello_pem3.oem3 (.data:ti_sysbios_knl_Task_Module_State_0_readyQ__A)
                  20002de8    00000020     hello_pem3.oem3 (.data:xdc_runtime_Error_IgnoreBlock)
                  20002e08    0000001c     hello_pem3.oem3 (.data:ti_sysbios_knl_Swi_Module__state__V)
                  20002e24    00000018     hello_pem3.oem3 (.data:ti_sysbios_family_arm_m3_Hwi_Object__table__V)
                  20002e3c    00000018     hello_pem3.oem3 (.data:ti_sysbios_heaps_HeapMem_Object__table__V)
                  20002e54    00000010     CC2640R2_LAUNCHXL.obj (.data:gpioCallbackFunctions)
                  20002e64    0000000c     hello_pem3.oem3 (.data:ti_sysbios_knl_Task_Module__root__V)
                  20002e70    0000000c     hello_pem3.oem3 (.data:ti_uia_runtime_QueueDescriptor_Module__state__V)
                  20002e7c    0000000c     hello_pem3.oem3 (.data:xdc_runtime_SysMin_Module__state__V)
                  20002e88    00000008     rtsv7M3_T_le_eabi.lib : _lock.c.obj (.data:$O1$$)
                  20002e90    00000008     ti.uia.runtime.aem3 : QueueDescriptor.oem3 (.data)
                  20002e98    00000008     hello_pem3.oem3 (.data:ti_sysbios_family_arm_cc26xx_Timer_Module__state__V)
                  20002ea0    00000008     hello_pem3.oem3 (.data:ti_sysbios_family_arm_m3_Hwi_Module__root__V)
                  20002ea8    00000008     hello_pem3.oem3 (.data:ti_sysbios_gates_GateHwi_Module__root__V)
                  20002eb0    00000008     hello_pem3.oem3 (.data:ti_sysbios_gates_GateMutex_Module__root__V)
                  20002eb8    00000008     hello_pem3.oem3 (.data:ti_sysbios_heaps_HeapMem_Module__root__V)
                  20002ec0    00000008     hello_pem3.oem3 (.data:ti_sysbios_knl_Clock_Module__root__V)
                  20002ec8    00000008     hello_pem3.oem3 (.data:ti_sysbios_knl_Queue_Module__root__V)
                  20002ed0    00000008     hello_pem3.oem3 (.data:ti_sysbios_knl_Semaphore_Module__root__V)
                  20002ed8    00000008     hello_pem3.oem3 (.data:ti_sysbios_knl_Swi_Module__root__V)
                  20002ee0    00000008     hello_pem3.oem3 (.data:ti_uia_loggers_LoggerStopMode_Module__root__V)
                  20002ee8    00000008     hello_pem3.oem3 (.data:xdc_runtime_Startup_Module__state__V)
                  20002ef0    00000008     hello_pem3.oem3 (.data:xdc_runtime_System_Module_State_0_atexitHandlers__A)
                  20002ef8    00000008     hello_pem3.oem3 (.data:xdc_runtime_System_Module__state__V)
                  20002f00    00000004     hello_pem3.oem3 (.data:ti_sysbios_family_arm_cc26xx_TimestampProvider_Module__state__V)
                  20002f04    00000004     hello_pem3.oem3 (.data:ti_sysbios_family_arm_m3_Hwi_Module_State_0_excContext__A)
                  20002f08    00000004     hello_pem3.oem3 (.data:ti_sysbios_family_arm_m3_Hwi_Module_State_0_excStack__A)
                  20002f0c    00000004     hello_pem3.oem3 (.data:ti_sysbios_gates_GateHwi_Object__table__V)
                  20002f10    00000004     hello_pem3.oem3 (.data:ti_sysbios_knl_Task_Module_State_0_idleTask__A)
                  20002f14    00000004     hello_pem3.oem3 (.data:xdc_runtime_Memory_Module__state__V)
                  20002f18    00000002     hello_pem3.oem3 (.data:ti_sysbios_family_arm_m3_Hwi_Module_State_0_excActive__A)

.priheap   0    200018b0    00001000     UNINITIALIZED
                  200018b0    00001000     --HOLE--

.stack     0    20004c00    00000400     UNINITIALIZED
                  20004c00    00000400     --HOLE--

.bootVecs 
*          0    00000000    00000008     DSECT
                  00000000    00000008     boot.aem3 : boot.oem3 (.bootVecs)

.resetVecs 
*          0    00000000    0000003c     
                  00000000    0000003c     hello_pem3.oem3 (.resetVecs)

.vecs      0    20000000    000000c8     NOLOAD SECTION
                  20000000    000000c8     hello_pem3.oem3 (.vecs)

xdc.meta   0    00000000    0000010e     COPY SECTION
                  00000000    0000010e     hello_pem3.oem3 (xdc.meta)

xdc.noload 
*          0    00000000    00000000     COPY SECTION

__llvm_prf_cnts 
*          0    20000000    00000000     UNINITIALIZED

.binit     0    00000000    00000000     

.text      0    0000003c    00005728     
                  0000003c    00000314     drivers_cc26x0r2.aem3 : PowerCC26XX_calibrateRCOSC.oem3 (.text:PowerCC26XX_auxISR)
                  00000350    0000022c                           : PowerCC26XX.oem3 (.text:Power_sleep)
                  0000057c    00000220     driverlib.lib : sys_ctrl.obj (.text:NOROM_SysCtrlSetRechargeBeforePowerDown)
                  0000079c    000001b0     drivers_cc26x0r2.aem3 : PINCC26XX.oem3 (.text:PIN_init)
                  0000094c    00000190                           : PowerCC26XX_calibrateRCOSC.oem3 (.text:PowerCC26XX_doCalibrate)
                  00000adc    0000013a     hello_pem3.oem3 (.text:ti_uia_loggers_LoggerStopMode_writeMemoryRange__E)
                  00000c16    00000002     rtsv7M3_T_le_eabi.lib : _lock.c.obj (.text:_nop)
                  00000c18    0000012c     drivers_cc26x0r2.aem3 : PowerCC26XX.oem3 (.text:Power_init)
                  00000d44    0000012c     sysbios.aem3 : BIOS.obj (.text:ti_sysbios_knl_Semaphore_pend__E)
                  00000e70    0000011c                  : BIOS.obj (.text:ti_sysbios_family_arm_m3_Hwi_dispatchC__I)
                  00000f8c    00000114                  : BIOS.obj (.text:ti_sysbios_knl_Swi_run__I)
                  000010a0    00000110     drivers_cc26x0r2.aem3 : GPIOCC26XX.oem3 (.text:GPIO_setConfig)
                  000011b0    00000110                           : PINCC26XX.oem3 (.text:PINCC26XX_setIoCfg)
                  000012c0    0000010c     hello_pem3.oem3 (.text:ti_uia_loggers_LoggerStopMode_write8__E)
                  000013cc    000000f8     sysbios.aem3 : BIOS.obj (.text:xdc_runtime_Startup_startMods__I)
                  000014c4    000000f4     hello_pem3.oem3 (.text:ti_uia_loggers_LoggerStopMode_write4__E)
                  000015b8    000000e8     dpl_cc26x0r2.aem3 : PowerCC26XX_tirtos.oem3 (.text:PowerCC26XX_standbyPolicy)
                  000016a0    000000e8     hello_pem3.oem3 (.text:ti_uia_loggers_LoggerStopMode_write2__E)
                  00001788    000000e4     hello_pem3.oem3 (.text:ti_uia_loggers_LoggerStopMode_write1__E)
                  0000186c    000000d8     sysbios.aem3 : BIOS.obj (.text:ti_sysbios_knl_Clock_walkQueueDynamic__E)
                  00001944    000000d8     hello_pem3.oem3 (.text:ti_uia_loggers_LoggerStopMode_write0__E)
                  00001a1c    000000d0     sysbios.aem3 : BIOS.obj (.text:ti_sysbios_knl_Task_sleep__E)
                  00001aec    000000cc                  : m3_Hwi_asm.obj (.text:ti_sysbios_family_arm_m3_Hwi_dispatch__I)
                  00001bb8    000000c4                  : BIOS.obj (.text:ti_sysbios_knl_Task_schedule__I)
                  00001c7c    000000c0     driverlib.lib : setup.obj (.text:TrimAfterColdResetWakeupFromShutDown)
                  00001d3c    000000bc     drivers_cc26x0r2.aem3 : PowerCC26XX.oem3 (.text:Power_releaseDependency)
                  00001df8    000000bc     sysbios.aem3 : BIOS.obj (.text:ti_sysbios_knl_Task_Instance_init__E)
                  00001eb4    000000b8                  : BIOS.obj (.text:ti_sysbios_knl_Semaphore_post__E)
                  00001f6c    000000b8                  : BIOS.obj (.text:ti_sysbios_knl_Task_startCore__E)
                  00002024    000000b4     drivers_cc26x0r2.aem3 : PowerCC26XX.oem3 (.text:Power_setDependency)
                  000020d8    000000ac     driverlib.lib : setup.obj (.text:NOROM_SetupTrimDevice)
                  00002184    000000a8     drivers_cc26x0r2.aem3 : GPIOCC26XX.oem3 (.text:GPIO_init)
                  0000222c    000000a8     sysbios.aem3 : BIOS.obj (.text:ti_sysbios_knl_Swi_post__E)
                  000022d4    000000a4     drivers_cc26x0r2.aem3 : PowerCC26XX.oem3 (.text:switchXOSCHFclockFunc)
                  00002378    000000a0                           : PINCC26XX.oem3 (.text:PIN_open)
                  00002418    000000a0     auto_init.aem3 : auto_init.oem3 (.text)
                  000024b8    0000009c     rtsv7M3_T_le_eabi.lib : memcpy_t2.asm.obj (.text)
                  00002554    0000009c     sysbios.aem3 : BIOS.obj (.text:ti_sysbios_knl_Task_blockI__E)
                  000025f0    00000098                  : BIOS.obj (.text:ti_sysbios_knl_Clock_workFuncDynamic__E)
                  00002688    00000096     rtsv7M3_T_le_eabi.lib : ull_div_t2.asm.obj (.text)
                  0000271e    00000002     drivers_cc26x0r2.aem3 : PowerCC26XX.oem3 (.text:emptyClockFunc)
                  00002720    00000094     sysbios.aem3 : BIOS.obj (.text:ti_sysbios_knl_Task_Instance_finalize__E)
                  000027b4    00000094                  : BIOS.obj (.text:ti_sysbios_knl_Task_exit__E)
                  00002848    00000090                  : BIOS.obj (.text:ti_sysbios_family_arm_cc26xx_Timer_start__E)
                  000028d8    00000090                  : BIOS.obj (.text:ti_sysbios_knl_Task_unblockI__E)
                  00002968    00000090     ti.uia.loggers.aem3 : LoggerStopMode.oem3 (.text:ti_uia_loggers_LoggerStopMode_initQueueDescriptor__E)
                  000029f8    0000008c     sysbios.aem3 : BIOS.obj (.text:ti_sysbios_family_arm_m3_Hwi_Instance_init__E)
                  00002a84    00000084     CC2640R2_LAUNCHXL_fxns.obj (.text:CC2640R2_LAUNCHXL_sendExtFlashByte)
                  00002b08    00000084     sysbios.aem3 : BIOS.obj (.text:ti_sysbios_knl_Task_postInit__I)
                  00002b8c    00000080                  : BIOS.obj (.text:ti_sysbios_family_arm_m3_Hwi_initNVIC__E)
                  00002c0c    0000007a     rtsv7M3_T_le_eabi.lib : memset_t2.asm.obj (.text)
                  00002c86    00000078     sysbios.aem3 : BIOS.obj (.text:ti_sysbios_heaps_HeapMem_allocUnprotected__E)
                  00002cfe    00000002     rtsv7M3_T_le_eabi.lib : div0.asm.obj (.text)
                  00002d00    00000074     ti.uia.runtime.aem3 : QueueDescriptor.oem3 (.text:ti_uia_runtime_QueueDescriptor_addToList__E)
                  00002d74    00000070     driverlib.lib : sys_ctrl.obj (.text:NOROM_SysCtrlAdjustRechargeAfterPowerDown)
                  00002de4    00000070     drivers_cc26x0r2.aem3 : PowerCC26XX.oem3 (.text:lfClockReadyCallback)
                  00002e54    00000070     sysbios.aem3 : BIOS.obj (.text:xdc_runtime_Memory_alloc__E)
                  00002ec4    0000006e                  : BIOS.obj (.text:xdc_runtime_Core_createObject__I)
                  00002f32    00000002                  : BIOS.obj (.text:ti_sysbios_BIOS_linkedWithIncorrectBootLibrary__E)
                  00002f34    0000006c     driverlib.lib : osc.obj (.text:NOROM_OSCHF_AttemptToSwitchToXosc)
                  00002fa0    0000006c     drivers_cc26x0r2.aem3 : PowerCC26XX_calibrateRCOSC.oem3 (.text:PowerCC26XX_initiateCalibration)
                  0000300c    0000006c                           : PowerCC26XX.oem3 (.text:configureXOSCHF)
                  00003078    00000068     driverlib.lib : sys_ctrl.obj (.text:NOROM_SysCtrl_DCDC_VoltageConditionalControl)
                  000030e0    00000068     drivers_cc26x0r2.aem3 : PINCC26XX.oem3 (.text:PIN_add)
                  00003148    00000068     rtsv7M3_T_le_eabi.lib : copy_decompress_lzss.c.obj (.text:decompress:lzss:__TI_decompress_lzss)
                  000031b0    00000068     sysbios.aem3 : BIOS.obj (.text:ti_sysbios_knl_Clock_startI__E)
                  00003218    00000068                  : BIOS.obj (.text:ti_sysbios_knl_Swi_restoreHwi__E)
                  00003280    00000066     ti.uia.loggers.aem3 : LoggerStopMode.oem3 (.text:ti_uia_loggers_LoggerStopMode_flush__E)
                  000032e6    00000066     sysbios.aem3 : BIOS.obj (.text:xdc_runtime_Core_deleteObject__I)
                  0000334c    00000064     hello.obj (.text:main)
                  000033b0    00000064     sysbios.aem3 : BIOS.obj (.text:ti_sysbios_heaps_HeapMem_initPrimary__I)
                  00003414    00000060     drivers_cc26x0r2.aem3 : PowerCC26XX.oem3 (.text:PowerCC26XX_calibrate)
                  00003474    00000060     sysbios.aem3 : BIOS.obj (.text:ti_sysbios_knl_Clock_logTick__E)
                  000034d4    0000005e                  : BIOS.obj (.text:ti_sysbios_heaps_HeapMem_freeUnprotected__E)
                  00003532    00000002     hello_pem3.oem3 (.text:ti_sysbios_BIOS_nullFunc__I)
                  00003534    0000005c     drivers_cc26x0r2.aem3 : PowerCC26XX_calibrateRCOSC.oem3 (.text:PowerCC26XX_RCOSC_clockFunc)
                  00003590    0000005c     sysbios.aem3 : BIOS.obj (.text:ti_sysbios_knl_Task_Module_startup__E)
                  000035ec    00000058     rtsv7M3_T_le_eabi.lib : hostwrite.c.obj (.text:HOSTwrite)
                  00003644    00000058     drivers_cc26x0r2.aem3 : PINCC26XX.oem3 (.text:PIN_remove)
                  0000369c    00000058     sysbios.aem3 : BIOS.obj (.text:ti_sysbios_family_arm_m3_Hwi_postInit__I)
                  000036f4    00000058                  : BIOS.obj (.text:ti_sysbios_heaps_HeapMem_alloc__E)
                  0000374c    00000054     drivers_cc26x0r2.aem3 : GPIOCC26XX.oem3 (.text:GPIO_write)
                  000037a0    00000054     sysbios.aem3 : BIOS.obj (.text:ti_sysbios_knl_Swi_schedule__I)
                  000037f4    00000050     dpl_cc26x0r2.aem3 : ClockP_tirtos.oem3 (.text:ClockP_construct)
                  00003844    00000050     hello_pem3.oem3 (.text:ti_sysbios_family_arm_m3_Hwi_construct)
                  00003894    00000050     sysbios.aem3 : BIOS.obj (.text:ti_sysbios_knl_Swi_Instance_init__E)
                  000038e4    00000050                  : BIOS.obj (.text:ti_sysbios_knl_Swi_runLoop__I)
                  00003934    00000050                  : BIOS.obj (.text:xdc_runtime_Startup_exec__E)
                  00003984    0000004c     CC2640R2_LAUNCHXL_fxns.obj (.text:CC2640R2_LAUNCHXL_wakeUpExtFlash)
                  000039d0    0000004c     rtsv7M3_T_le_eabi.lib : cpy_tbl.c.obj (.text:copy_in)
                  00003a1c    0000004c     sysbios.aem3 : m3_TaskSupport_asm.obj (.text:ti_sysbios_family_arm_m3_TaskSupport_buildTaskStack)
                  00003a68    0000004c     hello_pem3.oem3 (.text:ti_sysbios_knl_Swi_construct)
                  00003ab4    0000004c     hello_pem3.oem3 (.text:ti_sysbios_knl_Task_construct)
                  00003b00    0000004c     ti.uia.loggers.aem3 : LoggerStopMode.oem3 (.text:ti_uia_loggers_LoggerStopMode_Module_startup__E)
                  00003b4c    0000004c     sysbios.aem3 : BIOS.obj (.text:xdc_runtime_Assert_raise__I)
                  00003b98    00000048                  : BIOS.obj (.text:ti_sysbios_family_arm_cc26xx_Timer_setThreshold__I)
                  00003be0    00000048                  : BIOS.obj (.text:ti_sysbios_family_arm_m3_Hwi_Module_startup__E)
                  00003c28    00000048                  : m3_Hwi_asm_switch.obj (.text:ti_sysbios_family_arm_m3_Hwi_initStacks__E)
                  00003c70    00000048                  : BIOS.obj (.text:ti_sysbios_heaps_HeapMem_getStats__E)
                  00003cb8    00000048                  : BIOS.obj (.text:xdc_runtime_Core_assignParams__I)
                  00003d00    00000048                  : BIOS.obj (.text:xdc_runtime_Core_constructObject__I)
                  00003d48    00000044     driverlib.lib : osc.obj (.text:NOROM_OSCHF_SwitchToRcOscTurnOffXosc)
                  00003d8c    00000044     boot.aem3 : boot.oem3 (.text)
                  00003dd0    00000044     sysbios.aem3 : BIOS.obj (.text:ti_sysbios_family_arm_m3_Hwi_disableInterrupt__E)
                  00003e14    00000044                  : BIOS.obj (.text:ti_sysbios_family_arm_m3_Hwi_enableInterrupt__E)
                  00003e58    00000044                  : BIOS.obj (.text:ti_sysbios_knl_Task_allBlockedFunction__I)
                  00003e9c    00000044     ti.uia.loggers.aem3 : LoggerStopMode.oem3 (.text:ti_uia_loggers_LoggerStopMode_initBuffer__I)
                  00003ee0    00000044     sysbios.aem3 : BIOS.obj (.text:xdc_runtime_SysMin_flush__E)
                  00003f24    00000040     CC2640R2_LAUNCHXL_fxns.obj (.text:CC2640R2_LAUNCHXL_shutDownExtFlash)
                  00003f64    00000040     drivers_cc26x0r2.aem3 : PINCC26XX.oem3 (.text:PIN_swi)
                  00003fa4    00000040     sysbios.aem3 : BIOS.obj (.text:ti_sysbios_family_arm_m3_Hwi_getStackInfo__E)
                  00003fe4    0000003e     dpl_cc26x0r2.aem3 : HwiP_tirtos.oem3 (.text:HwiP_construct)
                  00004022    00000002     sysbios.aem3 : BIOS.obj (.text:ti_sysbios_gates_GateHwi_Instance_init__E)
                  00004024    0000003c     drivers_cc26x0r2.aem3 : GPIOCC26XX.oem3 (.text:GPIO_setCallback)
                  00004060    0000003c     driverlib.lib : osc.obj (.text:NOROM_OSC_HPOSCRelativeFrequencyOffsetGet)
                  0000409c    0000003c     dpl_cc26x0r2.aem3 : SwiP_tirtos.oem3 (.text:SwiP_construct)
                  000040d8    0000003c     drivers_cc26x0r2.aem3 : PowerCC26XX.oem3 (.text:disableLfClkQualifiersEnableClkLoss)
                  00004114    0000003c     sysbios.aem3 : BIOS.obj (.text:ti_sysbios_family_arm_m3_Hwi_construct2__E)
                  00004150    00000038     drivers_cc26x0r2.aem3 : PINCC26XX.oem3 (.text:PIN_setConfig)
                  00004188    00000038                           : PINCC26XX.oem3 (.text:PIN_setOutputValue)
                  000041c0    00000038     rtsv7M3_T_le_eabi.lib : trgmsg.c.obj (.text:__TI_writemsg)
                  000041f8    00000038     sysbios.aem3 : BIOS.obj (.text:ti_sysbios_family_arm_cc26xx_Timer_getCurrentTick__E)
                  00004230    00000038                  : BIOS.obj (.text:ti_sysbios_family_arm_m3_Hwi_Instance_finalize__E)
                  00004268    00000038                  : BIOS.obj (.text:ti_sysbios_heaps_HeapMem_Instance_init__E)
                  000042a0    00000038                  : BIOS.obj (.text:ti_sysbios_knl_Clock_Instance_init__E)
                  000042d8    00000038                  : BIOS.obj (.text:xdc_runtime_System_atexit__E)
                  00004310    00000036                  : BIOS.obj (.text:ti_sysbios_family_arm_cc26xx_Timer_setNextTick__E)
                  00004346    00000002                  : BIOS.obj (.text:ti_sysbios_knl_Clock_triggerFunc__I)
                  00004348    00000034     drivers_cc26x0r2.aem3 : PowerCC26XX.oem3 (.text:Power_releaseConstraint)
                  0000437c    00000034     rtsv7M3_T_le_eabi.lib : trgmsg.c.obj (.text:__TI_readmsg)
                  000043b0    00000034     drivers_cc26x0r2.aem3 : PowerCC26XX.oem3 (.text:notify)
                  000043e4    00000034     sysbios.aem3 : BIOS.obj (.text:ti_sysbios_family_arm_cc26xx_Timer_initDevice__I)
                  00004418    00000034     hello_pem3.oem3 (.text:ti_sysbios_knl_Semaphore_create)
                  0000444c    00000034     sysbios.aem3 : BIOS.obj (.text:ti_sysbios_knl_Swi_restore__E)
                  00004480    00000034     ti.uia.loggers.aem3 : LoggerStopMode.oem3 (.text:ti_uia_loggers_LoggerStopMode_reset__E)
                  000044b4    00000034     sysbios.aem3 : BIOS.obj (.text:xdc_runtime_SysMin_abort__E)
                  000044e8    00000034                  : BIOS.obj (.text:xdc_runtime_SysMin_putch__E)
                  0000451c    00000030     drivers_cc26x0r2.aem3 : GPIOCC26XX.oem3 (.text:GPIO_hwiIntFxn)
                  0000454c    00000030                           : PowerCC26XX.oem3 (.text:Power_setConstraint)
                  0000457c    00000030     hello_pem3.oem3 (.text:ti_sysbios_BIOS_atExitFunc__I)
                  000045ac    00000030     hello_pem3.oem3 (.text:ti_sysbios_BIOS_startFunc__I)
                  000045dc    00000030     hello_pem3.oem3 (.text:ti_sysbios_gates_GateHwi_Object__create__S)
                  0000460c    00000030     hello_pem3.oem3 (.text:ti_sysbios_gates_GateMutex_Object__create__S)
                  0000463c    00000030     sysbios.aem3 : BIOS.obj (.text:ti_sysbios_gates_GateMutex_enter__E)
                  0000466c    00000030     hello_pem3.oem3 (.text:ti_sysbios_heaps_HeapMem_Object__create__S)
                  0000469c    00000030     sysbios.aem3 : BIOS.obj (.text:ti_sysbios_heaps_HeapMem_free__E)
                  000046cc    00000030     hello_pem3.oem3 (.text:ti_sysbios_knl_Clock_construct)
                  000046fc    00000030     hello_pem3.oem3 (.text:ti_sysbios_knl_Semaphore_construct)
                  0000472c    00000030     sysbios.aem3 : BIOS.obj (.text:ti_sysbios_knl_Task_processVitalTaskFlag__I)
                  0000475c    00000030     hello_pem3.oem3 (.text:ti_uia_loggers_LoggerStopMode_Object__create__S)
                  0000478c    00000030     sysbios.aem3 : BIOS.obj (.text:xdc_runtime_System_processAtExit__E)
                  000047bc    0000002e                  : BIOS.obj (.text:ti_sysbios_family_arm_m3_TaskSupport_start__E)
                  000047ea    0000002e                  : BIOS.obj (.text:ti_sysbios_hal_Hwi_initStack)
                  00004818    0000002c     driverlib.lib : chipinfo.obj (.text:NOROM_ChipInfo_GetChipFamily)
                  00004844    0000002c     dpl_cc26x0r2.aem3 : SemaphoreP_tirtos.oem3 (.text:SemaphoreP_constructBinary)
                  00004870    0000002c                       : SemaphoreP_tirtos.oem3 (.text:SemaphoreP_createBinary)
                  0000489c    0000002c     hello_pem3.oem3 (.text:ti_sysbios_gates_GateHwi_Handle__label__S)
                  000048c8    0000002c     hello_pem3.oem3 (.text:ti_sysbios_gates_GateMutex_Handle__label__S)
                  000048f4    0000002c     hello_pem3.oem3 (.text:ti_sysbios_heaps_HeapMem_Handle__label__S)
                  00004920    0000002c     sysbios.aem3 : BIOS.obj (.text:ti_sysbios_knl_Clock_getTicksUntilInterrupt__E)
                  0000494c    0000002c     hello_pem3.oem3 (.text:ti_sysbios_knl_Queue_construct)
                  00004978    0000002c     sysbios.aem3 : BIOS.obj (.text:ti_sysbios_knl_Semaphore_pendTimeout__I)
                  000049a4    0000002c     hello_pem3.oem3 (.text:ti_uia_loggers_LoggerStopMode_Handle__label__S)
                  000049d0    00000028     driverlib.lib : chipinfo.obj (.text:NOROM_ChipInfo_GetChipType)
                  000049f8    00000028                   : adi.obj (.text:SafeHapiVoid)
                  00004a20    00000028     sysbios.aem3 : m3_Hwi_asm.obj (.text:ti_sysbios_family_arm_m3_Hwi_excHandlerAsm__I)
                  00004a48    00000028                  : BIOS.obj (.text:ti_sysbios_knl_Clock_addI__E)
                  00004a70    00000028                  : BIOS.obj (.text:ti_sysbios_knl_Task_restore__E)
                  00004a98    00000028     hello.obj (.text:workTaskFunc)
                  00004ac0    00000024     driverlib.lib : osc.obj (.text:NOROM_OSCHF_TurnOnXosc)
                  00004ae4    00000024     drivers_cc26x0r2.aem3 : PINCC26XX.oem3 (.text:PINCC26XX_setIoCfgMux)
                  00004b08    00000024     hello_pem3.oem3 (.text:ti_sysbios_BIOS_registerRTSLock__I)
                  00004b2c    00000024     hello_pem3.oem3 (.text:ti_sysbios_BIOS_removeRTSLock__I)
                  00004b50    00000024     sysbios.aem3 : BIOS.obj (.text:ti_sysbios_family_arm_cc26xx_Timer_Module_startup__E)
                  00004b74    00000024                  : BIOS.obj (.text:ti_sysbios_family_arm_cc26xx_Timer_getMaxTicks__E)
                  00004b98    00000024                  : BIOS.obj (.text:ti_sysbios_family_arm_cc26xx_Timer_startup__E)
                  00004bbc    00000024     hello_pem3.oem3 (.text:ti_sysbios_gates_GateMutex_Object__delete__S)
                  00004be0    00000024     sysbios.aem3 : BIOS.obj (.text:ti_sysbios_knl_Semaphore_Instance_init__E)
                  00004c04    00000024     hello_pem3.oem3 (.text:ti_sysbios_knl_Semaphore_Object__delete__S)
                  00004c28    00000024     sysbios.aem3 : BIOS.obj (.text:ti_sysbios_knl_Swi_Module_startup__E)
                  00004c4c    00000024     hello.obj (.text:urgentWorkTaskFunc)
                  00004c70    00000022     sysbios.aem3 : BIOS.obj (.text:ti_sysbios_family_arm_cc26xx_Timer_postInit__I)
                  00004c92    00000022     hello_pem3.oem3 (.text:xdc_runtime_SysMin_output__I)
                  00004cb4    00000020     hello.obj (.text:doUrgentWork)
                  00004cd4    00000020     hello.obj (.text:doWork)
                  00004cf4    00000020     hello_pem3.oem3 (.text:ti_sysbios_BIOS_rtsLock__I)
                  00004d14    00000020     sysbios.aem3 : BIOS.obj (.text:ti_sysbios_family_arm_cc26xx_Timer_dynamicStub__E)
                  00004d34    00000020                  : BIOS.obj (.text:ti_sysbios_family_arm_cc26xx_TimestampProvider_Module_startup__E)
                  00004d54    00000020     hello_pem3.oem3 (.text:ti_sysbios_gates_GateHwi_Object__delete__S)
                  00004d74    00000020     hello_pem3.oem3 (.text:ti_sysbios_heaps_HeapMem_Object__delete__S)
                  00004d94    00000020     sysbios.aem3 : BIOS.obj (.text:ti_sysbios_knl_Clock_Module_startup__E)
                  00004db4    00000020                  : BIOS.obj (.text:ti_sysbios_knl_Clock_getTicks__E)
                  00004dd4    00000020                  : BIOS.obj (.text:ti_sysbios_knl_Clock_stop__E)
                  00004df4    00000020                  : BIOS.obj (.text:ti_sysbios_knl_Idle_run__E)
                  00004e14    00000020     hello_pem3.oem3 (.text:ti_sysbios_knl_Semaphore_destruct)
                  00004e34    00000020     sysbios.aem3 : BIOS.obj (.text:ti_sysbios_knl_Task_restoreHwi__E)
                  00004e54    00000020     hello_pem3.oem3 (.text:ti_uia_loggers_LoggerStopMode_Object__delete__S)
                  00004e74    00000020     sysbios.aem3 : BIOS.obj (.text:xdc_runtime_SysMin_Module_startup__E)
                  00004e94    0000001e     drivers_cc26x0r2.aem3 : PINCC26XX.oem3 (.text:PIN_close)
                  00004eb2    0000001e                           : PowerCC26XX.oem3 (.text:Power_getTransitionLatency)
                  00004ed0    0000001e     sysbios.aem3 : m3_Hwi_asm_switch.obj (.text:ti_sysbios_family_xxx_Hwi_switchAndRunFunc)
                  00004eee    00000002                  : BIOS.obj (.text:ti_sysbios_knl_Swi_Instance_finalize__E)
                  00004ef0    0000001c     CC2640R2_LAUNCHXL.obj (.text:CC2640R2_LAUNCHXL_initGeneral)
                  00004f0c    0000001c     drivers_cc26x0r2.aem3 : PINCC26XX.oem3 (.text:PIN_hwi)
                  00004f28    0000001c     sysbios.aem3 : BIOS.obj (.text:ti_sysbios_family_arm_m3_Hwi_excHandler__I)
                  00004f44    0000001c                  : BIOS.obj (.text:ti_sysbios_family_arm_m3_Hwi_setPriority__E)
                  00004f60    0000001c                  : BIOS.obj (.text:ti_sysbios_gates_GateMutex_Instance_init__E)
                  00004f7c    0000001c                  : BIOS.obj (.text:ti_sysbios_knl_Clock_scheduleNextTick__E)
                  00004f98    0000001c     hello_pem3.oem3 (.text:ti_sysbios_knl_Queue_destruct)
                  00004fb4    0000001c     sysbios.aem3 : BIOS.obj (.text:ti_sysbios_knl_Queue_put__E)
                  00004fd0    0000001c                  : BIOS.obj (.text:ti_sysbios_knl_Swi_construct2__E)
                  00004fec    0000001c                  : BIOS.obj (.text:ti_sysbios_knl_Task_enter__I)
                  00005008    0000001c     ti.uia.loggers.aem3 : LoggerStopMode.oem3 (.text:ti_uia_loggers_LoggerStopMode_Instance_init__E)
                  00005024    0000001c     sysbios.aem3 : BIOS.obj (.text:xdc_runtime_Error_check__E)
                  00005040    0000001c                  : BIOS.obj (.text:xdc_runtime_Error_raiseX__E)
                  0000505c    0000001c                  : BIOS.obj (.text:xdc_runtime_Memory_valloc__E)
                  00005078    0000001c                  : BIOS.obj (.text:xdc_runtime_SysMin_exit__E)
                  00005094    0000001c                  : BIOS.obj (.text:xdc_runtime_System_abort__E)
                  000050b0    0000001a                  : m3_Hwi_asm.obj (.text:ti_sysbios_family_arm_m3_Hwi_pendSV__I)
                  000050ca    0000001a                  : BIOS.obj (.text:ti_sysbios_knl_Task_sleepTimeout__I)
                  000050e4    00000018     driverlib.lib : chipinfo.obj (.text:NOROM_ChipInfo_GetPackageType)
                  000050fc    00000018     dpl_cc26x0r2.aem3 : PowerCC26XX_tirtos.oem3 (.text:PowerCC26XX_schedulerDisable)
                  00005114    00000018                       : PowerCC26XX_tirtos.oem3 (.text:PowerCC26XX_schedulerRestore)
                  0000512c    00000018     drivers_cc26x0r2.aem3 : PowerCC26XX.oem3 (.text:Power_idleFunc)
                  00005144    00000018     rtsv7M3_T_le_eabi.lib : args_main.c.obj (.text:_args_main)
                  0000515c    00000018                           : ll_mul_t2.asm.obj (.text)
                  00005174    00000018     hello_pem3.oem3 (.text:ti_sysbios_BIOS_rtsUnlock__I)
                  0000518c    00000018     hello_pem3.oem3 (.text:ti_sysbios_family_arm_cc26xx_Timer_Module__startupDone__F)
                  000051a4    00000018     hello_pem3.oem3 (.text:ti_sysbios_family_arm_m3_Hwi_Module__startupDone__F)
                  000051bc    00000018     sysbios.aem3 : BIOS.obj (.text:ti_sysbios_family_arm_m3_Hwi_plug__E)
                  000051d4    00000018                  : BIOS.obj (.text:ti_sysbios_gates_GateMutex_leave__E)
                  000051ec    00000018                  : BIOS.obj (.text:ti_sysbios_knl_Swi_or__E)
                  00005204    00000018                  : BIOS.obj (.text:ti_sysbios_knl_Task_unblock__E)
                  0000521c    00000018                  : BIOS.obj (.text:xdc_runtime_System_exit__E)
                  00005234    00000018                  : BIOS.obj (.text:xdc_runtime_Text_ropeText__E)
                  0000524c    00000016     hello_pem3.oem3 (.text:ti_sysbios_BIOS_exitFunc__I)
                  00005262    00000016     sysbios.aem3 : BIOS.obj (.text:ti_sysbios_family_arm_cc26xx_TimestampProvider_get64__E)
                  00005278    00000016                  : BIOS.obj (.text:ti_sysbios_knl_Clock_start__E)
                  0000528e    00000016     hello.obj (.text:ti_sysbios_knl_Task_Params_init)
                  000052a4    00000016     ti.uia.loggers.aem3 : LoggerStopMode.oem3 (.text:ti_uia_loggers_LoggerStopMode_disable__E)
                  000052ba    00000016                         : LoggerStopMode.oem3 (.text:ti_uia_loggers_LoggerStopMode_enable__E)
                  000052d0    00000014     drivers_cc26x0r2.aem3 : PowerCC26XX.oem3 (.text:configureRFCoreClocks)
                  000052e4    00000014     sysbios.aem3 : BIOS.obj (.text:ti_sysbios_family_arm_cc26xx_Timer_getCount64__E)
                  000052f8    00000014     hello_pem3.oem3 (.text:ti_sysbios_family_arm_m3_Hwi_Object__get__S)
                  0000530c    00000014     sysbios.aem3 : BIOS.obj (.text:ti_sysbios_family_arm_m3_Hwi_switchFromBootStack__E)
                  00005320    00000014     hello_pem3.oem3 (.text:ti_sysbios_heaps_HeapMem_Object__get__S)
                  00005334    00000014     hello_pem3.oem3 (.text:ti_sysbios_knl_Clock_doTick__I)
                  00005348    00000014     hello_pem3.oem3 (.text:ti_sysbios_knl_Swi_Object__get__S)
                  0000535c    00000012     dpl_cc26x0r2.aem3 : SemaphoreP_tirtos.oem3 (.text:SemaphoreP_pend)
                  0000536e    00000012     sysbios.aem3 : BIOS.obj (.text:ti_sysbios_hal_Hwi_Module_startup__E)
                  00005380    00000012     hello_pem3.oem3 (.text:xdc_runtime_Startup_exec__I)
                  00005392    00000010     dpl_cc26x0r2.aem3 : HwiP_tirtos.oem3 (.text:HwiP_Params_init)
                  000053a2    00000002     hello_pem3.oem3 (.text:ti_uia_loggers_LoggerStopMode_setFilterLevel__E)
                  000053a4    00000010     drivers_cc26x0r2.aem3 : PINCC26XX.oem3 (.text:PINCC26XX_getPinCount)
                  000053b4    00000010     dpl_cc26x0r2.aem3 : SwiP_tirtos.oem3 (.text:SwiP_Params_init)
                  000053c4    00000010     sysbios.aem3 : BIOS.obj (.text:ti_sysbios_BIOS_exit__E)
                  000053d4    00000010                  : BIOS.obj (.text:ti_sysbios_BIOS_setThreadType__E)
                  000053e4    00000010                  : BIOS.obj (.text:ti_sysbios_BIOS_start__E)
                  000053f4    00000010                  : m3_TaskSupport_asm.obj (.text:ti_sysbios_family_arm_m3_TaskSupport_glue)
                  00005404    00000010                  : m3_TaskSupport_asm.obj (.text:ti_sysbios_family_arm_m3_TaskSupport_swap__E)
                  00005414    00000010                  : BIOS.obj (.text:ti_sysbios_gates_GateMutex_Instance_finalize__E)
                  00005424    00000010                  : BIOS.obj (.text:ti_sysbios_knl_Semaphore_Instance_finalize__E)
                  00005434    00000010                  : BIOS.obj (.text:ti_sysbios_knl_Swi_disable__E)
                  00005444    00000010                  : BIOS.obj (.text:ti_sysbios_knl_Swi_enabled__E)
                  00005454    00000010     hello_pem3.oem3 (.text:ti_sysbios_knl_Task_Object__get__S)
                  00005464    00000010     sysbios.aem3 : BIOS.obj (.text:ti_sysbios_knl_Task_disable__E)
                  00005474    00000010     hello_pem3.oem3 (.text:ti_uia_loggers_LoggerStopMode_Object__get__S)
                  00005484    00000010     ti.uia.loggers.aem3 : LoggerStopMode.oem3 (.text:ti_uia_loggers_LoggerStopMode_isEmpty__E)
                  00005494    00000010     sysbios.aem3 : BIOS.obj (.text:xdc_runtime_Gate_leaveSystem__E)
                  000054a4    00000010                  : BIOS.obj (.text:xdc_runtime_Memory_free__E)
                  000054b4    0000000e     driverlib.lib : chipinfo.obj (.text:NOROM_ThisLibraryIsFor_CC26x0R2_HaltIfViolated)
                  000054c2    0000000e     rtsv7M3_T_le_eabi.lib : copy_decompress_none.c.obj (.text:decompress:none:__TI_decompress_none)
                  000054d0    0000000e     sysbios.aem3 : BIOS.obj (.text:ti_sysbios_heaps_HeapMem_restore__E)
                  000054de    0000000e                  : BIOS.obj (.text:ti_sysbios_knl_Queue_empty__E)
                  000054ec    0000000e                  : BIOS.obj (.text:ti_sysbios_knl_Queue_remove__E)
                  000054fa    0000000c     driverlib.lib : cpu.obj (.text:NOROM_CPUcpsid)
                  00005506    0000000c                   : cpu.obj (.text:NOROM_CPUcpsie)
                  00005512    0000000c                   : osc.obj (.text:NOROM_OSC_HPOSCRelativeFrequencyOffsetToRFCoreFormatConvert)
                  0000551e    0000000c     drivers_cc26x0r2.aem3 : PINCC26XX.oem3 (.text:PIN_registerIntCb)
                  0000552a    00000002     ti.uia.loggers.aem3 : LoggerStopMode.oem3 (.text:ti_uia_loggers_LoggerStopMode_setPriority__E)
                  0000552c    0000000c     drivers_cc26x0r2.aem3 : PowerCC26XX.oem3 (.text:Power_getConstraintMask)
                  00005538    0000000c                           : PowerCC26XX.oem3 (.text:Power_getDependencyCount)
                  00005544    0000000c     dpl_cc26x0r2.aem3 : SemaphoreP_tirtos.oem3 (.text:SemaphoreP_delete)
                  00005550    0000000c     rtsv7M3_T_le_eabi.lib : _lock.c.obj (.text:_register_lock)
                  0000555c    0000000c                           : _lock.c.obj (.text:_register_unlock)
                  00005568    0000000c                           : copy_zero_init.c.obj (.text:decompress:ZI:__TI_zero_init)
                  00005574    0000000c     hello_pem3.oem3 (.text:ti_sysbios_family_arm_m3_Hwi_Params__init__S)
                  00005580    0000000c     sysbios.aem3 : BIOS.obj (.text:ti_sysbios_family_arm_m3_Hwi_disableFxn__E)
                  0000558c    0000000c                  : BIOS.obj (.text:ti_sysbios_family_arm_m3_TaskSupport_getStackAlignment__E)
                  00005598    0000000c                  : BIOS.obj (.text:ti_sysbios_gates_GateHwi_enter__E)
                  000055a4    0000000c     hello_pem3.oem3 (.text:ti_sysbios_knl_Clock_Params__init__S)
                  000055b0    0000000c     sysbios.aem3 : BIOS.obj (.text:ti_sysbios_knl_Clock_getTimerHandle__E)
                  000055bc    0000000c     hello_pem3.oem3 (.text:ti_sysbios_knl_Queue_Object__get__S)
                  000055c8    0000000c     sysbios.aem3 : BIOS.obj (.text:ti_sysbios_knl_Queue_dequeue__E)
                  000055d4    0000000c                  : BIOS.obj (.text:ti_sysbios_knl_Queue_enqueue__E)
                  000055e0    0000000c     hello_pem3.oem3 (.text:ti_sysbios_knl_Semaphore_Params__init__S)
                  000055ec    0000000c     hello_pem3.oem3 (.text:ti_sysbios_knl_Swi_Params__init__S)
                  000055f8    0000000c     sysbios.aem3 : BIOS.obj (.text:ti_sysbios_knl_Swi_getTrigger__E)
                  00005604    0000000c     hello_pem3.oem3 (.text:ti_sysbios_knl_Task_Params__init__S)
                  00005610    0000000c     sysbios.aem3 : BIOS.obj (.text:ti_sysbios_knl_Task_self__E)
                  0000561c    0000000c                  : BIOS.obj (.text:xdc_runtime_Gate_enterSystem__E)
                  00005628    0000000c                  : BIOS.obj (.text:xdc_runtime_Memory_calloc__E)
                  00005634    0000000c                  : BIOS.obj (.text:xdc_runtime_Memory_getMaxDefaultTypeAlign__E)
                  00005640    0000000c                  : BIOS.obj (.text:xdc_runtime_Startup_rtsDone__E)
                  0000564c    0000000a     dpl_cc26x0r2.aem3 : ClockP_tirtos.oem3 (.text:ClockP_Params_init)
                  00005656    0000000a     hello_pem3.oem3 (.text:xdc_runtime_IHeap_alloc)
                  00005660    0000000a     hello_pem3.oem3 (.text:xdc_runtime_IHeap_free)
                  0000566a    00000008     CC2640R2_LAUNCHXL.obj (.text:Board_init)
                  00005672    00000008     CC2640R2_LAUNCHXL_fxns.obj (.text:Board_initHook)
                  0000567a    00000008     sysbios.aem3 : BIOS.obj (.text:ti_sysbios_family_arm_m3_Hwi_doSwiRestore__I)
                  00005682    00000008                  : BIOS.obj (.text:ti_sysbios_family_arm_m3_Hwi_startup__E)
                  0000568a    00000008                  : BIOS.obj (.text:ti_sysbios_knl_Idle_loop__E)
                  00005692    00000006     driverlib.lib : cpu.obj (.text:NOROM_CPUdelay)
                  00005698    00000006     hello.obj (.text:myDelay)
                  0000569e    00000006     sysbios.aem3 : BIOS.obj (.text:ti_sysbios_family_arm_m3_Hwi_doTaskRestore__I)
                  000056a4    00000006                  : BIOS.obj (.text:ti_sysbios_family_arm_m3_Hwi_restoreFxn__E)
                  000056aa    00000006                  : BIOS.obj (.text:ti_sysbios_gates_GateHwi_leave__E)
                  000056b0    00000006                  : BIOS.obj (.text:ti_sysbios_heaps_HeapMem_isBlocking__E)
                  000056b6    00000006                  : BIOS.obj (.text:ti_sysbios_knl_Queue_Instance_init__E)
                  000056bc    00000006                  : BIOS.obj (.text:ti_sysbios_knl_Queue_elemClear__E)
                  000056c2    00000006                  : BIOS.obj (.text:ti_sysbios_knl_Swi_startup__E)
                  000056c8    00000006                  : BIOS.obj (.text:xdc_runtime_System_Module_startup__E)
                  000056ce    00000004     dpl_cc26x0r2.aem3 : PowerCC26XX_tirtos.oem3 (.text:CPUwfi)
                  000056d2    00000004                       : ClockP_tirtos.oem3 (.text:ClockP_setTimeout)
                  000056d6    00000004                       : ClockP_tirtos.oem3 (.text:ClockP_start)
                  000056da    00000004                       : ClockP_tirtos.oem3 (.text:ClockP_stop)
                  000056de    00000004                       : HwiP_tirtos.oem3 (.text:HwiP_disable)
                  000056e2    00000004                       : SemaphoreP_tirtos.oem3 (.text:SemaphoreP_post)
                  000056e6    00000004                       : SwiP_tirtos.oem3 (.text:SwiP_disable)
                  000056ea    00000004                       : SwiP_tirtos.oem3 (.text:SwiP_getTrigger)
                  000056ee    00000004                       : SwiP_tirtos.oem3 (.text:SwiP_or)
                  000056f2    00000004     drivers_cc26x0r2.aem3 : PowerCC26XX.oem3 (.text:nopResourceHandler)
                  000056f6    00000004     hello_pem3.oem3 (.text:ti_sysbios_BIOS_RtsGateProxy_enter__E)
                  000056fa    00000004     hello_pem3.oem3 (.text:ti_sysbios_BIOS_RtsGateProxy_leave__E)
                  000056fe    00000004     sysbios.aem3 : BIOS.obj (.text:ti_sysbios_family_arm_cc26xx_Timer_setPeriod__E)
                  00005702    00000004     hello_pem3.oem3 (.text:ti_sysbios_family_arm_m3_TaskSupport_Module__startupDone__S)
                  00005706    00000004     sysbios.aem3 : BIOS.obj (.text:ti_sysbios_gates_GateHwi_query__E)
                  0000570a    00000004                  : BIOS.obj (.text:ti_sysbios_gates_GateMutex_query__E)
                  0000570e    00000004     hello_pem3.oem3 (.text:ti_sysbios_heaps_HeapMem_Module_GateProxy_enter__E)
                  00005712    00000004     hello_pem3.oem3 (.text:ti_sysbios_heaps_HeapMem_Module_GateProxy_leave__E)
                  00005716    00000004     hello_pem3.oem3 (.text:ti_sysbios_knl_Clock_TimerProxy_getCurrentTick__E)
                  0000571a    00000004     hello_pem3.oem3 (.text:ti_sysbios_knl_Clock_TimerProxy_getMaxTicks__E)
                  0000571e    00000004     hello_pem3.oem3 (.text:ti_sysbios_knl_Clock_TimerProxy_setNextTick__E)
                  00005722    00000004     sysbios.aem3 : BIOS.obj (.text:ti_sysbios_knl_Clock_removeI__E)
                  00005726    00000004                  : BIOS.obj (.text:ti_sysbios_knl_Clock_setTimeout__E)
                  0000572a    00000004                  : BIOS.obj (.text:ti_sysbios_knl_Queue_head__E)
                  0000572e    00000004                  : BIOS.obj (.text:ti_sysbios_knl_Queue_next__E)
                  00005732    00000004     hello_pem3.oem3 (.text:ti_sysbios_knl_Semaphore_delete)
                  00005736    00000004     sysbios.aem3 : BIOS.obj (.text:ti_sysbios_knl_Swi_postInit__I)
                  0000573a    00000004                  : BIOS.obj (.text:ti_sysbios_knl_Task_startup__E)
                  0000573e    00000004     ti.uia.loggers.aem3 : LoggerStopMode.oem3 (.text:ti_uia_loggers_LoggerStopMode_getContents__E)
                  00005742    00000004     hello_pem3.oem3 (.text:ti_uia_loggers_LoggerStopMode_getFilterLevel__E)
                  00005746    00000004     ti.uia.loggers.aem3 : LoggerStopMode.oem3 (.text:ti_uia_loggers_LoggerStopMode_getInstanceId__E)
                  0000574a    00000004                         : LoggerStopMode.oem3 (.text:ti_uia_loggers_LoggerStopMode_getMaxLength__E)
                  0000574e    00000004                         : LoggerStopMode.oem3 (.text:ti_uia_loggers_LoggerStopMode_getPriority__E)
                  00005752    00000004                         : LoggerStopMode.oem3 (.text:ti_uia_loggers_LoggerStopMode_getTransferType__E)
                  00005756    00000004     hello_pem3.oem3 (.text:xdc_runtime_System_Module_GateProxy_enter__E)
                  0000575a    00000004     hello_pem3.oem3 (.text:xdc_runtime_System_Module_GateProxy_leave__E)
                  0000575e    00000002     sysbios.aem3 : BIOS.obj (.text:xdc_runtime_Error_policySpin__E)
                  00005760    00000002                  : BIOS.obj (.text:xdc_runtime_System_abortSpin__E)
                  00005762    00000002                  : BIOS.obj (.text:xdc_runtime_System_exitSpin__E)

.const     0    00005764    0000069c     
                  00005764    00000060     hello_pem3.oem3 (.const:ti_uia_loggers_LoggerStopMode_Module__FXNS__C)
                  000057c4    0000004c     drivers_cc26x0r2.aem3 : PowerCC26XX.oem3 (.const:resourceDB)
                  00005810    00000040                           : GPIOCC26XX.oem3 (.const:$O2$$)
                  00005850    0000003c     hello_pem3.oem3 (.const:ti_sysbios_knl_Task_Object__PARAMS__C)
                  0000588c    00000030     hello_pem3.oem3 (.const:ti_sysbios_family_arm_m3_Hwi_Object__PARAMS__C)
                  000058bc    0000002c     CC2640R2_LAUNCHXL.obj (.const:BoardGpioInitTable)
                  000058e8    00000028     hello_pem3.oem3 (.const:ti_sysbios_heaps_HeapMem_Module__FXNS__C)
                  00005910    00000028     hello_pem3.oem3 (.const:ti_sysbios_knl_Swi_Object__PARAMS__C)
                  00005938    00000028     hello_pem3.oem3 (.const:ti_uia_loggers_LoggerStopMode_Object__PARAMS__C)
                  00005960    00000028     hello_pem3.oem3 (.const:xdc_runtime_Startup_sfxnTab__A)
                  00005988    00000024     hello_pem3.oem3 (.const:ti_sysbios_gates_GateHwi_Module__FXNS__C)
                  000059ac    00000024     hello_pem3.oem3 (.const:ti_sysbios_gates_GateMutex_Module__FXNS__C)
                  000059d0    00000024     hello_pem3.oem3 (.const:ti_sysbios_heaps_HeapMem_Object__PARAMS__C)
                  000059f4    00000024     hello_pem3.oem3 (.const:ti_sysbios_knl_Clock_Object__PARAMS__C)
                  00005a18    00000024     hello_pem3.oem3 (.const:ti_sysbios_knl_Semaphore_Object__PARAMS__C)
                  00005a3c    00000020     hello_pem3.oem3 (.const:ti_sysbios_family_arm_m3_Hwi_Object__DESC__C)
                  00005a5c    00000020     hello_pem3.oem3 (.const:ti_sysbios_gates_GateHwi_Object__DESC__C)
                  00005a7c    00000020     hello_pem3.oem3 (.const:ti_sysbios_gates_GateMutex_Object__DESC__C)
                  00005a9c    00000020     hello_pem3.oem3 (.const:ti_sysbios_heaps_HeapMem_Object__DESC__C)
                  00005abc    00000020     hello_pem3.oem3 (.const:ti_sysbios_knl_Clock_Object__DESC__C)
                  00005adc    00000020     hello_pem3.oem3 (.const:ti_sysbios_knl_Queue_Object__DESC__C)
                  00005afc    00000020     hello_pem3.oem3 (.const:ti_sysbios_knl_Semaphore_Object__DESC__C)
                  00005b1c    00000020     hello_pem3.oem3 (.const:ti_sysbios_knl_Swi_Object__DESC__C)
                  00005b3c    00000020     hello_pem3.oem3 (.const:ti_sysbios_knl_Task_Object__DESC__C)
                  00005b5c    00000020     hello_pem3.oem3 (.const:ti_uia_loggers_LoggerStopMode_Object__DESC__C)
                  00005b7c    00000018     CC2640R2_LAUNCHXL.obj (.const:PowerCC26XX_config)
                  00005b94    00000018     hello_pem3.oem3 (.const:ti_sysbios_gates_GateHwi_Object__PARAMS__C)
                  00005bac    00000018     hello_pem3.oem3 (.const:ti_sysbios_gates_GateMutex_Object__PARAMS__C)
                  00005bc4    00000018     hello_pem3.oem3 (.const:ti_sysbios_knl_Queue_Object__PARAMS__C)
                  00005bdc    00000014     CC2640R2_LAUNCHXL_fxns.obj (.const:$P$T1$2)
                  00005bf0    00000014     CC2640R2_LAUNCHXL.obj (.const:GPIOCC26XX_config)
                  00005c04    00000014     hello_pem3.oem3 (.const:xdc_runtime_Startup_sfxnRts__A)
                  00005c18    0000000c     hello_pem3.oem3 (.const:xdc_runtime_Startup_firstFxns__A)
                  00005c24    00000008     CC2640R2_LAUNCHXL_fxns.obj (.const:$P$T0$1)
                  00005c2c    00000008     CC2640R2_LAUNCHXL.obj (.const:PINCC26XX_hwAttrs)
                  00005c34    00000008     hello_pem3.oem3 (.const:ti_sysbios_knl_Idle_funcList__C)
                  00005c3c    00000008     hello_pem3.oem3 (.const:xdc_runtime_Startup_firstFxns__C)
                  00005c44    00000008     hello_pem3.oem3 (.const:xdc_runtime_Startup_lastFxns__C)
                  00005c4c    00000004     hello_pem3.oem3 (.const:ti_sysbios_family_arm_cc26xx_Timer_funcHookCH1__C)
                  00005c50    00000004     hello_pem3.oem3 (.const:ti_sysbios_family_arm_cc26xx_Timer_funcHookCH2__C)
                  00005c54    00000004     hello_pem3.oem3 (.const:ti_sysbios_family_arm_cc26xx_Timer_startupNeeded__C)
                  00005c58    00000004     hello_pem3.oem3 (.const:ti_sysbios_family_arm_m3_Hwi_E_alreadyDefined__C)
                  00005c5c    00000004     hello_pem3.oem3 (.const:ti_sysbios_family_arm_m3_Hwi_LD_end__C)
                  00005c60    00000004     hello_pem3.oem3 (.const:ti_sysbios_family_arm_m3_Hwi_LM_begin__C)
                  00005c64    00000004     hello_pem3.oem3 (.const:ti_sysbios_family_arm_m3_Hwi_Module__diagsEnabled__C)
                  00005c68    00000004     hello_pem3.oem3 (.const:ti_sysbios_family_arm_m3_Hwi_Module__diagsIncluded__C)
                  00005c6c    00000004     hello_pem3.oem3 (.const:ti_sysbios_family_arm_m3_Hwi_Module__diagsMask__C)
                  00005c70    00000004     hello_pem3.oem3 (.const:ti_sysbios_family_arm_m3_Hwi_Module__loggerFxn1__C)
                  00005c74    00000004     hello_pem3.oem3 (.const:ti_sysbios_family_arm_m3_Hwi_Module__loggerFxn8__C)
                  00005c78    00000004     hello_pem3.oem3 (.const:ti_sysbios_family_arm_m3_Hwi_Module__loggerObj__C)
                  00005c7c    00000004     hello_pem3.oem3 (.const:ti_sysbios_family_arm_m3_Hwi_NUM_INTERRUPTS__C)
                  00005c80    00000004     hello_pem3.oem3 (.const:ti_sysbios_family_arm_m3_Hwi_Object__count__C)
                  00005c84    00000004     hello_pem3.oem3 (.const:ti_sysbios_family_arm_m3_Hwi_ccr__C)
                  00005c88    00000004     hello_pem3.oem3 (.const:ti_sysbios_family_arm_m3_Hwi_excHandlerFunc__C)
                  00005c8c    00000004     hello_pem3.oem3 (.const:ti_sysbios_family_arm_m3_Hwi_nullIsrFunc__C)
                  00005c90    00000004     hello_pem3.oem3 (.const:ti_sysbios_family_arm_m3_Hwi_priGroup__C)
                  00005c94    00000004     hello_pem3.oem3 (.const:ti_sysbios_family_arm_m3_TaskSupport_stackAlignment__C)
                  00005c98    00000004     hello_pem3.oem3 (.const:ti_sysbios_gates_GateMutex_Instance_State_sem__O)
                  00005c9c    00000004     hello_pem3.oem3 (.const:ti_sysbios_heaps_HeapMem_E_memory__C)
                  00005ca0    00000004     hello_pem3.oem3 (.const:ti_sysbios_heaps_HeapMem_Module__gateObj__C)
                  00005ca4    00000004     hello_pem3.oem3 (.const:ti_sysbios_heaps_HeapMem_Object__count__C)
                  00005ca8    00000004     hello_pem3.oem3 (.const:ti_sysbios_heaps_HeapMem_primaryHeapBaseAddr__C)
                  00005cac    00000004     hello_pem3.oem3 (.const:ti_sysbios_heaps_HeapMem_primaryHeapEndAddr__C)
                  00005cb0    00000004     hello_pem3.oem3 (.const:ti_sysbios_heaps_HeapMem_reqAlign__C)
                  00005cb4    00000004     hello_pem3.oem3 (.const:ti_sysbios_knl_Clock_LM_begin__C)
                  00005cb8    00000004     hello_pem3.oem3 (.const:ti_sysbios_knl_Clock_LM_tick__C)
                  00005cbc    00000004     hello_pem3.oem3 (.const:ti_sysbios_knl_Clock_Module_State_clockQ__O)
                  00005cc0    00000004     hello_pem3.oem3 (.const:ti_sysbios_knl_Clock_Module__diagsEnabled__C)
                  00005cc4    00000004     hello_pem3.oem3 (.const:ti_sysbios_knl_Clock_Module__diagsIncluded__C)
                  00005cc8    00000004     hello_pem3.oem3 (.const:ti_sysbios_knl_Clock_Module__diagsMask__C)
                  00005ccc    00000004     hello_pem3.oem3 (.const:ti_sysbios_knl_Clock_Module__loggerFxn1__C)
                  00005cd0    00000004     hello_pem3.oem3 (.const:ti_sysbios_knl_Clock_Module__loggerFxn2__C)
                  00005cd4    00000004     hello_pem3.oem3 (.const:ti_sysbios_knl_Clock_Module__loggerObj__C)
                  00005cd8    00000004     hello_pem3.oem3 (.const:ti_sysbios_knl_Clock_tickPeriod__C)
                  00005cdc    00000004     hello_pem3.oem3 (.const:ti_sysbios_knl_Clock_triggerClock__C)
                  00005ce0    00000004     hello_pem3.oem3 (.const:ti_sysbios_knl_Idle_funcList__A)
                  00005ce4    00000004     hello_pem3.oem3 (.const:ti_sysbios_knl_Semaphore_Instance_State_pendQ__O)
                  00005ce8    00000004     hello_pem3.oem3 (.const:ti_sysbios_knl_Semaphore_LM_pend__C)
                  00005cec    00000004     hello_pem3.oem3 (.const:ti_sysbios_knl_Semaphore_LM_post__C)
                  00005cf0    00000004     hello_pem3.oem3 (.const:ti_sysbios_knl_Semaphore_Module__diagsEnabled__C)
                  00005cf4    00000004     hello_pem3.oem3 (.const:ti_sysbios_knl_Semaphore_Module__diagsIncluded__C)
                  00005cf8    00000004     hello_pem3.oem3 (.const:ti_sysbios_knl_Semaphore_Module__diagsMask__C)
                  00005cfc    00000004     hello_pem3.oem3 (.const:ti_sysbios_knl_Semaphore_Module__loggerFxn2__C)
                  00005d00    00000004     hello_pem3.oem3 (.const:ti_sysbios_knl_Semaphore_Module__loggerFxn4__C)
                  00005d04    00000004     hello_pem3.oem3 (.const:ti_sysbios_knl_Semaphore_Module__loggerObj__C)
                  00005d08    00000004     hello_pem3.oem3 (.const:ti_sysbios_knl_Swi_LD_end__C)
                  00005d0c    00000004     hello_pem3.oem3 (.const:ti_sysbios_knl_Swi_LM_begin__C)
                  00005d10    00000004     hello_pem3.oem3 (.const:ti_sysbios_knl_Swi_LM_post__C)
                  00005d14    00000004     hello_pem3.oem3 (.const:ti_sysbios_knl_Swi_Module__diagsEnabled__C)
                  00005d18    00000004     hello_pem3.oem3 (.const:ti_sysbios_knl_Swi_Module__diagsIncluded__C)
                  00005d1c    00000004     hello_pem3.oem3 (.const:ti_sysbios_knl_Swi_Module__diagsMask__C)
                  00005d20    00000004     hello_pem3.oem3 (.const:ti_sysbios_knl_Swi_Module__loggerFxn1__C)
                  00005d24    00000004     hello_pem3.oem3 (.const:ti_sysbios_knl_Swi_Module__loggerFxn4__C)
                  00005d28    00000004     hello_pem3.oem3 (.const:ti_sysbios_knl_Swi_Module__loggerObj__C)
                  00005d2c    00000004     hello_pem3.oem3 (.const:ti_sysbios_knl_Swi_Object__count__C)
                  00005d30    00000004     hello_pem3.oem3 (.const:ti_sysbios_knl_Task_LD_block__C)
                  00005d34    00000004     hello_pem3.oem3 (.const:ti_sysbios_knl_Task_LD_exit__C)
                  00005d38    00000004     hello_pem3.oem3 (.const:ti_sysbios_knl_Task_LD_ready__C)
                  00005d3c    00000004     hello_pem3.oem3 (.const:ti_sysbios_knl_Task_LM_sleep__C)
                  00005d40    00000004     hello_pem3.oem3 (.const:ti_sysbios_knl_Task_LM_switch__C)
                  00005d44    00000004     hello_pem3.oem3 (.const:ti_sysbios_knl_Task_Module_State_inactiveQ__O)
                  00005d48    00000004     hello_pem3.oem3 (.const:ti_sysbios_knl_Task_Module__diagsEnabled__C)
                  00005d4c    00000004     hello_pem3.oem3 (.const:ti_sysbios_knl_Task_Module__diagsIncluded__C)
                  00005d50    00000004     hello_pem3.oem3 (.const:ti_sysbios_knl_Task_Module__diagsMask__C)
                  00005d54    00000004     hello_pem3.oem3 (.const:ti_sysbios_knl_Task_Module__loggerFxn2__C)
                  00005d58    00000004     hello_pem3.oem3 (.const:ti_sysbios_knl_Task_Module__loggerFxn4__C)
                  00005d5c    00000004     hello_pem3.oem3 (.const:ti_sysbios_knl_Task_Module__loggerObj__C)
                  00005d60    00000004     hello_pem3.oem3 (.const:ti_sysbios_knl_Task_Object__count__C)
                  00005d64    00000004     hello_pem3.oem3 (.const:ti_sysbios_knl_Task_allBlockedFunc__C)
                  00005d68    00000004     hello_pem3.oem3 (.const:ti_sysbios_knl_Task_defaultStackHeap__C)
                  00005d6c    00000004     hello_pem3.oem3 (.const:ti_sysbios_knl_Task_defaultStackSize__C)
                  00005d70    00000004     hello_pem3.oem3 (.const:ti_sysbios_knl_Task_numConstructedTasks__C)
                  00005d74    00000004     hello_pem3.oem3 (.const:ti_uia_loggers_LoggerStopMode_Module__diagsEnabled__C)
                  00005d78    00000004     hello_pem3.oem3 (.const:ti_uia_loggers_LoggerStopMode_Module__diagsIncluded__C)
                  00005d7c    00000004     hello_pem3.oem3 (.const:ti_uia_loggers_LoggerStopMode_Module__diagsMask__C)
                  00005d80    00000004     hello_pem3.oem3 (.const:ti_uia_loggers_LoggerStopMode_Object__count__C)
                  00005d84    00000004     hello_pem3.oem3 (.const:ti_uia_runtime_ILoggerSnapshot_Interface__BASE__C)
                  00005d88    00000004     hello_pem3.oem3 (.const:ti_uia_runtime_IUIATransfer_Interface__BASE__C)
                  00005d8c    00000004     hello_pem3.oem3 (.const:xdc_runtime_Assert_E_assertFailed__C)
                  00005d90    00000004     hello_pem3.oem3 (.const:xdc_runtime_Error_E_memory__C)
                  00005d94    00000004     hello_pem3.oem3 (.const:xdc_runtime_Error_policyFxn__C)
                  00005d98    00000004     hello_pem3.oem3 (.const:xdc_runtime_IFilterLogger_Interface__BASE__C)
                  00005d9c    00000004     hello_pem3.oem3 (.const:xdc_runtime_IGateProvider_Interface__BASE__C)
                  00005da0    00000004     hello_pem3.oem3 (.const:xdc_runtime_IHeap_Interface__BASE__C)
                  00005da4    00000004     hello_pem3.oem3 (.const:xdc_runtime_ILogger_Interface__BASE__C)
                  00005da8    00000004     hello_pem3.oem3 (.const:xdc_runtime_IModule_Interface__BASE__C)
                  00005dac    00000004     hello_pem3.oem3 (.const:xdc_runtime_Memory_defaultHeapInstance__C)
                  00005db0    00000004     hello_pem3.oem3 (.const:xdc_runtime_Startup_execImpl__C)
                  00005db4    00000004     hello_pem3.oem3 (.const:xdc_runtime_Startup_maxPasses__C)
                  00005db8    00000004     hello_pem3.oem3 (.const:xdc_runtime_Startup_sfxnRts__C)
                  00005dbc    00000004     hello_pem3.oem3 (.const:xdc_runtime_Startup_sfxnTab__C)
                  00005dc0    00000004     hello_pem3.oem3 (.const:xdc_runtime_SysMin_bufSize__C)
                  00005dc4    00000004     hello_pem3.oem3 (.const:xdc_runtime_SysMin_outputFunc__C)
                  00005dc8    00000004     hello_pem3.oem3 (.const:xdc_runtime_System_Module__gateObj__C)
                  00005dcc    00000004     hello_pem3.oem3 (.const:xdc_runtime_System_abortFxn__C)
                  00005dd0    00000004     hello_pem3.oem3 (.const:xdc_runtime_System_exitFxn__C)
                  00005dd4    00000004     hello_pem3.oem3 (.const:xdc_runtime_System_maxAtexitHandlers__C)
                  00005dd8    00000004     hello_pem3.oem3 (.const:xdc_runtime_Text_charTab__C)
                  00005ddc    00000002     hello_pem3.oem3 (.const:ti_sysbios_family_arm_cc26xx_TimestampProvider_useClockTimer__C)
                  00005dde    00000002     hello_pem3.oem3 (.const:ti_sysbios_family_arm_m3_Hwi_Module__id__C)
                  00005de0    00000002     hello_pem3.oem3 (.const:ti_sysbios_family_arm_m3_Hwi_Module__loggerDefined__C)
                  00005de2    00000002     hello_pem3.oem3 (.const:ti_sysbios_heaps_HeapMem_Module__id__C)
                  00005de4    00000002     hello_pem3.oem3 (.const:ti_sysbios_knl_Clock_Module__id__C)
                  00005de6    00000002     hello_pem3.oem3 (.const:ti_sysbios_knl_Clock_Module__loggerDefined__C)
                  00005de8    00000002     hello_pem3.oem3 (.const:ti_sysbios_knl_Semaphore_Module__id__C)
                  00005dea    00000002     hello_pem3.oem3 (.const:ti_sysbios_knl_Semaphore_Module__loggerDefined__C)
                  00005dec    00000002     hello_pem3.oem3 (.const:ti_sysbios_knl_Swi_Module__id__C)
                  00005dee    00000002     hello_pem3.oem3 (.const:ti_sysbios_knl_Swi_Module__loggerDefined__C)
                  00005df0    00000002     hello_pem3.oem3 (.const:ti_sysbios_knl_Task_Module__id__C)
                  00005df2    00000002     hello_pem3.oem3 (.const:ti_sysbios_knl_Task_Module__loggerDefined__C)
                  00005df4    00000002     hello_pem3.oem3 (.const:ti_uia_loggers_LoggerStopMode_Module__id__C)
                  00005df6    00000002     hello_pem3.oem3 (.const:ti_uia_loggers_LoggerStopMode_isTimestampEnabled__C)
                  00005df8    00000002     hello_pem3.oem3 (.const:xdc_runtime_Memory_Module__id__C)
                  00005dfa    00000002     hello_pem3.oem3 (.const:xdc_runtime_SysMin_flushAtExit__C)
                  00005dfc    00000002     hello_pem3.oem3 (.const:xdc_runtime_Text_isLoaded__C)
                  00005dfe    00000001     hello_pem3.oem3 (.const:xdc_runtime_Error_policy__C)
                  00005dff    00000001     hello_pem3.oem3 (.const:xdc_runtime_Text_charTab__A)

MODULE SUMMARY

       Module                            code    ro data   rw data
       ------                            ----    -------   -------
    .\
       hello.obj                         268     0         2208   
       CC2640R2_LAUNCHXL_fxns.obj        280     28        0      
       CC2640R2_LAUNCHXL.obj             36      96        64     
       ccfg.obj                          0       88        0      
    +--+---------------------------------+-------+---------+---------+
       Total:                            584     212       2272   
                                                                  
    D:\2_Programing\2_LaunchXL\1_TestCodeWorkspace\TIRTOS_CC2640R2_LAUNCHXL_tirtos_ccs\Debug\configPkg\package\cfg\
       hello_pem3.oem3                   3124    1488      4510   
    +--+---------------------------------+-------+---------+---------+
       Total:                            3124    1488      4510   
                                                                  
    C:/ti/simplelink_cc2640r2_sdk_4_40_00_10/kernel/tirtos/packages/ti/dpl/lib/dpl_cc26x0r2.aem3
       PowerCC26XX_tirtos.oem3           284     0         8      
       SemaphoreP_tirtos.oem3            122     0         0      
       ClockP_tirtos.oem3                102     0         4      
       SwiP_tirtos.oem3                  88      0         0      
       HwiP_tirtos.oem3                  82      0         0      
    +--+---------------------------------+-------+---------+---------+
       Total:                            678     0         12     
                                                                  
    C:/ti/simplelink_cc2640r2_sdk_4_40_00_10/source/ti/devices/cc26x0r2/driverlib/bin/ccs/driverlib.lib
       sys_ctrl.obj                      760     0         8      
       setup.obj                         364     0         0      
       osc.obj                           284     0         20     
       chipinfo.obj                      122     0         0      
       adi.obj                           40      0         0      
       cpu.obj                           30      0         0      
       driverlib_release.obj             0       0         1      
    +--+---------------------------------+-------+---------+---------+
       Total:                            1600    0         29     
                                                                  
    C:/ti/simplelink_cc2640r2_sdk_4_40_00_10/source/ti/drivers/lib/drivers_cc26x0r2.aem3
       PowerCC26XX.oem3                  2020    76        276    
       PINCC26XX.oem3                    1354    0         276    
       PowerCC26XX_calibrateRCOSC.oem3   1388    0         0      
       GPIOCC26XX.oem3                   632     64        64     
    +--+---------------------------------+-------+---------+---------+
       Total:                            5394    140       616    
                                                                  
    C:\ti\ccs1030\ccs\tools\compiler\ti-cgt-arm_20.2.4.LTS\lib\rtsv7M3_T_le_eabi.lib
       trgmsg.c.obj                      108     0         288    
       memcpy_t2.asm.obj                 156     0         0      
       ull_div_t2.asm.obj                150     0         0      
       memset_t2.asm.obj                 122     0         0      
       copy_decompress_lzss.c.obj        104     0         0      
       hostwrite.c.obj                   88      0         0      
       cpy_tbl.c.obj                     76      0         0      
       _lock.c.obj                       26      0         8      
       args_main.c.obj                   24      0         0      
       ll_mul_t2.asm.obj                 24      0         0      
       copy_decompress_none.c.obj        14      0         0      
       copy_zero_init.c.obj              12      0         0      
       hostopen.c.obj                    0       0         8      
       stkdepth_vars.c.obj               0       0         4      
       div0.asm.obj                      2       0         0      
    +--+---------------------------------+-------+---------+---------+
       Total:                            906     0         308    
                                                                  
    C:\ti\simplelink_cc2640r2_sdk_4_40_00_10\kernel\tirtos\packages\ti\targets\arm\rtsarm\lib\auto_init.aem3
       auto_init.oem3                    160     0         0      
    +--+---------------------------------+-------+---------+---------+
       Total:                            160     0         0      
                                                                  
    C:\ti\simplelink_cc2640r2_sdk_4_40_00_10\kernel\tirtos\packages\ti\targets\arm\rtsarm\lib\boot.aem3
       boot.oem3                         68      0         0      
    +--+---------------------------------+-------+---------+---------+
       Total:                            68      0         0      
                                                                  
    C:\ti\simplelink_cc2640r2_sdk_4_40_00_10\kernel\tirtos\packages\ti\uia\loggers\lib\release\ti.uia.loggers.aem3
       LoggerStopMode.oem3               552     0         0      
    +--+---------------------------------+-------+---------+---------+
       Total:                            552     0         0      
                                                                  
    C:\ti\simplelink_cc2640r2_sdk_4_40_00_10\kernel\tirtos\packages\ti\uia\runtime\lib\release\ti.uia.runtime.aem3
       QueueDescriptor.oem3              116     0         8      
    +--+---------------------------------+-------+---------+---------+
       Total:                            116     0         8      
                                                                  
    D:\2_Programing\2_LaunchXL\1_TestCodeWorkspace\TIRTOS_CC2640R2_LAUNCHXL_tirtos_ccs\src\sysbios\sysbios.aem3
       BIOS.obj                          8650    0         0      
       m3_Hwi_asm.obj                    270     0         0      
       m3_TaskSupport_asm.obj            108     0         0      
       m3_Hwi_asm_switch.obj             102     0         0      
    +--+---------------------------------+-------+---------+---------+
       Total:                            9130    0         0      
                                                                  
       Stack:                            0       0         1024   
       Linker Generated:                 0       464       0      
    +--+---------------------------------+-------+---------+---------+
       Grand Total:                      22312   2304      8779   


LINKER GENERATED COPY TABLES

__TI_cinit_table @ 00005fc0 records: 2, size/record: 8, table size: 16
	.data: load addr=00005e00, load size=000001ac bytes, run addr=200028b0, run size=0000066a bytes, compression=lzss
	.bss: load addr=00005fb8, load size=00000008 bytes, run addr=20000100, run size=000017b0 bytes, compression=zero_init


LINKER GENERATED HANDLER TABLE

__TI_handler_table @ 00005fac records: 3, size/record: 4, table size: 12
	index: 0, handler: __TI_decompress_lzss
	index: 1, handler: __TI_decompress_none
	index: 2, handler: __TI_zero_init


GLOBAL SYMBOLS: SORTED ALPHABETICALLY BY Name 

address   name                                                            
-------   ----                                                            
000058bc  BoardGpioInitTable                                              
0000566b  Board_init                                                      
00005673  Board_initHook                                                  
000041ef  C$$IO$$                                                         
00004ef1  CC2640R2_LAUNCHXL_initGeneral                                   
00002a85  CC2640R2_LAUNCHXL_sendExtFlashByte                              
00003f25  CC2640R2_LAUNCHXL_shutDownExtFlash                              
00003985  CC2640R2_LAUNCHXL_wakeUpExtFlash                                
0000564d  ClockP_Params_init                                              
000037f5  ClockP_construct                                                
00004db5  ClockP_getSystemTicks                                           
000056d3  ClockP_setTimeout                                               
000056d7  ClockP_start                                                    
000056db  ClockP_stop                                                     
200017b4  ClockP_tickPeriod                                               
00005bf0  GPIOCC26XX_config                                               
0000451d  GPIO_hwiIntFxn                                                  
00002185  GPIO_init                                                       
00004025  GPIO_setCallback                                                
000010a1  GPIO_setConfig                                                  
0000374d  GPIO_write                                                      
00001000  HEAPSIZE                                                        
000035ed  HOSTwrite                                                       
00005393  HwiP_Params_init                                                
00003fe5  HwiP_construct                                                  
000056df  HwiP_disable                                                    
000056a5  HwiP_restore                                                    
000054fb  NOROM_CPUcpsid                                                  
00005507  NOROM_CPUcpsie                                                  
00005693  NOROM_CPUdelay                                                  
00004819  NOROM_ChipInfo_GetChipFamily                                    
000049d1  NOROM_ChipInfo_GetChipType                                      
000050e5  NOROM_ChipInfo_GetPackageType                                   
00002f35  NOROM_OSCHF_AttemptToSwitchToXosc                               
00003d49  NOROM_OSCHF_SwitchToRcOscTurnOffXosc                            
00004ac1  NOROM_OSCHF_TurnOnXosc                                          
00004061  NOROM_OSC_HPOSCRelativeFrequencyOffsetGet                       
00005513  NOROM_OSC_HPOSCRelativeFrequencyOffsetToRFCoreFormatConvert     
000020d9  NOROM_SetupTrimDevice                                           
00002d75  NOROM_SysCtrlAdjustRechargeAfterPowerDown                       
0000057d  NOROM_SysCtrlSetRechargeBeforePowerDown                         
00003079  NOROM_SysCtrl_DCDC_VoltageConditionalControl                    
000054b5  NOROM_ThisLibraryIsFor_CC26x0R2_HaltIfViolated                  
000053a5  PINCC26XX_getPinCount                                           
00005c2c  PINCC26XX_hwAttrs                                               
000030e1  PIN_add                                                         
00004e95  PIN_close                                                       
0000079d  PIN_init                                                        
00002379  PIN_open                                                        
0000551f  PIN_registerIntCb                                               
00003645  PIN_remove                                                      
00004151  PIN_setConfig                                                   
00004189  PIN_setOutputValue                                              
00003535  PowerCC26XX_RCOSC_clockFunc                                     
0000003d  PowerCC26XX_auxISR                                              
00003415  PowerCC26XX_calibrate                                           
00005b7c  PowerCC26XX_config                                              
0000094d  PowerCC26XX_doCalibrate                                         
00002fa1  PowerCC26XX_initiateCalibration                                 
200029c4  PowerCC26XX_module                                              
000050fd  PowerCC26XX_schedulerDisable                                    
00005115  PowerCC26XX_schedulerRestore                                    
000015b9  PowerCC26XX_standbyPolicy                                       
200017a0  PowerCC26XX_swiKey                                              
2000179c  PowerCC26XX_taskKey                                             
0000552d  Power_getConstraintMask                                         
00005539  Power_getDependencyCount                                        
00004eb3  Power_getTransitionLatency                                      
0000512d  Power_idleFunc                                                  
00000c19  Power_init                                                      
00004349  Power_releaseConstraint                                         
00001d3d  Power_releaseDependency                                         
[...]
00005713  ti_sysbios_heaps_HeapMem_Module_GateProxy_leave__E              
00005717  ti_sysbios_knl_Clock_TimerProxy_getCurrentTick__E               
0000571b  ti_sysbios_knl_Clock_TimerProxy_getMaxTicks__E                  
0000571f  ti_sysbios_knl_Clock_TimerProxy_setNextTick__E                  
00005723  ti_sysbios_knl_Clock_removeI__E                                 
00005727  ti_sysbios_knl_Clock_setTimeout__E                              
0000572b  ti_sysbios_knl_Queue_head__E                                    
0000572f  ti_sysbios_knl_Queue_next__E                                    
00005733  ti_sysbios_knl_Semaphore_delete                                 
00005737  ti_sysbios_knl_Swi_postInit__I                                  
0000573b  ti_sysbios_knl_Task_startup__E                                  
0000573f  ti_uia_loggers_LoggerStopMode_getContents__E                    
00005743  ti_uia_loggers_LoggerStopMode_getFilterLevel__E                 
00005747  ti_uia_loggers_LoggerStopMode_getInstanceId__E                  
0000574b  ti_uia_loggers_LoggerStopMode_getMaxLength__E                   
0000574f  ti_uia_loggers_LoggerStopMode_getPriority__E                    
00005753  ti_uia_loggers_LoggerStopMode_getTransferType__E                
00005757  xdc_runtime_System_Module_GateProxy_enter__E                    
0000575b  xdc_runtime_System_Module_GateProxy_leave__E                    
0000575f  xdc_runtime_Error_policySpin__E                                 
00005761  xdc_runtime_System_abortSpin__E                                 
00005763  xdc_runtime_System_exitSpin__E                                  
00005764  ti_uia_loggers_LoggerStopMode_Module__FXNS__C                   
000057c4  resourceDB                                                      
00005810  inPinTypes                                                      
0000581c  outPinStrengths                                                 
00005828  outPinTypes                                                     
00005850  ti_sysbios_knl_Task_Object__PARAMS__C                           
0000588c  ti_sysbios_family_arm_m3_Hwi_Object__PARAMS__C                  
000058bc  BoardGpioInitTable                                              
000058e8  ti_sysbios_heaps_HeapMem_Module__FXNS__C                        
00005910  ti_sysbios_knl_Swi_Object__PARAMS__C                            
00005938  ti_uia_loggers_LoggerStopMode_Object__PARAMS__C                 
00005960  xdc_runtime_Startup_sfxnTab__A                                  
00005988  ti_sysbios_gates_GateHwi_Module__FXNS__C                        
000059ac  ti_sysbios_gates_GateMutex_Module__FXNS__C                      
000059d0  ti_sysbios_heaps_HeapMem_Object__PARAMS__C                      
000059f4  ti_sysbios_knl_Clock_Object__PARAMS__C                          
00005a18  ti_sysbios_knl_Semaphore_Object__PARAMS__C                      
00005a3c  ti_sysbios_family_arm_m3_Hwi_Object__DESC__C                    
00005a5c  ti_sysbios_gates_GateHwi_Object__DESC__C                        
00005a7c  ti_sysbios_gates_GateMutex_Object__DESC__C                      
00005a9c  ti_sysbios_heaps_HeapMem_Object__DESC__C                        
00005abc  ti_sysbios_knl_Clock_Object__DESC__C                            
00005adc  ti_sysbios_knl_Queue_Object__DESC__C                            
00005afc  ti_sysbios_knl_Semaphore_Object__DESC__C                        
00005b1c  ti_sysbios_knl_Swi_Object__DESC__C                              
00005b3c  ti_sysbios_knl_Task_Object__DESC__C                             
00005b5c  ti_uia_loggers_LoggerStopMode_Object__DESC__C                   
00005b7c  PowerCC26XX_config                                              
00005b94  ti_sysbios_gates_GateHwi_Object__PARAMS__C                      
00005bac  ti_sysbios_gates_GateMutex_Object__PARAMS__C                    
00005bc4  ti_sysbios_knl_Queue_Object__PARAMS__C                          
00005bf0  GPIOCC26XX_config                                               
00005c04  xdc_runtime_Startup_sfxnRts__A                                  
00005c18  xdc_runtime_Startup_firstFxns__A                                
00005c2c  PINCC26XX_hwAttrs                                               
00005c34  ti_sysbios_knl_Idle_funcList__C                                 
00005c3c  xdc_runtime_Startup_firstFxns__C                                
00005c44  xdc_runtime_Startup_lastFxns__C                                 
00005c4c  ti_sysbios_family_arm_cc26xx_Timer_funcHookCH1__C               
00005c50  ti_sysbios_family_arm_cc26xx_Timer_funcHookCH2__C               
00005c54  ti_sysbios_family_arm_cc26xx_Timer_startupNeeded__C             
00005c58  ti_sysbios_family_arm_m3_Hwi_E_alreadyDefined__C                
00005c5c  ti_sysbios_family_arm_m3_Hwi_LD_end__C                          
00005c60  ti_sysbios_family_arm_m3_Hwi_LM_begin__C                        
00005c64  ti_sysbios_family_arm_m3_Hwi_Module__diagsEnabled__C            
00005c68  ti_sysbios_family_arm_m3_Hwi_Module__diagsIncluded__C           
00005c6c  ti_sysbios_family_arm_m3_Hwi_Module__diagsMask__C               
00005c70  ti_sysbios_family_arm_m3_Hwi_Module__loggerFxn1__C              
00005c74  ti_sysbios_family_arm_m3_Hwi_Module__loggerFxn8__C              
00005c78  ti_sysbios_family_arm_m3_Hwi_Module__loggerObj__C               
00005c7c  ti_sysbios_family_arm_m3_Hwi_NUM_INTERRUPTS__C                  
00005c80  ti_sysbios_family_arm_m3_Hwi_Object__count__C                   
00005c84  ti_sysbios_family_arm_m3_Hwi_ccr__C                             
00005c88  ti_sysbios_family_arm_m3_Hwi_excHandlerFunc__C                  
00005c8c  ti_sysbios_family_arm_m3_Hwi_nullIsrFunc__C                     
00005c90  ti_sysbios_family_arm_m3_Hwi_priGroup__C                        
00005c94  ti_sysbios_family_arm_m3_TaskSupport_stackAlignment__C          
00005c98  ti_sysbios_gates_GateMutex_Instance_State_sem__O                
00005c9c  ti_sysbios_heaps_HeapMem_E_memory__C                            
00005ca0  ti_sysbios_heaps_HeapMem_Module__gateObj__C                     
00005ca4  ti_sysbios_heaps_HeapMem_Object__count__C                       
00005ca8  ti_sysbios_heaps_HeapMem_primaryHeapBaseAddr__C                 
00005cac  ti_sysbios_heaps_HeapMem_primaryHeapEndAddr__C                  
00005cb0  ti_sysbios_heaps_HeapMem_reqAlign__C                            
00005cb4  ti_sysbios_knl_Clock_LM_begin__C                                
00005cb8  ti_sysbios_knl_Clock_LM_tick__C                                 
00005cbc  ti_sysbios_knl_Clock_Module_State_clockQ__O                     
00005cc0  ti_sysbios_knl_Clock_Module__diagsEnabled__C                    
00005cc4  ti_sysbios_knl_Clock_Module__diagsIncluded__C                   
00005cc8  ti_sysbios_knl_Clock_Module__diagsMask__C                       
00005ccc  ti_sysbios_knl_Clock_Module__loggerFxn1__C                      
00005cd0  ti_sysbios_knl_Clock_Module__loggerFxn2__C                      
00005cd4  ti_sysbios_knl_Clock_Module__loggerObj__C                       
00005cd8  ti_sysbios_knl_Clock_tickPeriod__C                              
00005cdc  ti_sysbios_knl_Clock_triggerClock__C                            
00005ce0  ti_sysbios_knl_Idle_funcList__A                                 
00005ce4  ti_sysbios_knl_Semaphore_Instance_State_pendQ__O                
00005ce8  ti_sysbios_knl_Semaphore_LM_pend__C                             
00005cec  ti_sysbios_knl_Semaphore_LM_post__C                             
00005cf0  ti_sysbios_knl_Semaphore_Module__diagsEnabled__C                
00005cf4  ti_sysbios_knl_Semaphore_Module__diagsIncluded__C               
00005cf8  ti_sysbios_knl_Semaphore_Module__diagsMask__C                   
00005cfc  ti_sysbios_knl_Semaphore_Module__loggerFxn2__C                  
00005d00  ti_sysbios_knl_Semaphore_Module__loggerFxn4__C                  
00005d04  ti_sysbios_knl_Semaphore_Module__loggerObj__C                   
00005d08  ti_sysbios_knl_Swi_LD_end__C                                    
00005d0c  ti_sysbios_knl_Swi_LM_begin__C                                  
00005d10  ti_sysbios_knl_Swi_LM_post__C                                   
00005d14  ti_sysbios_knl_Swi_Module__diagsEnabled__C                      
00005d18  ti_sysbios_knl_Swi_Module__diagsIncluded__C                     
00005d1c  ti_sysbios_knl_Swi_Module__diagsMask__C                         
00005d20  ti_sysbios_knl_Swi_Module__loggerFxn1__C                        
00005d24  ti_sysbios_knl_Swi_Module__loggerFxn4__C                        
00005d28  ti_sysbios_knl_Swi_Module__loggerObj__C                         
00005d2c  ti_sysbios_knl_Swi_Object__count__C                             
00005d30  ti_sysbios_knl_Task_LD_block__C                                 
00005d34  ti_sysbios_knl_Task_LD_exit__C                                  
00005d38  ti_sysbios_knl_Task_LD_ready__C                                 
00005d3c  ti_sysbios_knl_Task_LM_sleep__C                                 
00005d40  ti_sysbios_knl_Task_LM_switch__C                                
00005d44  ti_sysbios_knl_Task_Module_State_inactiveQ__O                   
00005d48  ti_sysbios_knl_Task_Module__diagsEnabled__C                     
00005d4c  ti_sysbios_knl_Task_Module__diagsIncluded__C                    
00005d50  ti_sysbios_knl_Task_Module__diagsMask__C                        
00005d54  ti_sysbios_knl_Task_Module__loggerFxn2__C                       
00005d58  ti_sysbios_knl_Task_Module__loggerFxn4__C                       
00005d5c  ti_sysbios_knl_Task_Module__loggerObj__C                        
00005d60  ti_sysbios_knl_Task_Object__count__C                            
00005d64  ti_sysbios_knl_Task_allBlockedFunc__C                           
00005d68  ti_sysbios_knl_Task_defaultStackHeap__C                         
00005d6c  ti_sysbios_knl_Task_defaultStackSize__C                         
00005d70  ti_sysbios_knl_Task_numConstructedTasks__C                      
00005d74  ti_uia_loggers_LoggerStopMode_Module__diagsEnabled__C           
00005d78  ti_uia_loggers_LoggerStopMode_Module__diagsIncluded__C          
00005d7c  ti_uia_loggers_LoggerStopMode_Module__diagsMask__C              
00005d80  ti_uia_loggers_LoggerStopMode_Object__count__C                  
00005d84  ti_uia_runtime_ILoggerSnapshot_Interface__BASE__C               
00005d88  ti_uia_runtime_IUIATransfer_Interface__BASE__C                  
00005d8c  xdc_runtime_Assert_E_assertFailed__C                            
00005d90  xdc_runtime_Error_E_memory__C                                   
00005d94  xdc_runtime_Error_policyFxn__C                                  
00005d98  xdc_runtime_IFilterLogger_Interface__BASE__C                    
00005d9c  xdc_runtime_IGateProvider_Interface__BASE__C                    
00005da0  xdc_runtime_IHeap_Interface__BASE__C                            
00005da4  xdc_runtime_ILogger_Interface__BASE__C                          
00005da8  xdc_runtime_IModule_Interface__BASE__C                          
00005dac  xdc_runtime_Memory_defaultHeapInstance__C                       
00005db0  xdc_runtime_Startup_execImpl__C                                 
00005db4  xdc_runtime_Startup_maxPasses__C                                
00005db8  xdc_runtime_Startup_sfxnRts__C                                  
00005dbc  xdc_runtime_Startup_sfxnTab__C                                  
00005dc0  xdc_runtime_SysMin_bufSize__C                                   
00005dc4  xdc_runtime_SysMin_outputFunc__C                                
00005dc8  xdc_runtime_System_Module__gateObj__C                           
00005dcc  xdc_runtime_System_abortFxn__C                                  
00005dd0  xdc_runtime_System_exitFxn__C                                   
00005dd4  xdc_runtime_System_maxAtexitHandlers__C                         
00005dd8  xdc_runtime_Text_charTab__C                                     
00005ddc  ti_sysbios_family_arm_cc26xx_TimestampProvider_useClockTimer__C 
00005dde  ti_sysbios_family_arm_m3_Hwi_Module__id__C                      
00005de0  ti_sysbios_family_arm_m3_Hwi_Module__loggerDefined__C           
00005de2  ti_sysbios_heaps_HeapMem_Module__id__C                          
00005de4  ti_sysbios_knl_Clock_Module__id__C                              
00005de6  ti_sysbios_knl_Clock_Module__loggerDefined__C                   
00005de8  ti_sysbios_knl_Semaphore_Module__id__C                          
00005dea  ti_sysbios_knl_Semaphore_Module__loggerDefined__C               
00005dec  ti_sysbios_knl_Swi_Module__id__C                                
00005dee  ti_sysbios_knl_Swi_Module__loggerDefined__C                     
00005df0  ti_sysbios_knl_Task_Module__id__C                               
00005df2  ti_sysbios_knl_Task_Module__loggerDefined__C                    
00005df4  ti_uia_loggers_LoggerStopMode_Module__id__C                     
00005df6  ti_uia_loggers_LoggerStopMode_isTimestampEnabled__C             
00005df8  xdc_runtime_Memory_Module__id__C                                
00005dfa  xdc_runtime_SysMin_flushAtExit__C                               
00005dfc  xdc_runtime_Text_isLoaded__C                                    
00005dfe  xdc_runtime_Error_policy__C                                     
00005dff  xdc_runtime_Text_charTab__A                                     
00005e00  __TI_static_base__                                              
00005fac  __TI_Handler_Table_Base                                         
00005fb8  __TI_Handler_Table_Limit                                        
00005fc0  __TI_CINIT_Base                                                 
00005fd0  __TI_CINIT_Limit                                                
0001ffa8  __ccfg                                                          
20000000  __start___llvm_prf_cnts                                         
20000000  __stop___llvm_prf_cnts                                          
20000000  ti_sysbios_family_arm_m3_Hwi_ramVectors                         
20000900  ti_uia_loggers_LoggerStopMode_Instance_State_0_packetArray__A   
20000d00  ti_uia_loggers_LoggerStopMode_Instance_State_1_packetArray__A   
20001100  ti_sysbios_knl_Task_Instance_State_0_stack__A                   
20001300  xdc_runtime_SysMin_Module_State_0_outbuf__A                     
20001500  __CIOBUF_                                                       
20001620  ti_sysbios_family_arm_m3_Hwi_dispatchTable                      
200016e8  urgentWorkTask                                                  
20001738  workTask                                                        
2000179c  PowerCC26XX_taskKey                                             
200017a0  PowerCC26XX_swiKey                                              
200017ac  parmbuf                                                         
200017b4  ClockP_tickPeriod                                               
200017b8  driverlib_release_0_60062                                       
20001800  ti_uia_loggers_LoggerStopMode_Instance_State_0_hdr__A           
20001880  ti_uia_loggers_LoggerStopMode_Instance_State_1_hdr__A           
200018b0  __primary_heap_start__                                          
200028b0  __primary_heap_end__                                            
200028b0  pinUpperBound                                                   
200028b4  pinLowerBound                                                   
20002948  pinHandleTable                                                  
200029c4  PowerCC26XX_module                                              
20002ad8  ti_uia_loggers_LoggerStopMode_Object__table__V                  
20002b40  ti_sysbios_knl_Task_Object__table__V                            
20002b8c  main_func_sp                                                    
20002b90  ti_sysbios_family_arm_cc26xx_Timer_Object__table__V             
20002bd8  ti_sysbios_knl_Task_Module__state__V                            
20002c5c  ti_sysbios_gates_GateMutex_Object__table__V                     
20002c94  ti_sysbios_family_arm_m3_Hwi_Module__state__V                   
20002cc8  gpioPinConfigs                                                  
20002cf8  ti_sysbios_knl_Swi_Module_State_0_readyQ__A                     
20002d28  ti_sysbios_knl_Swi_Object__table__V                             
20002d58  ti_sysbios_knl_Clock_Module__state__V                           
20002d84  ti_sysbios_BIOS_Module__state__V                                
20002da8  ti_sysbios_knl_Clock_Object__table__V                           
20002dc8  ti_sysbios_knl_Task_Module_State_0_readyQ__A                    
20002de8  xdc_runtime_Error_IgnoreBlock                                   
20002e08  ti_sysbios_knl_Swi_Module__state__V                             
20002e24  ti_sysbios_family_arm_m3_Hwi_Object__table__V                   
20002e3c  ti_sysbios_heaps_HeapMem_Object__table__V                       
20002e54  gpioCallbackFunctions                                           
20002e64  ti_sysbios_knl_Task_Module__root__V                             
20002e70  ti_uia_runtime_QueueDescriptor_Module__state__V                 
20002e7c  xdc_runtime_SysMin_Module__state__V                             
20002e88  _lock                                                           
20002e8c  _unlock                                                         
20002e90  ti_uia_runtime_QueueDescriptor_gPtrToFirstDescriptor            
20002e94  ti_uia_runtime_QueueDescriptor_gUpdateCount                     
20002e98  ti_sysbios_family_arm_cc26xx_Timer_Module__state__V             
20002ea0  ti_sysbios_family_arm_m3_Hwi_Module__root__V                    
20002ea8  ti_sysbios_gates_GateHwi_Module__root__V                        
20002eb0  ti_sysbios_gates_GateMutex_Module__root__V                      
20002eb8  ti_sysbios_heaps_HeapMem_Module__root__V                        
20002ec0  ti_sysbios_knl_Clock_Module__root__V                            
20002ec8  ti_sysbios_knl_Queue_Module__root__V                            
20002ed0  ti_sysbios_knl_Semaphore_Module__root__V                        
20002ed8  ti_sysbios_knl_Swi_Module__root__V                              
20002ee0  ti_uia_loggers_LoggerStopMode_Module__root__V                   
20002ee8  xdc_runtime_Startup_Module__state__V                            
20002ef0  xdc_runtime_System_Module_State_0_atexitHandlers__A             
20002ef8  xdc_runtime_System_Module__state__V                             
20002f00  ti_sysbios_family_arm_cc26xx_TimestampProvider_Module__state__V 
20002f04  ti_sysbios_family_arm_m3_Hwi_Module_State_0_excContext__A       
20002f08  ti_sysbios_family_arm_m3_Hwi_Module_State_0_excStack__A         
20002f0c  ti_sysbios_gates_GateHwi_Object__table__V                       
20002f10  ti_sysbios_knl_Task_Module_State_0_idleTask__A                  
20002f14  xdc_runtime_Memory_Module__state__V                             
20002f18  ti_sysbios_family_arm_m3_Hwi_Module_State_0_excActive__A        
20004c00  __stack                                                         
20005000  __STACK_END                                                     
e000e000  ti_sysbios_family_arm_m3_Hwi_nvic                               
ffffffff  __TI_pprof_out_hndl                                             
ffffffff  __TI_prof_data_size                                             
ffffffff  __TI_prof_data_start                                            
ffffffff  __binit__                                                       
ffffffff  __c_args__                                                      
ffffffff  binit                                                           
UNDEFED   SHT$$INIT_ARRAY$$Base                                           
UNDEFED   SHT$$INIT_ARRAY$$Limit                                          

[660 symbols]
